Archive member included to satisfy reference by file (symbol)

c:/apps/atollic/truestudio for arm 5.5.1/armtools/bin/../lib/gcc/arm-atollic-eabi/5.3.1/../../../../arm-atollic-eabi/lib/armv7e-m/fpu\libc_nano.a(lib_a-malloc.o)
                              src\main.o (malloc)
c:/apps/atollic/truestudio for arm 5.5.1/armtools/bin/../lib/gcc/arm-atollic-eabi/5.3.1/../../../../arm-atollic-eabi/lib/armv7e-m/fpu\libc_nano.a(lib_a-nano-freer.o)
                              c:/apps/atollic/truestudio for arm 5.5.1/armtools/bin/../lib/gcc/arm-atollic-eabi/5.3.1/../../../../arm-atollic-eabi/lib/armv7e-m/fpu\libc_nano.a(lib_a-malloc.o) (_free_r)
c:/apps/atollic/truestudio for arm 5.5.1/armtools/bin/../lib/gcc/arm-atollic-eabi/5.3.1/../../../../arm-atollic-eabi/lib/armv7e-m/fpu\libc_nano.a(lib_a-nano-mallocr.o)
                              c:/apps/atollic/truestudio for arm 5.5.1/armtools/bin/../lib/gcc/arm-atollic-eabi/5.3.1/../../../../arm-atollic-eabi/lib/armv7e-m/fpu\libc_nano.a(lib_a-malloc.o) (_malloc_r)
c:/apps/atollic/truestudio for arm 5.5.1/armtools/bin/../lib/gcc/arm-atollic-eabi/5.3.1/../../../../arm-atollic-eabi/lib/armv7e-m/fpu\libc_nano.a(lib_a-reent.o)
                              src\syscalls.o (errno)
c:/apps/atollic/truestudio for arm 5.5.1/armtools/bin/../lib/gcc/arm-atollic-eabi/5.3.1/../../../../arm-atollic-eabi/lib/armv7e-m/fpu\libc_nano.a(lib_a-sbrkr.o)
                              c:/apps/atollic/truestudio for arm 5.5.1/armtools/bin/../lib/gcc/arm-atollic-eabi/5.3.1/../../../../arm-atollic-eabi/lib/armv7e-m/fpu\libc_nano.a(lib_a-nano-mallocr.o) (_sbrk_r)
c:/apps/atollic/truestudio for arm 5.5.1/armtools/bin/../lib/gcc/arm-atollic-eabi/5.3.1/../../../../arm-atollic-eabi/lib/armv7e-m/fpu\libc_nano.a(lib_a-strlen.o)
                              src\tiny_printf.o (strlen)
c:/apps/atollic/truestudio for arm 5.5.1/armtools/bin/../lib/gcc/arm-atollic-eabi/5.3.1/../../../../arm-atollic-eabi/lib/armv7e-m/fpu\libc_nano.a(lib_a-impure.o)
                              c:/apps/atollic/truestudio for arm 5.5.1/armtools/bin/../lib/gcc/arm-atollic-eabi/5.3.1/../../../../arm-atollic-eabi/lib/armv7e-m/fpu\libc_nano.a(lib_a-malloc.o) (_impure_ptr)
c:/apps/atollic/truestudio for arm 5.5.1/armtools/bin/../lib/gcc/arm-atollic-eabi/5.3.1/../../../../arm-atollic-eabi/lib/armv7e-m/fpu\libc_nano.a(lib_a-mlock.o)
                              c:/apps/atollic/truestudio for arm 5.5.1/armtools/bin/../lib/gcc/arm-atollic-eabi/5.3.1/../../../../arm-atollic-eabi/lib/armv7e-m/fpu\libc_nano.a(lib_a-nano-freer.o) (__malloc_lock)
..\Libraries\libBSP.a(stm32f4xx_usart.o)
                              src\syscalls.o (USART_SendData)
..\Libraries\libBSP.a(stm32f4xx_rcc.o)
                              ..\Libraries\libBSP.a(stm32f4xx_usart.o) (RCC_GetClocksFreq)
..\Libraries\libBSP.a(misc.o)
                              src\main.o (NVIC_PriorityGroupConfig)
..\Libraries\libBSP.a(system_stm32f4xx.o)
                              src\startup.o (SystemInit)
..\Libraries\libBSP.a(ssd1963.o)
                              src\main.o (SSD1963_Init)
..\Libraries\libBSP.a(carme.o)
                              src\startup.o (CARME_Init)
..\Libraries\libBSP.a(can.o)  src\main.o (CARME_CAN_InitI)
..\Libraries\libBSP.a(stm32f4xx_syscfg.o)
                              ..\Libraries\libBSP.a(can.o) (SYSCFG_EXTILineConfig)
..\Libraries\libBSP.a(stm32f4xx_gpio.o)
                              ..\Libraries\libBSP.a(carme.o) (GPIO_DeInit)
..\Libraries\libBSP.a(stm32f4xx_fsmc.o)
                              ..\Libraries\libBSP.a(carme.o) (FSMC_NORSRAMDeInit)
..\Libraries\libBSP.a(stm32f4xx_exti.o)
                              ..\Libraries\libBSP.a(can.o) (EXTI_Init)
..\Libraries\libBSP.a(ssd1963_lld.o)
                              ..\Libraries\libBSP.a(ssd1963.o) (SSD1963_LLD_Init)
..\Libraries\libsGUI.a(text.o)
                              src\main.o (LCD_SetFont)
..\Libraries\libsGUI.a(geometry.o)
                              ..\Libraries\libsGUI.a(text.o) (LCD_DrawRectF)
..\Libraries\libsGUI.a(font.o)
                              src\main.o (font_4x6)
..\Libraries\libFreeRTOS.a(tasks.o)
                              src\main.o (xTaskGenericCreate)
..\Libraries\libFreeRTOS.a(queue.o)
                              src\main.o (xQueueGenericCreate)
..\Libraries\libFreeRTOS.a(heap_4.o)
                              ..\Libraries\libFreeRTOS.a(tasks.o) (pvPortMalloc)
..\Libraries\libFreeRTOS.a(port.o)
                              ..\Libraries\libFreeRTOS.a(tasks.o) (pxPortInitialiseStack)
..\Libraries\libFreeRTOS.a(list.o)
                              ..\Libraries\libFreeRTOS.a(tasks.o) (vListInitialise)
..\Libraries\libFreeRTOS.a(timers.o)
                              ..\Libraries\libFreeRTOS.a(tasks.o) (xTimerCreateTimerTask)
c:/apps/atollic/truestudio for arm 5.5.1/armtools/bin/../lib/gcc/arm-atollic-eabi/5.3.1/../../../../arm-atollic-eabi/lib/armv7e-m/fpu\libc.a(lib_a-memcmp.o)
[...]
Memory Configuration

Name             Origin             Length             Attributes
FLASH            0x08000000         0x00100000         xr
RAM              0x20000000         0x00020000         xrw
MEMORY_B1        0x60000000         0x00000000         xr
CCMRAM           0x10000000         0x00010000         rw
*default*        0x00000000         0xffffffff

Linker script and memory map

LOAD c:/apps/atollic/truestudio for arm 5.5.1/armtools/bin/../lib/gcc/arm-atollic-eabi/5.3.1/armv7e-m/fpu/crti.o
LOAD c:/apps/atollic/truestudio for arm 5.5.1/armtools/bin/../lib/gcc/arm-atollic-eabi/5.3.1/armv7e-m/fpu/crtbegin.o
LOAD src\tiny_printf.o
LOAD src\syscalls.o
LOAD src\startup.o
LOAD src\main.o
START GROUP
LOAD c:/apps/atollic/truestudio for arm 5.5.1/armtools/bin/../lib/gcc/arm-atollic-eabi/5.3.1/../../../../arm-atollic-eabi/lib/armv7e-m/fpu\libc_nano.a
LOAD c:/apps/atollic/truestudio for arm 5.5.1/armtools/bin/../lib/gcc/arm-atollic-eabi/5.3.1/../../../../arm-atollic-eabi/lib/armv7e-m/fpu\libm.a
END GROUP
                0x00000080                malloc_getpagesize_P = 0x80
START GROUP
LOAD c:/apps/atollic/truestudio for arm 5.5.1/armtools/bin/../lib/gcc/arm-atollic-eabi/5.3.1/armv7e-m/fpu\libgcc.a
LOAD c:/apps/atollic/truestudio for arm 5.5.1/armtools/bin/../lib/gcc/arm-atollic-eabi/5.3.1/../../../../arm-atollic-eabi/lib/armv7e-m/fpu\libc_nano.a
END GROUP
START GROUP
LOAD c:/apps/atollic/truestudio for arm 5.5.1/armtools/bin/../lib/gcc/arm-atollic-eabi/5.3.1/armv7e-m/fpu\libgcc.a
LOAD c:/apps/atollic/truestudio for arm 5.5.1/armtools/bin/../lib/gcc/arm-atollic-eabi/5.3.1/../../../../arm-atollic-eabi/lib/armv7e-m/fpu\libc_nano.a
LOAD c:/apps/atollic/truestudio for arm 5.5.1/armtools/bin/../lib/gcc/arm-atollic-eabi/5.3.1/../../../../arm-atollic-eabi/lib/armv7e-m/fpu\libnosys.a
END GROUP
START GROUP
LOAD c:/apps/atollic/truestudio for arm 5.5.1/armtools/bin/../lib/gcc/arm-atollic-eabi/5.3.1/armv7e-m/fpu\libgcc.a
LOAD c:/apps/atollic/truestudio for arm 5.5.1/armtools/bin/../lib/gcc/arm-atollic-eabi/5.3.1/../../../../arm-atollic-eabi/lib/armv7e-m/fpu\libc_nano.a
LOAD c:/apps/atollic/truestudio for arm 5.5.1/armtools/bin/../lib/gcc/arm-atollic-eabi/5.3.1/../../../../arm-atollic-eabi/lib/armv7e-m/fpu\libnosys.a
END GROUP
LOAD c:/apps/atollic/truestudio for arm 5.5.1/armtools/bin/../lib/gcc/arm-atollic-eabi/5.3.1/armv7e-m/fpu/crtend.o
LOAD c:/apps/atollic/truestudio for arm 5.5.1/armtools/bin/../lib/gcc/arm-atollic-eabi/5.3.1/armv7e-m/fpu/crtn.o
LOAD ..\Libraries\libBSP.a
LOAD ..\Libraries\libsGUI.a
LOAD ..\Libraries\libFreeRTOS.a
                0x20020000                _estack = 0x20020000
                0x00001000                _Min_Heap_Size = 0x1000
                0x00001000                _Min_Stack_Size = 0x1000

.isr_vector     0x08000000      0x188
                0x08000000                . = ALIGN (0x4)
 *(.isr_vector)
 .isr_vector    0x08000000      0x188 src\startup.o
                0x08000000                g_pfnVectors
                0x08000188                . = ALIGN (0x4)

.text           0x08000188     0x4ebc
                0x08000188                . = ALIGN (0x4)
 *(.text)
 .text          0x08000188       0x40 c:/apps/atollic/truestudio for arm 5.5.1/armtools/bin/../lib/gcc/arm-atollic-eabi/5.3.1/armv7e-m/fpu/crtbegin.o
 *(.text*)
 .text._sbrk    0x080001c8       0x68 src\syscalls.o
                0x080001c8                _sbrk
 .text.Reset_Handler
                0x08000230       0x48 src\startup.o
                0x08000230                Reset_Handler
 .text.Default_Handler
                0x08000278       0x20 src\startup.o
                0x08000280                RTC_Alarm_IRQHandler
                0x08000280                HASH_RNG_IRQHandler
                0x08000280                EXTI2_IRQHandler
                0x08000280                TIM8_CC_IRQHandler
                0x08000280                DebugMon_Handler
                0x08000280                TIM1_CC_IRQHandler
                0x08000280                DMA2_Stream5_IRQHandler
                0x08000280                HardFault_Handler
                0x08000280                DMA1_Stream5_IRQHandler
                0x08000280                PVD_IRQHandler
                0x08000280                SDIO_IRQHandler
                0x08000280                TAMP_STAMP_IRQHandler
                0x08000280                NMI_Handler
                0x08000280                CAN2_RX1_IRQHandler
                0x08000280                EXTI3_IRQHandler
                0x08000280                TIM8_TRG_COM_TIM14_IRQHandler
                0x08000280                TIM1_UP_TIM10_IRQHandler
                0x08000280                TIM8_UP_TIM13_IRQHandler
                0x08000280                I2C3_ER_IRQHandler
                0x08000280                EXTI0_IRQHandler
                0x08000280                I2C2_EV_IRQHandler
                0x08000280                DMA1_Stream2_IRQHandler
                0x08000280                CAN1_RX0_IRQHandler
                0x08000280                FPU_IRQHandler
                0x08000280                OTG_HS_WKUP_IRQHandler
                0x08000280                UsageFault_Handler
                0x08000280                CAN2_SCE_IRQHandler
                0x08000280                DMA2_Stream2_IRQHandler
                0x08000280                SPI1_IRQHandler
                0x08000280                TIM6_DAC_IRQHandler
                0x08000280                TIM1_BRK_TIM9_IRQHandler
                0x08000280                DCMI_IRQHandler
                0x08000280                CAN2_RX0_IRQHandler
                0x08000280                DMA2_Stream3_IRQHandler
                0x08000280                USART6_IRQHandler
                0x08000280                USART3_IRQHandler
                0x08000280                CRYP_IRQHandler
                0x08000280                CAN1_RX1_IRQHandler
                0x08000280                UART5_IRQHandler
                0x08000280                DMA2_Stream0_IRQHandler
                0x08000280                vApplicationMallocFailedHook
                0x08000280                TIM4_IRQHandler
                0x08000280                I2C1_EV_IRQHandler
                0x08000280                DMA1_Stream6_IRQHandler
                0x08000280                DMA1_Stream1_IRQHandler
                0x08000280                UART4_IRQHandler
                0x08000280                TIM3_IRQHandler
                0x08000280                RCC_IRQHandler
                0x08000280                TIM8_BRK_TIM12_IRQHandler
                0x08000280                Default_Handler
                0x08000280                EXTI15_10_IRQHandler
                0x08000280                ADC_IRQHandler
                0x08000280                DMA1_Stream7_IRQHandler
                0x08000280                TIM7_IRQHandler
                0x08000280                CAN2_TX_IRQHandler
                0x08000280                TIM5_IRQHandler
                0x08000280                DMA2_Stream7_IRQHandler
                0x08000280                I2C3_EV_IRQHandler
                0x08000280                vApplicationStackOverflowHook
                0x08000280                RTC_WKUP_IRQHandler
                0x08000280                ETH_WKUP_IRQHandler
                0x08000280                SPI2_IRQHandler
                0x08000280                OTG_HS_EP1_IN_IRQHandler
                0x08000280                MemManage_Handler
                0x08000280                DMA1_Stream0_IRQHandler
                0x08000280                CAN1_TX_IRQHandler
                0x08000280                EXTI4_IRQHandler
                0x08000280                FSMC_IRQHandler
                0x08000280                ETH_IRQHandler
                0x08000280                OTG_HS_EP1_OUT_IRQHandler
                0x08000280                WWDG_IRQHandler
                0x08000280                TIM2_IRQHandler
                0x08000280                OTG_FS_WKUP_IRQHandler
                0x08000280                TIM1_TRG_COM_TIM11_IRQHandler
                0x08000280                OTG_HS_IRQHandler
                0x08000280                EXTI1_IRQHandler
                0x08000280                USART2_IRQHandler
                0x08000280                I2C2_ER_IRQHandler
                0x08000280                DMA2_Stream1_IRQHandler
                0x08000280                CAN1_SCE_IRQHandler
                0x08000280                FLASH_IRQHandler
                0x08000280                DMA2_Stream4_IRQHandler
                0x08000280                BusFault_Handler
                0x08000280                USART1_IRQHandler
                0x08000280                OTG_FS_IRQHandler
                0x08000280                SPI3_IRQHandler
                0x08000280                DMA1_Stream4_IRQHandler
                0x08000280                I2C1_ER_IRQHandler
                0x08000280                DMA2_Stream6_IRQHandler
                0x08000280                DMA1_Stream3_IRQHandler
 .text.LCD_Init
                0x08000298        0xc src\main.o
 .text.main     0x080002a4      0x198 src\main.o
                0x080002a4                main
 .text.TestTask
                0x0800043c       0x80 src\main.o
                0x0800043c                TestTask
 .text.readCanMessageIRQ
                0x080004bc       0x50 src\main.o
                0x080004bc                readCanMessageIRQ
 .text.malloc   0x0800050c       0x10 c:/apps/atollic/truestudio for arm 5.5.1/armtools/bin/../lib/gcc/arm-atollic-eabi/5.3.1/../../../../arm-atollic-eabi/lib/armv7e-m/fpu\libc_nano.a(lib_a-malloc.o)
                0x0800050c                malloc
 .text.free     0x0800051c       0x10 c:/apps/atollic/truestudio for arm 5.5.1/armtools/bin/../lib/gcc/arm-atollic-eabi/5.3.1/../../../../arm-atollic-eabi/lib/armv7e-m/fpu\libc_nano.a(lib_a-malloc.o)
                0x0800051c                free
 .text._free_r  0x0800052c       0x9c c:/apps/atollic/truestudio for arm 5.5.1/armtools/bin/../lib/gcc/arm-atollic-eabi/5.3.1/../../../../arm-atollic-eabi/lib/armv7e-m/fpu\libc_nano.a(lib_a-nano-freer.o)
                0x0800052c                _free_r
 .text._malloc_r
                0x080005c8       0xbc c:/apps/atollic/truestudio for arm 5.5.1/armtools/bin/../lib/gcc/arm-atollic-eabi/5.3.1/../../../../arm-atollic-eabi/lib/armv7e-m/fpu\libc_nano.a(lib_a-nano-mallocr.o)
                0x080005c8                _malloc_r
 .text._sbrk_r  0x08000684       0x20 c:/apps/atollic/truestudio for arm 5.5.1/armtools/bin/../lib/gcc/arm-atollic-eabi/5.3.1/../../../../arm-atollic-eabi/lib/armv7e-m/fpu\libc_nano.a(lib_a-sbrkr.o)
                0x08000684                _sbrk_r
 .text.__malloc_lock
                0x080006a4        0x2 c:/apps/atollic/truestudio for arm 5.5.1/armtools/bin/../lib/gcc/arm-atollic-eabi/5.3.1/../../../../arm-atollic-eabi/lib/armv7e-m/fpu\libc_nano.a(lib_a-mlock.o)
                0x080006a4                __malloc_lock
 .text.__malloc_unlock
                0x080006a6        0x2 c:/apps/atollic/truestudio for arm 5.5.1/armtools/bin/../lib/gcc/arm-atollic-eabi/5.3.1/../../../../arm-atollic-eabi/lib/armv7e-m/fpu\libc_nano.a(lib_a-mlock.o)
                0x080006a6                __malloc_unlock
 .text.RCC_AHB1PeriphClockCmd
                0x080006a8       0x54 ..\Libraries\libBSP.a(stm32f4xx_rcc.o)
                0x080006a8                RCC_AHB1PeriphClockCmd
 .text.RCC_AHB3PeriphClockCmd
                0x080006fc       0x54 ..\Libraries\libBSP.a(stm32f4xx_rcc.o)
                0x080006fc                RCC_AHB3PeriphClockCmd
 .text.RCC_APB2PeriphClockCmd
                0x08000750       0x54 ..\Libraries\libBSP.a(stm32f4xx_rcc.o)
                0x08000750                RCC_APB2PeriphClockCmd
 .text.RCC_AHB1PeriphResetCmd
                0x080007a4       0x54 ..\Libraries\libBSP.a(stm32f4xx_rcc.o)
                0x080007a4                RCC_AHB1PeriphResetCmd
 .text.NVIC_PriorityGroupConfig
                0x080007f8       0x28 ..\Libraries\libBSP.a(misc.o)
                0x080007f8                NVIC_PriorityGroupConfig
 .text.NVIC_Init
                0x08000820       0xe4 ..\Libraries\libBSP.a(misc.o)
                0x08000820                NVIC_Init
 .text.SystemInit
                0x08000904       0xb0 ..\Libraries\libBSP.a(system_stm32f4xx.o)
                0x08000904                SystemInit
 .text.SetSysClock
                0x080009b4      0x188 ..\Libraries\libBSP.a(system_stm32f4xx.o)
 .text.SSD1963_Delay
                0x08000b3c       0x38 ..\Libraries\libBSP.a(ssd1963.o)
 .text.SSD1963_Init
                0x08000b74      0x1a8 ..\Libraries\libBSP.a(ssd1963.o)
                0x08000b74                SSD1963_Init
 .text.SSD1963_SetArea
                0x08000d1c       0x90 ..\Libraries\libBSP.a(ssd1963.o)
                0x08000d1c                SSD1963_SetArea
 .text.SSD1963_FillArea
                0x08000dac       0x64 ..\Libraries\libBSP.a(ssd1963.o)
                0x08000dac                SSD1963_FillArea
 .text.SSD1963_WriteArea
                0x08000e10       0x6c ..\Libraries\libBSP.a(ssd1963.o)
                0x08000e10                SSD1963_WriteArea
 .text.SSD1963_DisplayOn
                0x08000e7c       0x10 ..\Libraries\libBSP.a(ssd1963.o)
                0x08000e7c                SSD1963_DisplayOn
 .text.SSD1963_GetDeviceDescriptorBlock
                0x08000e8c       0x40 ..\Libraries\libBSP.a(ssd1963.o)
                0x08000e8c                SSD1963_GetDeviceDescriptorBlock
 .text.CARME_Init
                0x08000ecc       0xf8 ..\Libraries\libBSP.a(carme.o)
                0x08000ecc                CARME_Init
 .text.CARME_FSMC_GPIO_Init
                0x08000fc4       0x60 ..\Libraries\libBSP.a(carme.o)
 .text.CARME_FSMC_Init
                0x08001024      0x160 ..\Libraries\libBSP.a(carme.o)
 .text.CARME_AGPIO_Init
                0x08001184       0x2c ..\Libraries\libBSP.a(carme.o)
 .text.CARME_GPIO_Init
                0x080011b0      0x248 ..\Libraries\libBSP.a(carme.o)
                0x080011b0                CARME_GPIO_Init
 .text.CARME_AGPIO_Set
                0x080013f8       0x84 ..\Libraries\libBSP.a(carme.o)
                0x080013f8                CARME_AGPIO_Set
 .text.CARME_LED_Red_Set
                0x0800147c       0x14 ..\Libraries\libBSP.a(carme.o)
                0x0800147c                CARME_LED_Red_Set
 .text.CARME_LED_Red_Reset
                0x08001490       0x14 ..\Libraries\libBSP.a(carme.o)
                0x08001490                CARME_LED_Red_Reset
 .text.CARME_CAN_Write_Register
                0x080014a4       0x34 ..\Libraries\libBSP.a(can.o)
 .text.CARME_CAN_Read_Register
                0x080014d8       0x34 ..\Libraries\libBSP.a(can.o)
 .text.CARME_CAN_InitSTM
                0x0800150c       0x88 ..\Libraries\libBSP.a(can.o)
 .text.CARME_CAN_Init
                0x08001594       0xc4 ..\Libraries\libBSP.a(can.o)
                0x08001594                CARME_CAN_Init
 .text.CARME_CAN_InitI
                0x08001658       0x38 ..\Libraries\libBSP.a(can.o)
                0x08001658                CARME_CAN_InitI
 .text.CARME_CAN_RegisterIRQCallback
                0x08001690       0x28 ..\Libraries\libBSP.a(can.o)
                0x08001690                CARME_CAN_RegisterIRQCallback
 .text.CARME_CAN_SetMode
                0x080016b8       0x58 ..\Libraries\libBSP.a(can.o)
                0x080016b8                CARME_CAN_SetMode
 .text.CARME_CAN_Read
                0x08001710      0x188 ..\Libraries\libBSP.a(can.o)
                0x08001710                CARME_CAN_Read
 .text.EXTI9_5_IRQHandler
                0x08001898      0x174 ..\Libraries\libBSP.a(can.o)
                0x08001898                EXTI9_5_IRQHandler
 .text.CARME_CAN_SetBusTiming
                0x08001a0c       0x30 ..\Libraries\libBSP.a(can.o)
 .text.CARME_CAN_SetBaudrate
                0x08001a3c       0x9c ..\Libraries\libBSP.a(can.o)
                0x08001a3c                CARME_CAN_SetBaudrate
 .text.SYSCFG_EXTILineConfig
                0x08001ad8       0xb0 ..\Libraries\libBSP.a(stm32f4xx_syscfg.o)
                0x08001ad8                SYSCFG_EXTILineConfig
 .text.GPIO_DeInit
                0x08001b88      0x1c8 ..\Libraries\libBSP.a(stm32f4xx_gpio.o)
                0x08001b88                GPIO_DeInit
 .text.GPIO_Init
                0x08001d50      0x144 ..\Libraries\libBSP.a(stm32f4xx_gpio.o)
                0x08001d50                GPIO_Init
 .text.GPIO_StructInit
                0x08001e94       0x3c ..\Libraries\libBSP.a(stm32f4xx_gpio.o)
                0x08001e94                GPIO_StructInit
 .text.GPIO_WriteBit
                0x08001ed0       0x30 ..\Libraries\libBSP.a(stm32f4xx_gpio.o)
                0x08001ed0                GPIO_WriteBit
 .text.GPIO_PinAFConfig
                0x08001f00       0xa8 ..\Libraries\libBSP.a(stm32f4xx_gpio.o)
                0x08001f00                GPIO_PinAFConfig
 .text.FSMC_NORSRAMDeInit
                0x08001fa8       0x5c ..\Libraries\libBSP.a(stm32f4xx_fsmc.o)
                0x08001fa8                FSMC_NORSRAMDeInit
 .text.FSMC_NORSRAMInit
                0x08002004      0x150 ..\Libraries\libBSP.a(stm32f4xx_fsmc.o)
                0x08002004                FSMC_NORSRAMInit
 .text.FSMC_NORSRAMCmd
                0x08002154       0x54 ..\Libraries\libBSP.a(stm32f4xx_fsmc.o)
                0x08002154                FSMC_NORSRAMCmd
 .text.EXTI_Init
                0x080021a8      0x138 ..\Libraries\libBSP.a(stm32f4xx_exti.o)
                0x080021a8                EXTI_Init
 .text.EXTI_GetITStatus
                0x080022e0       0x3c ..\Libraries\libBSP.a(stm32f4xx_exti.o)
                0x080022e0                EXTI_GetITStatus
 .text.EXTI_ClearITPendingBit
                0x0800231c       0x20 ..\Libraries\libBSP.a(stm32f4xx_exti.o)
                0x0800231c                EXTI_ClearITPendingBit
 .text.SSD1963_LLD_Init
                0x0800233c       0x50 ..\Libraries\libBSP.a(ssd1963_lld.o)
                0x0800233c                SSD1963_LLD_Init
 .text.SSD1963_WriteCommand
                0x0800238c       0x1c ..\Libraries\libBSP.a(ssd1963_lld.o)
                0x0800238c                SSD1963_WriteCommand
 .text.SSD1963_WriteData
                0x080023a8       0x1c ..\Libraries\libBSP.a(ssd1963_lld.o)
                0x080023a8                SSD1963_WriteData
 .text.SSD1963_ReadData
                0x080023c4       0x14 ..\Libraries\libBSP.a(ssd1963_lld.o)
                0x080023c4                SSD1963_ReadData
 .text.LCD_WriteArea
                0x080023d8       0x28 ..\Libraries\libsGUI.a(text.o)
 .text.LCD_DrawChar
                0x08002400      0x134 ..\Libraries\libsGUI.a(text.o)
 .text.LCD_SetFont
                0x08002534       0x20 ..\Libraries\libsGUI.a(text.o)
                0x08002534                LCD_SetFont
 .text.LCD_DisplayCharXY
                0x08002554       0x84 ..\Libraries\libsGUI.a(text.o)
                0x08002554                LCD_DisplayCharXY
 .text.LCD_DisplayStringXY
                0x080025d8       0x50 ..\Libraries\libsGUI.a(text.o)
                0x080025d8                LCD_DisplayStringXY
 .text.xTaskGenericCreate
                0x08002628      0x1c0 ..\Libraries\libFreeRTOS.a(tasks.o)
                0x08002628                xTaskGenericCreate
 .text.vTaskDelay
                0x080027e8       0x5c ..\Libraries\libFreeRTOS.a(tasks.o)
                0x080027e8                vTaskDelay
 .text.vTaskStartScheduler
                0x08002844       0x88 ..\Libraries\libFreeRTOS.a(tasks.o)
                0x08002844                vTaskStartScheduler
 .text.vTaskSuspendAll
                0x080028cc       0x24 ..\Libraries\libFreeRTOS.a(tasks.o)
                0x080028cc                vTaskSuspendAll
 .text.xTaskResumeAll
                0x080028f0      0x174 ..\Libraries\libFreeRTOS.a(tasks.o)
                0x080028f0                xTaskResumeAll
 .text.xTaskGetTickCount
                0x08002a64       0x28 ..\Libraries\libFreeRTOS.a(tasks.o)
                0x08002a64                xTaskGetTickCount
 .text.xTaskIncrementTick
                0x08002a8c      0x248 ..\Libraries\libFreeRTOS.a(tasks.o)
                0x08002a8c                xTaskIncrementTick
 .text.vTaskSwitchContext
                0x08002cd4      0x164 ..\Libraries\libFreeRTOS.a(tasks.o)
                0x08002cd4                vTaskSwitchContext
 .text.vTaskPlaceOnEventList
                0x08002e38       0x84 ..\Libraries\libFreeRTOS.a(tasks.o)
                0x08002e38                vTaskPlaceOnEventList
 .text.vTaskPlaceOnEventListRestricted
                0x08002ebc       0x60 ..\Libraries\libFreeRTOS.a(tasks.o)
                0x08002ebc                vTaskPlaceOnEventListRestricted
 .text.xTaskRemoveFromEventList
                0x08002f1c       0xdc ..\Libraries\libFreeRTOS.a(tasks.o)
                0x08002f1c                xTaskRemoveFromEventList
 .text.vTaskSetTimeOutState
                0x08002ff8       0x38 ..\Libraries\libFreeRTOS.a(tasks.o)
                0x08002ff8                vTaskSetTimeOutState
 .text.xTaskCheckForTimeOut
                0x08003030       0xb0 ..\Libraries\libFreeRTOS.a(tasks.o)
                0x08003030                xTaskCheckForTimeOut
 .text.vTaskMissedYield
                0x080030e0       0x18 ..\Libraries\libFreeRTOS.a(tasks.o)
                0x080030e0                vTaskMissedYield
 .text.prvIdleTask
                0x080030f8       0x24 ..\Libraries\libFreeRTOS.a(tasks.o)
 .text.prvInitialiseTCBVariables
                0x0800311c       0xa0 ..\Libraries\libFreeRTOS.a(tasks.o)
 .text.prvInitialiseTaskLists
                0x080031bc       0xa4 ..\Libraries\libFreeRTOS.a(tasks.o)
 .text.prvCheckTasksWaitingTermination
                0x08003260       0x9c ..\Libraries\libFreeRTOS.a(tasks.o)
 .text.prvAddCurrentTaskToDelayedList
                0x080032fc       0x8c ..\Libraries\libFreeRTOS.a(tasks.o)
 .text.prvAllocateTCBAndStack
                0x08003388       0x70 ..\Libraries\libFreeRTOS.a(tasks.o)
 .text.prvDeleteTCB
                0x080033f8       0x20 ..\Libraries\libFreeRTOS.a(tasks.o)
 .text.xTaskGetCurrentTaskHandle
                0x08003418       0x20 ..\Libraries\libFreeRTOS.a(tasks.o)
                0x08003418                xTaskGetCurrentTaskHandle
 .text.xTaskGetSchedulerState
                0x08003438       0x48 ..\Libraries\libFreeRTOS.a(tasks.o)
                0x08003438                xTaskGetSchedulerState
 .text.vTaskPriorityInherit
                0x08003480       0xe8 ..\Libraries\libFreeRTOS.a(tasks.o)
                0x08003480                vTaskPriorityInherit
 .text.vTaskPriorityDisinherit
                0x08003568       0x90 ..\Libraries\libFreeRTOS.a(tasks.o)
                0x08003568                vTaskPriorityDisinherit
 .text.xQueueGenericReset
                0x080035f8       0xc0 ..\Libraries\libFreeRTOS.a(queue.o)
                0x080035f8                xQueueGenericReset
 .text.xQueueGenericCreate
                0x080036b8       0x90 ..\Libraries\libFreeRTOS.a(queue.o)
                0x080036b8                xQueueGenericCreate
 .text.xQueueCreateMutex
                0x08003748       0xac ..\Libraries\libFreeRTOS.a(queue.o)
                0x08003748                xQueueCreateMutex
 .text.xQueueGenericSend
                0x080037f4      0x178 ..\Libraries\libFreeRTOS.a(queue.o)
                0x080037f4                xQueueGenericSend
 .text.xQueueGenericSendFromISR
                0x0800396c       0xe8 ..\Libraries\libFreeRTOS.a(queue.o)
                0x0800396c                xQueueGenericSendFromISR
 .text.xQueueGenericReceive
                0x08003a54      0x1b8 ..\Libraries\libFreeRTOS.a(queue.o)
                0x08003a54                xQueueGenericReceive
 .text.prvCopyDataToQueue
                0x08003c0c       0xdc ..\Libraries\libFreeRTOS.a(queue.o)
 .text.prvCopyDataFromQueue
                0x08003ce8       0x50 ..\Libraries\libFreeRTOS.a(queue.o)
 .text.prvUnlockQueue
                0x08003d38       0xa0 ..\Libraries\libFreeRTOS.a(queue.o)
 .text.prvIsQueueEmpty
                0x08003dd8       0x34 ..\Libraries\libFreeRTOS.a(queue.o)
 .text.prvIsQueueFull
                0x08003e0c       0x38 ..\Libraries\libFreeRTOS.a(queue.o)
 .text.vQueueWaitForMessageRestricted
                0x08003e44       0x60 ..\Libraries\libFreeRTOS.a(queue.o)
                0x08003e44                vQueueWaitForMessageRestricted
 .text.pvPortMalloc
                0x08003ea4      0x164 ..\Libraries\libFreeRTOS.a(heap_4.o)
                0x08003ea4                pvPortMalloc
 .text.vPortFree
                0x08004008       0xb8 ..\Libraries\libFreeRTOS.a(heap_4.o)
                0x08004008                vPortFree
 .text.prvHeapInit
                0x080040c0       0xf8 ..\Libraries\libFreeRTOS.a(heap_4.o)
 .text.prvInsertBlockIntoFreeList
                0x080041b8       0xbc ..\Libraries\libFreeRTOS.a(heap_4.o)
 .text.pxPortInitialiseStack
                0x08004274       0x74 ..\Libraries\libFreeRTOS.a(port.o)
                0x08004274                pxPortInitialiseStack
 .text.prvTaskExitError
                0x080042e8       0x20 ..\Libraries\libFreeRTOS.a(port.o)
 .text.SVC_Handler
                0x08004308       0x1c ..\Libraries\libFreeRTOS.a(port.o)
                0x08004308                SVC_Handler
 .text.prvPortStartFirstTask
                0x08004324       0x14 ..\Libraries\libFreeRTOS.a(port.o)
 .text.xPortStartScheduler
                0x08004338      0x128 ..\Libraries\libFreeRTOS.a(port.o)
                0x08004338                xPortStartScheduler
 .text.vPortYield
                0x08004460       0x20 ..\Libraries\libFreeRTOS.a(port.o)
                0x08004460                vPortYield
 .text.vPortEnterCritical
                0x08004480       0x2c ..\Libraries\libFreeRTOS.a(port.o)
                0x08004480                vPortEnterCritical
 .text.vPortExitCritical
                0x080044ac       0x34 ..\Libraries\libFreeRTOS.a(port.o)
                0x080044ac                vPortExitCritical
 .text.ulPortSetInterruptMask
                0x080044e0       0x14 ..\Libraries\libFreeRTOS.a(port.o)
                0x080044e0                ulPortSetInterruptMask
 .text.vPortClearInterruptMask
                0x080044f4        0x8 ..\Libraries\libFreeRTOS.a(port.o)
                0x080044f4                vPortClearInterruptMask
 .text.PendSV_Handler
                0x080044fc       0x50 ..\Libraries\libFreeRTOS.a(port.o)
                0x080044fc                PendSV_Handler
 .text.SysTick_Handler
                0x0800454c       0x2c ..\Libraries\libFreeRTOS.a(port.o)
                0x0800454c                SysTick_Handler
 .text.vPortSetupTimerInterrupt
                0x08004578       0x40 ..\Libraries\libFreeRTOS.a(port.o)
                0x08004578                vPortSetupTimerInterrupt
 .text.vPortEnableVFP
                0x080045b8       0x14 ..\Libraries\libFreeRTOS.a(port.o)
 .text.vPortValidateInterruptPriority
                0x080045cc       0x64 ..\Libraries\libFreeRTOS.a(port.o)
                0x080045cc                vPortValidateInterruptPriority
 .text.vListInitialise
                0x08004630       0x40 ..\Libraries\libFreeRTOS.a(list.o)
                0x08004630                vListInitialise
 .text.vListInitialiseItem
                0x08004670       0x1c ..\Libraries\libFreeRTOS.a(list.o)
                0x08004670                vListInitialiseItem
 .text.vListInsertEnd
                0x0800468c       0x48 ..\Libraries\libFreeRTOS.a(list.o)
                0x0800468c                vListInsertEnd
 .text.vListInsert
                0x080046d4       0x74 ..\Libraries\libFreeRTOS.a(list.o)
                0x080046d4                vListInsert
 .text.uxListRemove
                0x08004748       0x58 ..\Libraries\libFreeRTOS.a(list.o)
                0x08004748                uxListRemove
 .text.xTimerCreateTimerTask
                0x080047a0       0x6c ..\Libraries\libFreeRTOS.a(timers.o)
                0x080047a0                xTimerCreateTimerTask
 .text.xTimerGenericCommand
                0x0800480c       0xac ..\Libraries\libFreeRTOS.a(timers.o)
                0x0800480c                xTimerGenericCommand
 .text.prvProcessExpiredTimer
                0x080048b8       0x7c ..\Libraries\libFreeRTOS.a(timers.o)
 .text.prvTimerTask
                0x08004934       0x24 ..\Libraries\libFreeRTOS.a(timers.o)
 .text.prvProcessTimerOrBlockTask
                0x08004958       0x74 ..\Libraries\libFreeRTOS.a(timers.o)
 .text.prvGetNextExpireTime
                0x080049cc       0x54 ..\Libraries\libFreeRTOS.a(timers.o)
 .text.prvSampleTimeNow
                0x08004a20       0x58 ..\Libraries\libFreeRTOS.a(timers.o)
 .text.prvInsertTimerInActiveList
                0x08004a78       0x94 ..\Libraries\libFreeRTOS.a(timers.o)
 .text.prvProcessReceivedCommands
                0x08004b0c      0x104 ..\Libraries\libFreeRTOS.a(timers.o)
 .text.prvSwitchTimerLists
                0x08004c10       0xe8 ..\Libraries\libFreeRTOS.a(timers.o)
 .text.prvCheckForValidListAndQueue
                0x08004cf8       0x74 ..\Libraries\libFreeRTOS.a(timers.o)
 .text.memcmp   0x08004d6c       0x1e c:/apps/atollic/truestudio for arm 5.5.1/armtools/bin/../lib/gcc/arm-atollic-eabi/5.3.1/../../../../arm-atollic-eabi/lib/armv7e-m/fpu\libc.a(lib_a-memcmp.o)
                0x08004d6c                memcmp
 .text.memcpy   0x08004d8a       0x16 c:/apps/atollic/truestudio for arm 5.5.1/armtools/bin/../lib/gcc/arm-atollic-eabi/5.3.1/../../../../arm-atollic-eabi/lib/armv7e-m/fpu\libc.a(lib_a-memcpy-stub.o)
                0x08004d8a                memcpy
 .text.memset   0x08004da0       0x10 c:/apps/atollic/truestudio for arm 5.5.1/armtools/bin/../lib/gcc/arm-atollic-eabi/5.3.1/../../../../arm-atollic-eabi/lib/armv7e-m/fpu\libc.a(lib_a-memset.o)
                0x08004da0                memset
 *(.rodata)
 .rodata        0x08004db0       0x9d src\main.o
 *fill*         0x08004e4d        0x3 
 .rodata        0x08004e50      0x1a8 ..\Libraries\libBSP.a(carme.o)
 .rodata        0x08004ff8        0x8 ..\Libraries\libFreeRTOS.a(tasks.o)
 .rodata        0x08005000        0x8 ..\Libraries\libFreeRTOS.a(timers.o)
 *(.rodata*)
 .rodata.str1.1
                0x08005008        0x2 c:/apps/atollic/truestudio for arm 5.5.1/armtools/bin/../lib/gcc/arm-atollic-eabi/5.3.1/../../../../arm-atollic-eabi/lib/armv7e-m/fpu\libc_nano.a(lib_a-impure.o)
 *fill*         0x0800500a        0x2 
 .rodata.ucExpectedStackBytes.8730
                0x0800500c       0x14 ..\Libraries\libFreeRTOS.a(tasks.o)
 .rodata.heapSTRUCT_SIZE
                0x08005020        0x2 ..\Libraries\libFreeRTOS.a(heap_4.o)
 *fill*         0x08005022        0x2 
 .rodata.xTotalHeapSize
                0x08005024        0x4 ..\Libraries\libFreeRTOS.a(heap_4.o)
 .rodata.pcInterruptPriorityRegisters
                0x08005028        0x4 ..\Libraries\libFreeRTOS.a(port.o)
 *(.glue_7)
 .glue_7        0x0800502c        0x0 linker stubs
 *(.glue_7t)
 .glue_7t       0x0800502c        0x0 linker stubs
 *(.eh_frame)
 .eh_frame      0x0800502c        0x0 c:/apps/atollic/truestudio for arm 5.5.1/armtools/bin/../lib/gcc/arm-atollic-eabi/5.3.1/armv7e-m/fpu/crtbegin.o
 *(.init)
 .init          0x0800502c        0x4 c:/apps/atollic/truestudio for arm 5.5.1/armtools/bin/../lib/gcc/arm-atollic-eabi/5.3.1/armv7e-m/fpu/crti.o
                0x0800502c                _init
 .init          0x08005030        0x8 c:/apps/atollic/truestudio for arm 5.5.1/armtools/bin/../lib/gcc/arm-atollic-eabi/5.3.1/armv7e-m/fpu/crtn.o
 *(.fini)
 .fini          0x08005038        0x4 c:/apps/atollic/truestudio for arm 5.5.1/armtools/bin/../lib/gcc/arm-atollic-eabi/5.3.1/armv7e-m/fpu/crti.o
                0x08005038                _fini
 .fini          0x0800503c        0x8 c:/apps/atollic/truestudio for arm 5.5.1/armtools/bin/../lib/gcc/arm-atollic-eabi/5.3.1/armv7e-m/fpu/crtn.o
                0x08005044                . = ALIGN (0x4)
                0x08005044                _etext = .

.vfp11_veneer   0x08005044        0x0
 .vfp11_veneer  0x08005044        0x0 linker stubs

.v4_bx          0x08005044        0x0
 .v4_bx         0x08005044        0x0 linker stubs

.iplt           0x08005044        0x0
 .iplt          0x08005044        0x0 c:/apps/atollic/truestudio for arm 5.5.1/armtools/bin/../lib/gcc/arm-atollic-eabi/5.3.1/armv7e-m/fpu/crtbegin.o

.rel.dyn        0x08005044        0x0
 .rel.iplt      0x08005044        0x0 c:/apps/atollic/truestudio for arm 5.5.1/armtools/bin/../lib/gcc/arm-atollic-eabi/5.3.1/armv7e-m/fpu/crtbegin.o

.ARM.extab
 *(.ARM.extab* .gnu.linkonce.armextab.*)

.ARM            0x08005044        0x0
                0x08005044                __exidx_start = .
 *(.ARM.exidx*)
                0x08005044                __exidx_end = .

.preinit_array  0x08005044        0x0
                [!provide]                PROVIDE (__preinit_array_start, .)
 *(.preinit_array*)
                [!provide]                PROVIDE (__preinit_array_end, .)

.init_array     0x08005044        0x4
                [!provide]                PROVIDE (__init_array_start, .)
 *(SORT(.init_array.*))
 *(.init_array*)
 .init_array    0x08005044        0x4 c:/apps/atollic/truestudio for arm 5.5.1/armtools/bin/../lib/gcc/arm-atollic-eabi/5.3.1/armv7e-m/fpu/crtbegin.o
                [!provide]                PROVIDE (__init_array_end, .)

.fini_array     0x08005048        0x4
                [!provide]                PROVIDE (__fini_array_start, .)
 *(SORT(.fini_array.*))
 *(.fini_array*)
 .fini_array    0x08005048        0x4 c:/apps/atollic/truestudio for arm 5.5.1/armtools/bin/../lib/gcc/arm-atollic-eabi/5.3.1/armv7e-m/fpu/crtbegin.o
                [!provide]                PROVIDE (__fini_array_end, .)
                0x0800504c                _sidata = LOADADDR (.data)

.data           0x20000000      0x914 load address 0x0800504c
                0x20000000                . = ALIGN (0x4)
                0x20000000                _sdata = .
 *(.data)
 *(.data*)
 .data.Task1Name
                0x20000000        0x1 src\main.o
                0x20000000                Task1Name
 .data.Task2Name
                0x20000001        0x1 src\main.o
                0x20000001                Task2Name
 .data.Task3Name
                0x20000002        0x1 src\main.o
                0x20000002                Task3Name
 *fill*         0x20000003        0x1 
 .data.impure_data
                0x20000004       0x60 c:/apps/atollic/truestudio for arm 5.5.1/armtools/bin/../lib/gcc/arm-atollic-eabi/5.3.1/../../../../arm-atollic-eabi/lib/armv7e-m/fpu\libc_nano.a(lib_a-impure.o)
 .data._impure_ptr
                0x20000064        0x4 c:/apps/atollic/truestudio for arm 5.5.1/armtools/bin/../lib/gcc/arm-atollic-eabi/5.3.1/../../../../arm-atollic-eabi/lib/armv7e-m/fpu\libc_nano.a(lib_a-impure.o)
                0x20000064                _impure_ptr
 .data.SystemCoreClock
                0x20000068        0x4 ..\Libraries\libBSP.a(system_stm32f4xx.o)
                0x20000068                SystemCoreClock
 .data.CARME_AGPIO_Port_Pin
                0x2000006c       0xa0 ..\Libraries\libBSP.a(carme.o)
 .data.SJA1000_CMD
                0x2000010c        0x4 ..\Libraries\libBSP.a(can.o)
 .data.SJA1000_DATA
                0x20000110        0x4 ..\Libraries\libBSP.a(can.o)
 .data.LCD_Port_Pin
                0x20000114       0x10 ..\Libraries\libBSP.a(ssd1963_lld.o)
 .data.TextColor
                0x20000124        0x2 ..\Libraries\libsGUI.a(text.o)
                0x20000124                TextColor
 *fill*         0x20000126        0x2 
 .data.CurrentFont
                0x20000128        0x4 ..\Libraries\libsGUI.a(text.o)
                0x20000128                CurrentFont
 .data.font_5x8
                0x2000012c        0x8 ..\Libraries\libsGUI.a(font.o)
                0x2000012c                font_5x8
 .data.font_8x16
                0x20000134        0x8 ..\Libraries\libsGUI.a(font.o)
                0x20000134                font_8x16
 .data.font_5x8_data
                0x2000013c      0x1dc ..\Libraries\libsGUI.a(font.o)
                0x2000013c                font_5x8_data
 .data.font_8x16_data
                0x20000318      0x5f0 ..\Libraries\libsGUI.a(font.o)
                0x20000318                font_8x16_data
 .data.xNextTaskUnblockTime
                0x20000908        0x4 ..\Libraries\libFreeRTOS.a(tasks.o)
 .data.xFreeBytesRemaining
                0x2000090c        0x4 ..\Libraries\libFreeRTOS.a(heap_4.o)
 .data.uxCriticalNesting
                0x20000910        0x4 ..\Libraries\libFreeRTOS.a(port.o)
                0x20000914                . = ALIGN (0x4)
                0x20000914                _edata = .
                0x08005960                _siccmram = LOADADDR (.ccmram)

.igot.plt       0x20000914        0x0 load address 0x08005960
 .igot.plt      0x20000914        0x0 c:/apps/atollic/truestudio for arm 5.5.1/armtools/bin/../lib/gcc/arm-atollic-eabi/5.3.1/armv7e-m/fpu/crtbegin.o

.ccmram         0x10000000        0x0 load address 0x08005960
                0x10000000                . = ALIGN (0x4)
                0x10000000                _sccmram = .
 *(.ccmram)
 *(.ccmram*)
                0x10000000                . = ALIGN (0x4)
                0x10000000                _eccmram = .
                0x10000000                . = ALIGN (0x4)

.bss            0x20000914    0x12de4
                0x20000914                _sbss = .
                0x20000914                __bss_start__ = _sbss
 *(.bss)
 .bss           0x20000914       0x1c c:/apps/atollic/truestudio for arm 5.5.1/armtools/bin/../lib/gcc/arm-atollic-eabi/5.3.1/armv7e-m/fpu/crtbegin.o
 *(.bss*)
 .bss.heap_end.9387
                0x20000930        0x4 src\syscalls.o
 .bss.xHandle_ETCSTask1
                0x20000934        0x4 src\main.o
                0x20000934                xHandle_ETCSTask1
 .bss.xHandle_ETCSTask2
                0x20000938        0x4 src\main.o
                0x20000938                xHandle_ETCSTask2
 .bss.xHandle_ETCSTask3
                0x2000093c        0x4 src\main.o
                0x2000093c                xHandle_ETCSTask3
 .bss.__malloc_sbrk_start
                0x20000940        0x4 c:/apps/atollic/truestudio for arm 5.5.1/armtools/bin/../lib/gcc/arm-atollic-eabi/5.3.1/../../../../arm-atollic-eabi/lib/armv7e-m/fpu\libc_nano.a(lib_a-nano-mallocr.o)
                0x20000940                __malloc_sbrk_start
 .bss.__malloc_free_list
                0x20000944        0x4 c:/apps/atollic/truestudio for arm 5.5.1/armtools/bin/../lib/gcc/arm-atollic-eabi/5.3.1/../../../../arm-atollic-eabi/lib/armv7e-m/fpu\libc_nano.a(lib_a-nano-mallocr.o)
                0x20000944                __malloc_free_list
 .bss.CARME_CAN_IRQCallbacks
                0x20000948       0x20 ..\Libraries\libBSP.a(can.o)
 .bss.BackColor
                0x20000968        0x2 ..\Libraries\libsGUI.a(text.o)
                0x20000968                BackColor
 *fill*         0x2000096a        0x2 
 .bss.pxCurrentTCB
                0x2000096c        0x4 ..\Libraries\libFreeRTOS.a(tasks.o)
                0x2000096c                pxCurrentTCB
 .bss.pxReadyTasksLists
                0x20000970       0x64 ..\Libraries\libFreeRTOS.a(tasks.o)
 .bss.xDelayedTaskList1
                0x200009d4       0x14 ..\Libraries\libFreeRTOS.a(tasks.o)
 .bss.xDelayedTaskList2
                0x200009e8       0x14 ..\Libraries\libFreeRTOS.a(tasks.o)
 .bss.pxDelayedTaskList
                0x200009fc        0x4 ..\Libraries\libFreeRTOS.a(tasks.o)
 .bss.pxOverflowDelayedTaskList
                0x20000a00        0x4 ..\Libraries\libFreeRTOS.a(tasks.o)
 .bss.xPendingReadyList
                0x20000a04       0x14 ..\Libraries\libFreeRTOS.a(tasks.o)
 .bss.xTasksWaitingTermination
                0x20000a18       0x14 ..\Libraries\libFreeRTOS.a(tasks.o)
 .bss.uxTasksDeleted
                0x20000a2c        0x4 ..\Libraries\libFreeRTOS.a(tasks.o)
 .bss.xSuspendedTaskList
                0x20000a30       0x14 ..\Libraries\libFreeRTOS.a(tasks.o)
 .bss.uxCurrentNumberOfTasks
                0x20000a44        0x4 ..\Libraries\libFreeRTOS.a(tasks.o)
 .bss.xTickCount
                0x20000a48        0x4 ..\Libraries\libFreeRTOS.a(tasks.o)
 .bss.uxTopReadyPriority
                0x20000a4c        0x4 ..\Libraries\libFreeRTOS.a(tasks.o)
 .bss.xSchedulerRunning
                0x20000a50        0x4 ..\Libraries\libFreeRTOS.a(tasks.o)
 .bss.uxSchedulerSuspended
                0x20000a54        0x4 ..\Libraries\libFreeRTOS.a(tasks.o)
 .bss.uxPendedTicks
                0x20000a58        0x4 ..\Libraries\libFreeRTOS.a(tasks.o)
 .bss.xYieldPending
                0x20000a5c        0x4 ..\Libraries\libFreeRTOS.a(tasks.o)
 .bss.xNumOfOverflows
                0x20000a60        0x4 ..\Libraries\libFreeRTOS.a(tasks.o)
 .bss.uxTaskNumber
                0x20000a64        0x4 ..\Libraries\libFreeRTOS.a(tasks.o)
 .bss.ucHeap    0x20000a68    0x12c00 ..\Libraries\libFreeRTOS.a(heap_4.o)
 .bss.xStart    0x20013668        0x8 ..\Libraries\libFreeRTOS.a(heap_4.o)
 .bss.pxEnd     0x20013670        0x4 ..\Libraries\libFreeRTOS.a(heap_4.o)
 .bss.xBlockAllocatedBit
                0x20013674        0x4 ..\Libraries\libFreeRTOS.a(heap_4.o)
 .bss.ucMaxSysCallPriority
                0x20013678        0x1 ..\Libraries\libFreeRTOS.a(port.o)
 *fill*         0x20013679        0x3 
 .bss.ulMaxPRIGROUPValue
                0x2001367c        0x4 ..\Libraries\libFreeRTOS.a(port.o)
 .bss.xActiveTimerList1
                0x20013680       0x14 ..\Libraries\libFreeRTOS.a(timers.o)
 .bss.xActiveTimerList2
                0x20013694       0x14 ..\Libraries\libFreeRTOS.a(timers.o)
 .bss.pxCurrentTimerList
                0x200136a8        0x4 ..\Libraries\libFreeRTOS.a(timers.o)
 .bss.pxOverflowTimerList
                0x200136ac        0x4 ..\Libraries\libFreeRTOS.a(timers.o)
 .bss.xTimerQueue
                0x200136b0        0x4 ..\Libraries\libFreeRTOS.a(timers.o)
 .bss.xLastTime.8575
                0x200136b4        0x4 ..\Libraries\libFreeRTOS.a(timers.o)
 *(COMMON)
 COMMON         0x200136b8       0x34 src\main.o
                0x200136b8                ETCS_Task1_Parameter
                0x200136bc                Muxtex_Roboter_Links
                0x200136c0                Queue_Can_Rx
                0x200136c4                Muxtex_Can_Rx
                0x200136c8                Muxtex_Foederband_Links
                0x200136cc                Muxtex_Foederband_Rechts
                0x200136d0                ETCS_Task3_Parameter
                0x200136d4                Muxtex_Roboter_Rechts
                0x200136d8                Muxtex_Foederband_Mitte
                0x200136dc                Muxtex_Can_Tx
                0x200136e0                ETCS_Task2_Parameter
                0x200136e4                Muxtex_Display
                0x200136e8                Muxtex_Shifter
 COMMON         0x200136ec        0x4 c:/apps/atollic/truestudio for arm 5.5.1/armtools/bin/../lib/gcc/arm-atollic-eabi/5.3.1/../../../../arm-atollic-eabi/lib/armv7e-m/fpu\libc_nano.a(lib_a-reent.o)
                0x200136ec                errno
 COMMON         0x200136f0        0x6 ..\Libraries\libBSP.a(ssd1963.o)
                0x200136f0                deviceDescriptorBlock
                0x200136f8                . = ALIGN (0x4)
 *fill*         0x200136f6        0x2 
                0x200136f8                _ebss = .
                0x200136f8                __bss_end__ = _ebss

._user_heap_stack
                0x200136f8     0x2000
                0x200136f8                . = ALIGN (0x4)
                0x200136f8                PROVIDE (end, .)
                [!provide]                PROVIDE (_end, .)
                0x200146f8                . = (. + _Min_Heap_Size)
 *fill*         0x200136f8     0x1000 
                0x200156f8                . = (. + _Min_Stack_Size)
 *fill*         0x200146f8     0x1000 
                0x200156f8                . = ALIGN (0x4)

.memory_b1_text
 *(.mb1text)
 *(.mb1text*)
 *(.mb1rodata)
 *(.mb1rodata*)

/DISCARD/
 libc.a(*)
 libm.a(*)
 libgcc.a(*)

.ARM.attributes
                0x00000000       0x30
 *(.ARM.attributes)
 .ARM.attributes
                0x00000000       0x22 c:/apps/atollic/truestudio for arm 5.5.1/armtools/bin/../lib/gcc/arm-atollic-eabi/5.3.1/armv7e-m/fpu/crti.o
 .ARM.attributes
                0x00000022       0x34 c:/apps/atollic/truestudio for arm 5.5.1/armtools/bin/../lib/gcc/arm-atollic-eabi/5.3.1/armv7e-m/fpu/crtbegin.o
 .ARM.attributes
                0x00000056       0x39 src\syscalls.o
 .ARM.attributes
                0x0000008f       0x21 src\startup.o
 .ARM.attributes
                0x000000b0       0x39 src\main.o
 .ARM.attributes
                0x000000e9       0x34 c:/apps/atollic/truestudio for arm 5.5.1/armtools/bin/../lib/gcc/arm-atollic-eabi/5.3.1/../../../../arm-atollic-eabi/lib/armv7e-m/fpu\libc_nano.a(lib_a-malloc.o)
 .ARM.attributes
                0x0000011d       0x34 c:/apps/atollic/truestudio for arm 5.5.1/armtools/bin/../lib/gcc/arm-atollic-eabi/5.3.1/../../../../arm-atollic-eabi/lib/armv7e-m/fpu\libc_nano.a(lib_a-nano-freer.o)
 .ARM.attributes
                0x00000151       0x34 c:/apps/atollic/truestudio for arm 5.5.1/armtools/bin/../lib/gcc/arm-atollic-eabi/5.3.1/../../../../arm-atollic-eabi/lib/armv7e-m/fpu\libc_nano.a(lib_a-nano-mallocr.o)
 .ARM.attributes
                0x00000185       0x34 c:/apps/atollic/truestudio for arm 5.5.1/armtools/bin/../lib/gcc/arm-atollic-eabi/5.3.1/../../../../arm-atollic-eabi/lib/armv7e-m/fpu\libc_nano.a(lib_a-reent.o)
 .ARM.attributes
                0x000001b9       0x34 c:/apps/atollic/truestudio for arm 5.5.1/armtools/bin/../lib/gcc/arm-atollic-eabi/5.3.1/../../../../arm-atollic-eabi/lib/armv7e-m/fpu\libc_nano.a(lib_a-sbrkr.o)
 .ARM.attributes
                0x000001ed       0x34 c:/apps/atollic/truestudio for arm 5.5.1/armtools/bin/../lib/gcc/arm-atollic-eabi/5.3.1/../../../../arm-atollic-eabi/lib/armv7e-m/fpu\libc_nano.a(lib_a-impure.o)
 .ARM.attributes
                0x00000221       0x34 c:/apps/atollic/truestudio for arm 5.5.1/armtools/bin/../lib/gcc/arm-atollic-eabi/5.3.1/../../../../arm-atollic-eabi/lib/armv7e-m/fpu\libc_nano.a(lib_a-mlock.o)
 .ARM.attributes
                0x00000255       0x22 c:/apps/atollic/truestudio for arm 5.5.1/armtools/bin/../lib/gcc/arm-atollic-eabi/5.3.1/armv7e-m/fpu/crtn.o
 .ARM.attributes
                0x00000277       0x3b ..\Libraries\libBSP.a(stm32f4xx_rcc.o)
 .ARM.attributes
                0x000002b2       0x3b ..\Libraries\libBSP.a(misc.o)
 .ARM.attributes
                0x000002ed       0x3b ..\Libraries\libBSP.a(system_stm32f4xx.o)
 .ARM.attributes
                0x00000328       0x3b ..\Libraries\libBSP.a(ssd1963.o)
 .ARM.attributes
                0x00000363       0x3b ..\Libraries\libBSP.a(carme.o)
 .ARM.attributes
                0x0000039e       0x3b ..\Libraries\libBSP.a(can.o)
 .ARM.attributes
                0x000003d9       0x3b ..\Libraries\libBSP.a(stm32f4xx_syscfg.o)
 .ARM.attributes
                0x00000414       0x3b ..\Libraries\libBSP.a(stm32f4xx_gpio.o)
 .ARM.attributes
                0x0000044f       0x3b ..\Libraries\libBSP.a(stm32f4xx_fsmc.o)
 .ARM.attributes
                0x0000048a       0x3b ..\Libraries\libBSP.a(stm32f4xx_exti.o)
 .ARM.attributes
                0x000004c5       0x3b ..\Libraries\libBSP.a(ssd1963_lld.o)
 .ARM.attributes
                0x00000500       0x3b ..\Libraries\libsGUI.a(text.o)
 .ARM.attributes
                0x0000053b       0x3b ..\Libraries\libsGUI.a(font.o)
 .ARM.attributes
                0x00000576       0x3b ..\Libraries\libFreeRTOS.a(tasks.o)
 .ARM.attributes
                0x000005b1       0x3b ..\Libraries\libFreeRTOS.a(queue.o)
 .ARM.attributes
                0x000005ec       0x3b ..\Libraries\libFreeRTOS.a(heap_4.o)
 .ARM.attributes
                0x00000627       0x3b ..\Libraries\libFreeRTOS.a(port.o)
 .ARM.attributes
                0x00000662       0x3b ..\Libraries\libFreeRTOS.a(list.o)
 .ARM.attributes
                0x0000069d       0x3b ..\Libraries\libFreeRTOS.a(timers.o)
OUTPUT(RoboterModel (Template).elf elf32-littlearm)

.debug_info     0x00000000     0x9316
 .debug_info    0x00000000      0x7f1 src\syscalls.o
 .debug_info    0x000007f1       0x76 src\startup.o
 .debug_info    0x00000867      0x68a src\main.o
 .debug_info    0x00000ef1      0xf30 ..\Libraries\libBSP.a(stm32f4xx_rcc.o)
 .debug_info    0x00001e21      0x596 ..\Libraries\libBSP.a(misc.o)
 .debug_info    0x000023b7      0x62b ..\Libraries\libBSP.a(system_stm32f4xx.o)
 .debug_info    0x000029e2      0x379 ..\Libraries\libBSP.a(ssd1963.o)
 .debug_info    0x00002d5b      0x6f9 ..\Libraries\libBSP.a(carme.o)
 .debug_info    0x00003454      0xb92 ..\Libraries\libBSP.a(can.o)
 .debug_info    0x00003fe6      0x2a6 ..\Libraries\libBSP.a(stm32f4xx_syscfg.o)
 .debug_info    0x0000428c      0x647 ..\Libraries\libBSP.a(stm32f4xx_gpio.o)
 .debug_info    0x000048d3      0x9b5 ..\Libraries\libBSP.a(stm32f4xx_fsmc.o)
 .debug_info    0x00005288      0x368 ..\Libraries\libBSP.a(stm32f4xx_exti.o)
 .debug_info    0x000055f0      0x3b9 ..\Libraries\libBSP.a(ssd1963_lld.o)
 .debug_info    0x000059a9      0x652 ..\Libraries\libsGUI.a(text.o)
 .debug_info    0x00005ffb      0x4b1 ..\Libraries\libsGUI.a(font.o)
 .debug_info    0x000064ac     0x11ba ..\Libraries\libFreeRTOS.a(tasks.o)
 .debug_info    0x00007666      0xbff ..\Libraries\libFreeRTOS.a(queue.o)
 .debug_info    0x00008265      0x302 ..\Libraries\libFreeRTOS.a(heap_4.o)
 .debug_info    0x00008567      0x363 ..\Libraries\libFreeRTOS.a(port.o)
 .debug_info    0x000088ca      0x2cc ..\Libraries\libFreeRTOS.a(list.o)
 .debug_info    0x00008b96      0x780 ..\Libraries\libFreeRTOS.a(timers.o)

.debug_abbrev   0x00000000     0x202d
 .debug_abbrev  0x00000000      0x1f2 src\syscalls.o
 .debug_abbrev  0x000001f2       0x12 src\startup.o
 .debug_abbrev  0x00000204      0x14f src\main.o
 .debug_abbrev  0x00000353      0x1be ..\Libraries\libBSP.a(stm32f4xx_rcc.o)
 .debug_abbrev  0x00000511      0x12b ..\Libraries\libBSP.a(misc.o)
 .debug_abbrev  0x0000063c      0x13a ..\Libraries\libBSP.a(system_stm32f4xx.o)
 .debug_abbrev  0x00000776      0x15e ..\Libraries\libBSP.a(ssd1963.o)
 .debug_abbrev  0x000008d4      0x1c2 ..\Libraries\libBSP.a(carme.o)
 .debug_abbrev  0x00000a96      0x228 ..\Libraries\libBSP.a(can.o)
 .debug_abbrev  0x00000cbe      0x135 ..\Libraries\libBSP.a(stm32f4xx_syscfg.o)
 .debug_abbrev  0x00000df3      0x1a7 ..\Libraries\libBSP.a(stm32f4xx_gpio.o)
 .debug_abbrev  0x00000f9a      0x174 ..\Libraries\libBSP.a(stm32f4xx_fsmc.o)
 .debug_abbrev  0x0000110e      0x1a9 ..\Libraries\libBSP.a(stm32f4xx_exti.o)
 .debug_abbrev  0x000012b7      0x16f ..\Libraries\libBSP.a(ssd1963_lld.o)
 .debug_abbrev  0x00001426      0x189 ..\Libraries\libsGUI.a(text.o)
 .debug_abbrev  0x000015af       0x8c ..\Libraries\libsGUI.a(font.o)
 .debug_abbrev  0x0000163b      0x221 ..\Libraries\libFreeRTOS.a(tasks.o)
 .debug_abbrev  0x0000185c      0x1dc ..\Libraries\libFreeRTOS.a(queue.o)
 .debug_abbrev  0x00001a38      0x1b3 ..\Libraries\libFreeRTOS.a(heap_4.o)
 .debug_abbrev  0x00001beb      0x1e0 ..\Libraries\libFreeRTOS.a(port.o)
 .debug_abbrev  0x00001dcb       0xda ..\Libraries\libFreeRTOS.a(list.o)
 .debug_abbrev  0x00001ea5      0x188 ..\Libraries\libFreeRTOS.a(timers.o)

.debug_aranges  0x00000000      0xb88
 .debug_aranges
                0x00000000       0xb0 src\syscalls.o
 .debug_aranges
                0x000000b0       0x28 src\startup.o
 .debug_aranges
                0x000000d8       0x48 src\main.o
 .debug_aranges
                0x00000120      0x1b8 ..\Libraries\libBSP.a(stm32f4xx_rcc.o)
 .debug_aranges
                0x000002d8       0x40 ..\Libraries\libBSP.a(misc.o)
 .debug_aranges
                0x00000318       0x30 ..\Libraries\libBSP.a(system_stm32f4xx.o)
 .debug_aranges
                0x00000348       0x80 ..\Libraries\libBSP.a(ssd1963.o)
 .debug_aranges
                0x000003c8       0x78 ..\Libraries\libBSP.a(carme.o)
 .debug_aranges
                0x00000440       0x90 ..\Libraries\libBSP.a(can.o)
 .debug_aranges
                0x000004d0       0x50 ..\Libraries\libBSP.a(stm32f4xx_syscfg.o)
 .debug_aranges
                0x00000520       0x88 ..\Libraries\libBSP.a(stm32f4xx_gpio.o)
 .debug_aranges
                0x000005a8       0xb0 ..\Libraries\libBSP.a(stm32f4xx_fsmc.o)
 .debug_aranges
                0x00000658       0x58 ..\Libraries\libBSP.a(stm32f4xx_exti.o)
 .debug_aranges
                0x000006b0       0x38 ..\Libraries\libBSP.a(ssd1963_lld.o)
 .debug_aranges
                0x000006e8       0x80 ..\Libraries\libsGUI.a(text.o)
 .debug_aranges
                0x00000768       0x18 ..\Libraries\libsGUI.a(font.o)
 .debug_aranges
                0x00000780      0x168 ..\Libraries\libFreeRTOS.a(tasks.o)
 .debug_aranges
                0x000008e8       0xf8 ..\Libraries\libFreeRTOS.a(queue.o)
 .debug_aranges
                0x000009e0       0x48 ..\Libraries\libFreeRTOS.a(heap_4.o)
 .debug_aranges
                0x00000a28       0x98 ..\Libraries\libFreeRTOS.a(port.o)
 .debug_aranges
                0x00000ac0       0x40 ..\Libraries\libFreeRTOS.a(list.o)
 .debug_aranges
                0x00000b00       0x88 ..\Libraries\libFreeRTOS.a(timers.o)

.debug_ranges   0x00000000      0xa28
 .debug_ranges  0x00000000       0xa0 src\syscalls.o
 .debug_ranges  0x000000a0       0x20 src\startup.o
 .debug_ranges  0x000000c0       0x38 src\main.o
 .debug_ranges  0x000000f8      0x1a8 ..\Libraries\libBSP.a(stm32f4xx_rcc.o)
 .debug_ranges  0x000002a0       0x30 ..\Libraries\libBSP.a(misc.o)
 .debug_ranges  0x000002d0       0x20 ..\Libraries\libBSP.a(system_stm32f4xx.o)
 .debug_ranges  0x000002f0       0x70 ..\Libraries\libBSP.a(ssd1963.o)
 .debug_ranges  0x00000360       0x68 ..\Libraries\libBSP.a(carme.o)
 .debug_ranges  0x000003c8       0x80 ..\Libraries\libBSP.a(can.o)
 .debug_ranges  0x00000448       0x40 ..\Libraries\libBSP.a(stm32f4xx_syscfg.o)
 .debug_ranges  0x00000488       0x78 ..\Libraries\libBSP.a(stm32f4xx_gpio.o)
 .debug_ranges  0x00000500       0xa0 ..\Libraries\libBSP.a(stm32f4xx_fsmc.o)
 .debug_ranges  0x000005a0       0x48 ..\Libraries\libBSP.a(stm32f4xx_exti.o)
 .debug_ranges  0x000005e8       0x28 ..\Libraries\libBSP.a(ssd1963_lld.o)
 .debug_ranges  0x00000610       0x70 ..\Libraries\libsGUI.a(text.o)
 .debug_ranges  0x00000680      0x158 ..\Libraries\libFreeRTOS.a(tasks.o)
 .debug_ranges  0x000007d8       0xe8 ..\Libraries\libFreeRTOS.a(queue.o)
 .debug_ranges  0x000008c0       0x38 ..\Libraries\libFreeRTOS.a(heap_4.o)
 .debug_ranges  0x000008f8       0x88 ..\Libraries\libFreeRTOS.a(port.o)
 .debug_ranges  0x00000980       0x30 ..\Libraries\libFreeRTOS.a(list.o)
 .debug_ranges  0x000009b0       0x78 ..\Libraries\libFreeRTOS.a(timers.o)

.debug_line     0x00000000     0x4c9a
 .debug_line    0x00000000      0x300 src\syscalls.o
 .debug_line    0x00000300       0x79 src\startup.o
 .debug_line    0x00000379      0x29c src\main.o
 .debug_line    0x00000615      0x61d ..\Libraries\libBSP.a(stm32f4xx_rcc.o)
 .debug_line    0x00000c32      0x21f ..\Libraries\libBSP.a(misc.o)
 .debug_line    0x00000e51      0x1f7 ..\Libraries\libBSP.a(system_stm32f4xx.o)
 .debug_line    0x00001048      0x230 ..\Libraries\libBSP.a(ssd1963.o)
 .debug_line    0x00001278      0x5b2 ..\Libraries\libBSP.a(carme.o)
 .debug_line    0x0000182a      0x423 ..\Libraries\libBSP.a(can.o)
 .debug_line    0x00001c4d      0x203 ..\Libraries\libBSP.a(stm32f4xx_syscfg.o)
 .debug_line    0x00001e50      0x31f ..\Libraries\libBSP.a(stm32f4xx_gpio.o)
 .debug_line    0x0000216f      0x430 ..\Libraries\libBSP.a(stm32f4xx_fsmc.o)
 .debug_line    0x0000259f      0x276 ..\Libraries\libBSP.a(stm32f4xx_exti.o)
 .debug_line    0x00002815      0x241 ..\Libraries\libBSP.a(ssd1963_lld.o)
 .debug_line    0x00002a56      0x28a ..\Libraries\libsGUI.a(text.o)
 .debug_line    0x00002ce0       0xf9 ..\Libraries\libsGUI.a(font.o)
 .debug_line    0x00002dd9      0xa59 ..\Libraries\libFreeRTOS.a(tasks.o)
 .debug_line    0x00003832      0x7e9 ..\Libraries\libFreeRTOS.a(queue.o)
 .debug_line    0x0000401b      0x28f ..\Libraries\libFreeRTOS.a(heap_4.o)
 .debug_line    0x000042aa      0x3c1 ..\Libraries\libFreeRTOS.a(port.o)
 .debug_line    0x0000466b      0x24f ..\Libraries\libFreeRTOS.a(list.o)
 .debug_line    0x000048ba      0x3e0 ..\Libraries\libFreeRTOS.a(timers.o)

.debug_str      0x00000000     0x4252
 .debug_str     0x00000000      0x3f9 src\syscalls.o
                                0x487 (size before relaxing)
 .debug_str     0x000003f9      0x4db src\main.o
                                0x6dc (size before relaxing)
 .debug_str     0x000008d4      0x807 ..\Libraries\libBSP.a(stm32f4xx_rcc.o)
                                0x943 (size before relaxing)
 .debug_str     0x000010db      0x1fe ..\Libraries\libBSP.a(misc.o)
                                0x387 (size before relaxing)
 .debug_str     0x000012d9       0xa5 ..\Libraries\libBSP.a(system_stm32f4xx.o)
                                0x36d (size before relaxing)
 .debug_str     0x0000137e      0x148 ..\Libraries\libBSP.a(ssd1963.o)
                                0x269 (size before relaxing)
 .debug_str     0x000014c6      0x4f3 ..\Libraries\libBSP.a(carme.o)
                                0x69a (size before relaxing)
 .debug_str     0x000019b9      0x826 ..\Libraries\libBSP.a(can.o)
                                0xd34 (size before relaxing)
 .debug_str     0x000021df      0x15c ..\Libraries\libBSP.a(stm32f4xx_syscfg.o)
                                0x2c7 (size before relaxing)
 .debug_str     0x0000233b      0x137 ..\Libraries\libBSP.a(stm32f4xx_gpio.o)
                                0x451 (size before relaxing)
 .debug_str     0x00002472      0x3c0 ..\Libraries\libBSP.a(stm32f4xx_fsmc.o)
                                0x742 (size before relaxing)
 .debug_str     0x00002832       0xcf ..\Libraries\libBSP.a(stm32f4xx_exti.o)
                                0x30f (size before relaxing)
 .debug_str     0x00002901       0x7c ..\Libraries\libBSP.a(ssd1963_lld.o)
                                0x387 (size before relaxing)
 .debug_str     0x0000297d      0x166 ..\Libraries\libsGUI.a(text.o)
                                0x399 (size before relaxing)
 .debug_str     0x00002ae3      0x16b ..\Libraries\libsGUI.a(font.o)
                                0x393 (size before relaxing)
 .debug_str     0x00002c4e      0x9ca ..\Libraries\libFreeRTOS.a(tasks.o)
                                0xafc (size before relaxing)
 .debug_str     0x00003618      0x45c ..\Libraries\libFreeRTOS.a(queue.o)
                                0x6c9 (size before relaxing)
 .debug_str     0x00003a74      0x1c9 ..\Libraries\libFreeRTOS.a(heap_4.o)
                                0x2f7 (size before relaxing)
 .debug_str     0x00003c3d      0x238 ..\Libraries\libFreeRTOS.a(port.o)
                                0x3ab (size before relaxing)
 .debug_str     0x00003e75       0x9c ..\Libraries\libFreeRTOS.a(list.o)
                                0x273 (size before relaxing)
 .debug_str     0x00003f11      0x341 ..\Libraries\libFreeRTOS.a(timers.o)
                                0x581 (size before relaxing)

.comment        0x00000000      0x100
 .comment       0x00000000       0x7e src\syscalls.o
                                 0x7f (size before relaxing)
 .comment       0x0000007e       0x7f src\main.o
 .comment       0x0000007e       0x82 ..\Libraries\libBSP.a(stm32f4xx_rcc.o)
                                 0x83 (size before relaxing)
 .comment       0x00000100       0x83 ..\Libraries\libBSP.a(misc.o)
 .comment       0x00000100       0x83 ..\Libraries\libBSP.a(system_stm32f4xx.o)
 .comment       0x00000100       0x83 ..\Libraries\libBSP.a(ssd1963.o)
 .comment       0x00000100       0x83 ..\Libraries\libBSP.a(carme.o)
 .comment       0x00000100       0x83 ..\Libraries\libBSP.a(can.o)
 .comment       0x00000100       0x83 ..\Libraries\libBSP.a(stm32f4xx_syscfg.o)
 .comment       0x00000100       0x83 ..\Libraries\libBSP.a(stm32f4xx_gpio.o)
 .comment       0x00000100       0x83 ..\Libraries\libBSP.a(stm32f4xx_fsmc.o)
 .comment       0x00000100       0x83 ..\Libraries\libBSP.a(stm32f4xx_exti.o)
 .comment       0x00000100       0x83 ..\Libraries\libBSP.a(ssd1963_lld.o)
 .comment       0x00000100       0x83 ..\Libraries\libsGUI.a(text.o)
 .comment       0x00000100       0x83 ..\Libraries\libsGUI.a(font.o)
 .comment       0x00000100       0x83 ..\Libraries\libFreeRTOS.a(tasks.o)
 .comment       0x00000100       0x83 ..\Libraries\libFreeRTOS.a(queue.o)
 .comment       0x00000100       0x83 ..\Libraries\libFreeRTOS.a(heap_4.o)
 .comment       0x00000100       0x83 ..\Libraries\libFreeRTOS.a(port.o)
 .comment       0x00000100       0x83 ..\Libraries\libFreeRTOS.a(list.o)
 .comment       0x00000100       0x83 ..\Libraries\libFreeRTOS.a(timers.o)

.debug_frame    0x00000000     0x259c
 .debug_frame   0x00000000      0x2ec src\syscalls.o
 .debug_frame   0x000002ec       0xd8 src\main.o
 .debug_frame   0x000003c4       0x30 c:/apps/atollic/truestudio for arm 5.5.1/armtools/bin/../lib/gcc/arm-atollic-eabi/5.3.1/../../../../arm-atollic-eabi/lib/armv7e-m/fpu\libc_nano.a(lib_a-malloc.o)
 .debug_frame   0x000003f4       0x38 c:/apps/atollic/truestudio for arm 5.5.1/armtools/bin/../lib/gcc/arm-atollic-eabi/5.3.1/../../../../arm-atollic-eabi/lib/armv7e-m/fpu\libc_nano.a(lib_a-nano-freer.o)
 .debug_frame   0x0000042c       0x2c c:/apps/atollic/truestudio for arm 5.5.1/armtools/bin/../lib/gcc/arm-atollic-eabi/5.3.1/../../../../arm-atollic-eabi/lib/armv7e-m/fpu\libc_nano.a(lib_a-nano-mallocr.o)
 .debug_frame   0x00000458       0x5c c:/apps/atollic/truestudio for arm 5.5.1/armtools/bin/../lib/gcc/arm-atollic-eabi/5.3.1/../../../../arm-atollic-eabi/lib/armv7e-m/fpu\libc_nano.a(lib_a-reent.o)
 .debug_frame   0x000004b4       0x2c c:/apps/atollic/truestudio for arm 5.5.1/armtools/bin/../lib/gcc/arm-atollic-eabi/5.3.1/../../../../arm-atollic-eabi/lib/armv7e-m/fpu\libc_nano.a(lib_a-sbrkr.o)
 .debug_frame   0x000004e0       0x30 c:/apps/atollic/truestudio for arm 5.5.1/armtools/bin/../lib/gcc/arm-atollic-eabi/5.3.1/../../../../arm-atollic-eabi/lib/armv7e-m/fpu\libc_nano.a(lib_a-mlock.o)
 .debug_frame   0x00000510      0x5b8 ..\Libraries\libBSP.a(stm32f4xx_rcc.o)
 .debug_frame   0x00000ac8       0x9c ..\Libraries\libBSP.a(misc.o)
 .debug_frame   0x00000b64       0x64 ..\Libraries\libBSP.a(system_stm32f4xx.o)
 .debug_frame   0x00000bc8      0x19c ..\Libraries\libBSP.a(ssd1963.o)
 .debug_frame   0x00000d64      0x178 ..\Libraries\libBSP.a(carme.o)
 .debug_frame   0x00000edc      0x1e0 ..\Libraries\libBSP.a(can.o)
 .debug_frame   0x000010bc       0xd8 ..\Libraries\libBSP.a(stm32f4xx_syscfg.o)
 .debug_frame   0x00001194      0x19c ..\Libraries\libBSP.a(stm32f4xx_gpio.o)
 .debug_frame   0x00001330      0x220 ..\Libraries\libBSP.a(stm32f4xx_fsmc.o)
 .debug_frame   0x00001550       0xec ..\Libraries\libBSP.a(stm32f4xx_exti.o)
 .debug_frame   0x0000163c       0x80 ..\Libraries\libBSP.a(ssd1963_lld.o)
 .debug_frame   0x000016bc      0x1a4 ..\Libraries\libsGUI.a(text.o)
 .debug_frame   0x00001860      0x520 ..\Libraries\libFreeRTOS.a(tasks.o)
 .debug_frame   0x00001d80      0x37c ..\Libraries\libFreeRTOS.a(queue.o)
 .debug_frame   0x000020fc       0xbc ..\Libraries\libFreeRTOS.a(heap_4.o)
 .debug_frame   0x000021b8      0x184 ..\Libraries\libFreeRTOS.a(port.o)
 .debug_frame   0x0000233c       0x9c ..\Libraries\libFreeRTOS.a(list.o)
 .debug_frame   0x000023d8      0x1c4 ..\Libraries\libFreeRTOS.a(timers.o)

.debug_loc      0x00000000     0x398a
 .debug_loc     0x00000000      0xb3c ..\Libraries\libBSP.a(stm32f4xx_rcc.o)
 .debug_loc     0x00000b3c      0x118 ..\Libraries\libBSP.a(misc.o)
 .debug_loc     0x00000c54       0x9c ..\Libraries\libBSP.a(system_stm32f4xx.o)
 .debug_loc     0x00000cf0      0x2a8 ..\Libraries\libBSP.a(ssd1963.o)
 .debug_loc     0x00000f98      0x268 ..\Libraries\libBSP.a(carme.o)
 .debug_loc     0x00001200      0x348 ..\Libraries\libBSP.a(can.o)
 .debug_loc     0x00001548      0x17c ..\Libraries\libBSP.a(stm32f4xx_syscfg.o)
 .debug_loc     0x000016c4      0x310 ..\Libraries\libBSP.a(stm32f4xx_gpio.o)
 .debug_loc     0x000019d4      0x41c ..\Libraries\libBSP.a(stm32f4xx_fsmc.o)
 .debug_loc     0x00001df0      0x1b4 ..\Libraries\libBSP.a(stm32f4xx_exti.o)
 .debug_loc     0x00001fa4       0xd4 ..\Libraries\libBSP.a(ssd1963_lld.o)
 .debug_loc     0x00002078      0x2c2 ..\Libraries\libsGUI.a(text.o)
 .debug_loc     0x0000233a      0x900 ..\Libraries\libFreeRTOS.a(tasks.o)
 .debug_loc     0x00002c3a      0x620 ..\Libraries\libFreeRTOS.a(queue.o)
 .debug_loc     0x0000325a      0x138 ..\Libraries\libFreeRTOS.a(heap_4.o)
 .debug_loc     0x00003392      0x1dc ..\Libraries\libFreeRTOS.a(port.o)
 .debug_loc     0x0000356e      0x118 ..\Libraries\libFreeRTOS.a(list.o)
 .debug_loc     0x00003686      0x304 ..\Libraries\libFreeRTOS.a(timers.o)

Cross Reference Table

Symbol                                            File
ADC_IRQHandler                                    src\startup.o
AHBPrescTable                                     ..\Libraries\libBSP.a(system_stm32f4xx.o)
BackColor                                         ..\Libraries\libsGUI.a(text.o)
BusFault_Handler                                  src\startup.o
CAN1_RX0_IRQHandler                               src\startup.o
CAN1_RX1_IRQHandler                               src\startup.o
CAN1_SCE_IRQHandler                               src\startup.o
CAN1_TX_IRQHandler                                src\startup.o
CAN2_RX0_IRQHandler                               src\startup.o
CAN2_RX1_IRQHandler                               src\startup.o
CAN2_SCE_IRQHandler                               src\startup.o
CAN2_TX_IRQHandler                                src\startup.o
CARME_AGPIO_Get                                   ..\Libraries\libBSP.a(carme.o)
CARME_AGPIO_Set                                   ..\Libraries\libBSP.a(carme.o)
CARME_CAN_GetAcceptaceFilter                      ..\Libraries\libBSP.a(can.o)
CARME_CAN_Init                                    ..\Libraries\libBSP.a(can.o)
CARME_CAN_InitI                                   ..\Libraries\libBSP.a(can.o)
                                                  src\main.o
CARME_CAN_Read                                    ..\Libraries\libBSP.a(can.o)
                                                  src\main.o
CARME_CAN_RegisterIRQCallback                     ..\Libraries\libBSP.a(can.o)
                                                  src\main.o
CARME_CAN_SetAcceptaceFilter                      ..\Libraries\libBSP.a(can.o)
CARME_CAN_SetBaudrate                             ..\Libraries\libBSP.a(can.o)
CARME_CAN_SetMode                                 ..\Libraries\libBSP.a(can.o)
                                                  src\main.o
CARME_CAN_UnregisterIRQCallback                   ..\Libraries\libBSP.a(can.o)
CARME_CAN_Write                                   ..\Libraries\libBSP.a(can.o)
                                                  src\main.o
CARME_GPIO_Init                                   ..\Libraries\libBSP.a(carme.o)
                                                  ..\Libraries\libBSP.a(ssd1963_lld.o)
CARME_Init                                        ..\Libraries\libBSP.a(carme.o)
                                                  src\startup.o
CARME_LED_Green_Reset                             ..\Libraries\libBSP.a(carme.o)
CARME_LED_Green_Set                               ..\Libraries\libBSP.a(carme.o)
CARME_LED_Red_Reset                               ..\Libraries\libBSP.a(carme.o)
                                                  src\startup.o
CARME_LED_Red_Set                                 ..\Libraries\libBSP.a(carme.o)
                                                  src\startup.o
CRYP_IRQHandler                                   src\startup.o
CurrentFont                                       ..\Libraries\libsGUI.a(text.o)
DCMI_IRQHandler                                   src\startup.o
DMA1_Stream0_IRQHandler                           src\startup.o
DMA1_Stream1_IRQHandler                           src\startup.o
DMA1_Stream2_IRQHandler                           src\startup.o
DMA1_Stream3_IRQHandler                           src\startup.o
DMA1_Stream4_IRQHandler                           src\startup.o
DMA1_Stream5_IRQHandler                           src\startup.o
DMA1_Stream6_IRQHandler                           src\startup.o
DMA1_Stream7_IRQHandler                           src\startup.o
DMA2_Stream0_IRQHandler                           src\startup.o
DMA2_Stream1_IRQHandler                           src\startup.o
DMA2_Stream2_IRQHandler                           src\startup.o
DMA2_Stream3_IRQHandler                           src\startup.o
DMA2_Stream4_IRQHandler                           src\startup.o
DMA2_Stream5_IRQHandler                           src\startup.o
DMA2_Stream6_IRQHandler                           src\startup.o
DMA2_Stream7_IRQHandler                           src\startup.o
DebugMon_Handler                                  src\startup.o
Default_Handler                                   src\startup.o
ETCS_Task1_Parameter                              src\main.o
ETCS_Task2_Parameter                              src\main.o
ETCS_Task3_Parameter                              src\main.o
ETH_IRQHandler                                    src\startup.o
ETH_WKUP_IRQHandler                               src\startup.o
EXTI0_IRQHandler                                  src\startup.o
EXTI15_10_IRQHandler                              src\startup.o
EXTI1_IRQHandler                                  src\startup.o
EXTI2_IRQHandler                                  src\startup.o
EXTI3_IRQHandler                                  src\startup.o
EXTI4_IRQHandler                                  src\startup.o
EXTI9_5_IRQHandler                                ..\Libraries\libBSP.a(can.o)
                                                  src\startup.o
EXTI_ClearFlag                                    ..\Libraries\libBSP.a(stm32f4xx_exti.o)
EXTI_ClearITPendingBit                            ..\Libraries\libBSP.a(stm32f4xx_exti.o)
                                                  ..\Libraries\libBSP.a(can.o)
EXTI_DeInit                                       ..\Libraries\libBSP.a(stm32f4xx_exti.o)
EXTI_GenerateSWInterrupt                          ..\Libraries\libBSP.a(stm32f4xx_exti.o)
EXTI_GetFlagStatus                                ..\Libraries\libBSP.a(stm32f4xx_exti.o)
EXTI_GetITStatus                                  ..\Libraries\libBSP.a(stm32f4xx_exti.o)
                                                  ..\Libraries\libBSP.a(can.o)
EXTI_Init                                         ..\Libraries\libBSP.a(stm32f4xx_exti.o)
                                                  ..\Libraries\libBSP.a(can.o)
EXTI_StructInit                                   ..\Libraries\libBSP.a(stm32f4xx_exti.o)
FLASH_IRQHandler                                  src\startup.o
FPU_IRQHandler                                    src\startup.o
FSMC_ClearFlag                                    ..\Libraries\libBSP.a(stm32f4xx_fsmc.o)
FSMC_ClearITPendingBit                            ..\Libraries\libBSP.a(stm32f4xx_fsmc.o)
FSMC_GetECC                                       ..\Libraries\libBSP.a(stm32f4xx_fsmc.o)
FSMC_GetFlagStatus                                ..\Libraries\libBSP.a(stm32f4xx_fsmc.o)
FSMC_GetITStatus                                  ..\Libraries\libBSP.a(stm32f4xx_fsmc.o)
FSMC_IRQHandler                                   src\startup.o
FSMC_ITConfig                                     ..\Libraries\libBSP.a(stm32f4xx_fsmc.o)
FSMC_NANDCmd                                      ..\Libraries\libBSP.a(stm32f4xx_fsmc.o)
FSMC_NANDDeInit                                   ..\Libraries\libBSP.a(stm32f4xx_fsmc.o)
FSMC_NANDECCCmd                                   ..\Libraries\libBSP.a(stm32f4xx_fsmc.o)
FSMC_NANDInit                                     ..\Libraries\libBSP.a(stm32f4xx_fsmc.o)
FSMC_NANDStructInit                               ..\Libraries\libBSP.a(stm32f4xx_fsmc.o)
FSMC_NORSRAMCmd                                   ..\Libraries\libBSP.a(stm32f4xx_fsmc.o)
                                                  ..\Libraries\libBSP.a(carme.o)
FSMC_NORSRAMDeInit                                ..\Libraries\libBSP.a(stm32f4xx_fsmc.o)
                                                  ..\Libraries\libBSP.a(carme.o)
FSMC_NORSRAMInit                                  ..\Libraries\libBSP.a(stm32f4xx_fsmc.o)
                                                  ..\Libraries\libBSP.a(carme.o)
FSMC_NORSRAMStructInit                            ..\Libraries\libBSP.a(stm32f4xx_fsmc.o)
FSMC_PCCARDCmd                                    ..\Libraries\libBSP.a(stm32f4xx_fsmc.o)
FSMC_PCCARDDeInit                                 ..\Libraries\libBSP.a(stm32f4xx_fsmc.o)
FSMC_PCCARDInit                                   ..\Libraries\libBSP.a(stm32f4xx_fsmc.o)
FSMC_PCCARDStructInit                             ..\Libraries\libBSP.a(stm32f4xx_fsmc.o)
GPIO_DeInit                                       ..\Libraries\libBSP.a(stm32f4xx_gpio.o)
                                                  ..\Libraries\libBSP.a(carme.o)
GPIO_Init                                         ..\Libraries\libBSP.a(stm32f4xx_gpio.o)
                                                  ..\Libraries\libBSP.a(can.o)
                                                  ..\Libraries\libBSP.a(carme.o)
GPIO_PinAFConfig                                  ..\Libraries\libBSP.a(stm32f4xx_gpio.o)
                                                  ..\Libraries\libBSP.a(carme.o)
GPIO_PinLockConfig                                ..\Libraries\libBSP.a(stm32f4xx_gpio.o)
GPIO_ReadInputData                                ..\Libraries\libBSP.a(stm32f4xx_gpio.o)
GPIO_ReadInputDataBit                             ..\Libraries\libBSP.a(stm32f4xx_gpio.o)
                                                  ..\Libraries\libBSP.a(carme.o)
GPIO_ReadOutputData                               ..\Libraries\libBSP.a(stm32f4xx_gpio.o)
GPIO_ReadOutputDataBit                            ..\Libraries\libBSP.a(stm32f4xx_gpio.o)
                                                  ..\Libraries\libBSP.a(carme.o)
GPIO_ResetBits                                    ..\Libraries\libBSP.a(stm32f4xx_gpio.o)
GPIO_SetBits                                      ..\Libraries\libBSP.a(stm32f4xx_gpio.o)
GPIO_StructInit                                   ..\Libraries\libBSP.a(stm32f4xx_gpio.o)
                                                  ..\Libraries\libBSP.a(can.o)
                                                  ..\Libraries\libBSP.a(carme.o)
GPIO_ToggleBits                                   ..\Libraries\libBSP.a(stm32f4xx_gpio.o)
GPIO_Write                                        ..\Libraries\libBSP.a(stm32f4xx_gpio.o)
GPIO_WriteBit                                     ..\Libraries\libBSP.a(stm32f4xx_gpio.o)
                                                  ..\Libraries\libBSP.a(ssd1963_lld.o)
                                                  ..\Libraries\libBSP.a(carme.o)
HASH_RNG_IRQHandler                               src\startup.o
HardFault_Handler                                 src\startup.o
I2C1_ER_IRQHandler                                src\startup.o
I2C1_EV_IRQHandler                                src\startup.o
I2C2_ER_IRQHandler                                src\startup.o
I2C2_EV_IRQHandler                                src\startup.o
I2C3_ER_IRQHandler                                src\startup.o
I2C3_EV_IRQHandler                                src\startup.o
LCD_ClearLine                                     ..\Libraries\libsGUI.a(text.o)
LCD_DisplayCharLine                               ..\Libraries\libsGUI.a(text.o)
LCD_DisplayCharXY                                 ..\Libraries\libsGUI.a(text.o)
LCD_DisplayStringCenterLine                       ..\Libraries\libsGUI.a(text.o)
LCD_DisplayStringLine                             ..\Libraries\libsGUI.a(text.o)
LCD_DisplayStringXY                               ..\Libraries\libsGUI.a(text.o)
                                                  src\main.o
LCD_DrawCircle                                    ..\Libraries\libsGUI.a(geometry.o)
LCD_DrawLine                                      ..\Libraries\libsGUI.a(geometry.o)
LCD_DrawRect                                      ..\Libraries\libsGUI.a(geometry.o)
LCD_DrawRectF                                     ..\Libraries\libsGUI.a(geometry.o)
                                                  ..\Libraries\libsGUI.a(text.o)
LCD_GetFont                                       ..\Libraries\libsGUI.a(text.o)
LCD_GetLineCount                                  ..\Libraries\libsGUI.a(text.o)
LCD_SetBackColor                                  ..\Libraries\libsGUI.a(text.o)
LCD_SetFont                                       ..\Libraries\libsGUI.a(text.o)
                                                  src\main.o
LCD_SetTextColor                                  ..\Libraries\libsGUI.a(text.o)
MemManage_Handler                                 src\startup.o
Muxtex_Can_Rx                                     src\main.o
Muxtex_Can_Tx                                     src\main.o
Muxtex_Display                                    src\main.o
Muxtex_Foederband_Links                           src\main.o
Muxtex_Foederband_Mitte                           src\main.o
Muxtex_Foederband_Rechts                          src\main.o
Muxtex_Roboter_Links                              src\main.o
Muxtex_Roboter_Rechts                             src\main.o
Muxtex_Shifter                                    src\main.o
NMI_Handler                                       src\startup.o
NVIC_Init                                         ..\Libraries\libBSP.a(misc.o)
                                                  ..\Libraries\libBSP.a(can.o)
NVIC_PriorityGroupConfig                          ..\Libraries\libBSP.a(misc.o)
                                                  src\main.o
NVIC_SetVectorTable                               ..\Libraries\libBSP.a(misc.o)
NVIC_SystemLPConfig                               ..\Libraries\libBSP.a(misc.o)
OTG_FS_IRQHandler                                 src\startup.o
OTG_FS_WKUP_IRQHandler                            src\startup.o
OTG_HS_EP1_IN_IRQHandler                          src\startup.o
OTG_HS_EP1_OUT_IRQHandler                         src\startup.o
OTG_HS_IRQHandler                                 src\startup.o
OTG_HS_WKUP_IRQHandler                            src\startup.o
PVD_IRQHandler                                    src\startup.o
PendSV_Handler                                    ..\Libraries\libFreeRTOS.a(port.o)
                                                  src\startup.o
Queue_Can_Rx                                      src\main.o
RCC_AHB1PeriphClockCmd                            ..\Libraries\libBSP.a(stm32f4xx_rcc.o)
                                                  ..\Libraries\libBSP.a(carme.o)
RCC_AHB1PeriphClockLPModeCmd                      ..\Libraries\libBSP.a(stm32f4xx_rcc.o)
RCC_AHB1PeriphResetCmd                            ..\Libraries\libBSP.a(stm32f4xx_rcc.o)
                                                  ..\Libraries\libBSP.a(stm32f4xx_gpio.o)
RCC_AHB2PeriphClockCmd                            ..\Libraries\libBSP.a(stm32f4xx_rcc.o)
RCC_AHB2PeriphClockLPModeCmd                      ..\Libraries\libBSP.a(stm32f4xx_rcc.o)
RCC_AHB2PeriphResetCmd                            ..\Libraries\libBSP.a(stm32f4xx_rcc.o)
RCC_AHB3PeriphClockCmd                            ..\Libraries\libBSP.a(stm32f4xx_rcc.o)
                                                  ..\Libraries\libBSP.a(carme.o)
RCC_AHB3PeriphClockLPModeCmd                      ..\Libraries\libBSP.a(stm32f4xx_rcc.o)
RCC_AHB3PeriphResetCmd                            ..\Libraries\libBSP.a(stm32f4xx_rcc.o)
RCC_APB1PeriphClockCmd                            ..\Libraries\libBSP.a(stm32f4xx_rcc.o)
RCC_APB1PeriphClockLPModeCmd                      ..\Libraries\libBSP.a(stm32f4xx_rcc.o)
RCC_APB1PeriphResetCmd                            ..\Libraries\libBSP.a(stm32f4xx_rcc.o)
                                                  ..\Libraries\libBSP.a(stm32f4xx_usart.o)
RCC_APB2PeriphClockCmd                            ..\Libraries\libBSP.a(stm32f4xx_rcc.o)
                                                  ..\Libraries\libBSP.a(carme.o)
RCC_APB2PeriphClockLPModeCmd                      ..\Libraries\libBSP.a(stm32f4xx_rcc.o)
RCC_APB2PeriphResetCmd                            ..\Libraries\libBSP.a(stm32f4xx_rcc.o)
                                                  ..\Libraries\libBSP.a(stm32f4xx_syscfg.o)
                                                  ..\Libraries\libBSP.a(stm32f4xx_usart.o)
RCC_AdjustHSICalibrationValue                     ..\Libraries\libBSP.a(stm32f4xx_rcc.o)
RCC_BackupResetCmd                                ..\Libraries\libBSP.a(stm32f4xx_rcc.o)
RCC_ClearFlag                                     ..\Libraries\libBSP.a(stm32f4xx_rcc.o)
RCC_ClearITPendingBit                             ..\Libraries\libBSP.a(stm32f4xx_rcc.o)
RCC_ClockSecuritySystemCmd                        ..\Libraries\libBSP.a(stm32f4xx_rcc.o)
RCC_DeInit                                        ..\Libraries\libBSP.a(stm32f4xx_rcc.o)
RCC_GetClocksFreq                                 ..\Libraries\libBSP.a(stm32f4xx_rcc.o)
                                                  ..\Libraries\libBSP.a(stm32f4xx_usart.o)
RCC_GetFlagStatus                                 ..\Libraries\libBSP.a(stm32f4xx_rcc.o)
RCC_GetITStatus                                   ..\Libraries\libBSP.a(stm32f4xx_rcc.o)
RCC_GetSYSCLKSource                               ..\Libraries\libBSP.a(stm32f4xx_rcc.o)
RCC_HCLKConfig                                    ..\Libraries\libBSP.a(stm32f4xx_rcc.o)
RCC_HSEConfig                                     ..\Libraries\libBSP.a(stm32f4xx_rcc.o)
RCC_HSICmd                                        ..\Libraries\libBSP.a(stm32f4xx_rcc.o)
RCC_I2SCLKConfig                                  ..\Libraries\libBSP.a(stm32f4xx_rcc.o)
RCC_IRQHandler                                    src\startup.o
RCC_ITConfig                                      ..\Libraries\libBSP.a(stm32f4xx_rcc.o)
RCC_LSEConfig                                     ..\Libraries\libBSP.a(stm32f4xx_rcc.o)
RCC_LSICmd                                        ..\Libraries\libBSP.a(stm32f4xx_rcc.o)
RCC_LTDCCLKDivConfig                              ..\Libraries\libBSP.a(stm32f4xx_rcc.o)
RCC_MCO1Config                                    ..\Libraries\libBSP.a(stm32f4xx_rcc.o)
RCC_MCO2Config                                    ..\Libraries\libBSP.a(stm32f4xx_rcc.o)
RCC_PCLK1Config                                   ..\Libraries\libBSP.a(stm32f4xx_rcc.o)
RCC_PCLK2Config                                   ..\Libraries\libBSP.a(stm32f4xx_rcc.o)
RCC_PLLCmd                                        ..\Libraries\libBSP.a(stm32f4xx_rcc.o)
RCC_PLLConfig                                     ..\Libraries\libBSP.a(stm32f4xx_rcc.o)
RCC_PLLI2SCmd                                     ..\Libraries\libBSP.a(stm32f4xx_rcc.o)
RCC_PLLI2SConfig                                  ..\Libraries\libBSP.a(stm32f4xx_rcc.o)
RCC_PLLSAICmd                                     ..\Libraries\libBSP.a(stm32f4xx_rcc.o)
RCC_PLLSAIConfig                                  ..\Libraries\libBSP.a(stm32f4xx_rcc.o)
RCC_RTCCLKCmd                                     ..\Libraries\libBSP.a(stm32f4xx_rcc.o)
RCC_RTCCLKConfig                                  ..\Libraries\libBSP.a(stm32f4xx_rcc.o)
RCC_SAIBlockACLKConfig                            ..\Libraries\libBSP.a(stm32f4xx_rcc.o)
RCC_SAIBlockBCLKConfig                            ..\Libraries\libBSP.a(stm32f4xx_rcc.o)
RCC_SAIPLLI2SClkDivConfig                         ..\Libraries\libBSP.a(stm32f4xx_rcc.o)
RCC_SAIPLLSAIClkDivConfig                         ..\Libraries\libBSP.a(stm32f4xx_rcc.o)
RCC_SYSCLKConfig                                  ..\Libraries\libBSP.a(stm32f4xx_rcc.o)
RCC_TIMCLKPresConfig                              ..\Libraries\libBSP.a(stm32f4xx_rcc.o)
RCC_WaitForHSEStartUp                             ..\Libraries\libBSP.a(stm32f4xx_rcc.o)
RTC_Alarm_IRQHandler                              src\startup.o
RTC_WKUP_IRQHandler                               src\startup.o
Reset_Handler                                     src\startup.o
SDIO_IRQHandler                                   src\startup.o
SPI1_IRQHandler                                   src\startup.o
SPI2_IRQHandler                                   src\startup.o
SPI3_IRQHandler                                   src\startup.o
SSD1963_DisplayOff                                ..\Libraries\libBSP.a(ssd1963.o)
SSD1963_DisplayOn                                 ..\Libraries\libBSP.a(ssd1963.o)
SSD1963_EnterSleepMode                            ..\Libraries\libBSP.a(ssd1963.o)
SSD1963_ExitSleepMode                             ..\Libraries\libBSP.a(ssd1963.o)
SSD1963_FillArea                                  ..\Libraries\libBSP.a(ssd1963.o)
                                                  ..\Libraries\libsGUI.a(geometry.o)
SSD1963_GetDeviceDescriptorBlock                  ..\Libraries\libBSP.a(ssd1963.o)
SSD1963_Init                                      ..\Libraries\libBSP.a(ssd1963.o)
                                                  src\main.o
SSD1963_LLD_Init                                  ..\Libraries\libBSP.a(ssd1963_lld.o)
                                                  ..\Libraries\libBSP.a(ssd1963.o)
SSD1963_ReadData                                  ..\Libraries\libBSP.a(ssd1963_lld.o)
                                                  ..\Libraries\libBSP.a(ssd1963.o)
SSD1963_ReadPixel                                 ..\Libraries\libBSP.a(ssd1963.o)
SSD1963_SetArea                                   ..\Libraries\libBSP.a(ssd1963.o)
SSD1963_SetTearingCfg                             ..\Libraries\libBSP.a(ssd1963.o)
SSD1963_WriteArea                                 ..\Libraries\libBSP.a(ssd1963.o)
                                                  ..\Libraries\libsGUI.a(text.o)
SSD1963_WriteCommand                              ..\Libraries\libBSP.a(ssd1963_lld.o)
                                                  ..\Libraries\libBSP.a(ssd1963.o)
SSD1963_WriteData                                 ..\Libraries\libBSP.a(ssd1963_lld.o)
                                                  ..\Libraries\libBSP.a(ssd1963.o)
SSD1963_WritePixel                                ..\Libraries\libBSP.a(ssd1963.o)
                                                  ..\Libraries\libsGUI.a(geometry.o)
SVC_Handler                                       ..\Libraries\libFreeRTOS.a(port.o)
                                                  src\startup.o
SYSCFG_CompensationCellCmd                        ..\Libraries\libBSP.a(stm32f4xx_syscfg.o)
SYSCFG_DeInit                                     ..\Libraries\libBSP.a(stm32f4xx_syscfg.o)
SYSCFG_ETH_MediaInterfaceConfig                   ..\Libraries\libBSP.a(stm32f4xx_syscfg.o)
SYSCFG_EXTILineConfig                             ..\Libraries\libBSP.a(stm32f4xx_syscfg.o)
                                                  ..\Libraries\libBSP.a(can.o)
SYSCFG_GetCompensationCellStatus                  ..\Libraries\libBSP.a(stm32f4xx_syscfg.o)
SYSCFG_MemoryRemapConfig                          ..\Libraries\libBSP.a(stm32f4xx_syscfg.o)
SYSCFG_MemorySwappingBank                         ..\Libraries\libBSP.a(stm32f4xx_syscfg.o)
SysTick_CLKSourceConfig                           ..\Libraries\libBSP.a(misc.o)
SysTick_Handler                                   ..\Libraries\libFreeRTOS.a(port.o)
                                                  src\startup.o
SystemCoreClock                                   ..\Libraries\libBSP.a(system_stm32f4xx.o)
                                                  ..\Libraries\libFreeRTOS.a(port.o)
SystemCoreClockUpdate                             ..\Libraries\libBSP.a(system_stm32f4xx.o)
SystemInit                                        ..\Libraries\libBSP.a(system_stm32f4xx.o)
                                                  src\startup.o
TAMP_STAMP_IRQHandler                             src\startup.o
TIM1_BRK_TIM9_IRQHandler                          src\startup.o
TIM1_CC_IRQHandler                                src\startup.o
TIM1_TRG_COM_TIM11_IRQHandler                     src\startup.o
TIM1_UP_TIM10_IRQHandler                          src\startup.o
TIM2_IRQHandler                                   src\startup.o
TIM3_IRQHandler                                   src\startup.o
TIM4_IRQHandler                                   src\startup.o
TIM5_IRQHandler                                   src\startup.o
TIM6_DAC_IRQHandler                               src\startup.o
TIM7_IRQHandler                                   src\startup.o
TIM8_BRK_TIM12_IRQHandler                         src\startup.o
TIM8_CC_IRQHandler                                src\startup.o
TIM8_TRG_COM_TIM14_IRQHandler                     src\startup.o
TIM8_UP_TIM13_IRQHandler                          src\startup.o
Task1Name                                         src\main.o
Task2Name                                         src\main.o
Task3Name                                         src\main.o
TestTask                                          src\main.o
TextColor                                         ..\Libraries\libsGUI.a(text.o)
UART4_IRQHandler                                  src\startup.o
UART5_IRQHandler                                  src\startup.o
USART1_IRQHandler                                 src\startup.o
USART2_IRQHandler                                 src\startup.o
USART3_IRQHandler                                 src\startup.o
USART6_IRQHandler                                 src\startup.o
USART_ClearFlag                                   ..\Libraries\libBSP.a(stm32f4xx_usart.o)
USART_ClearITPendingBit                           ..\Libraries\libBSP.a(stm32f4xx_usart.o)
USART_ClockInit                                   ..\Libraries\libBSP.a(stm32f4xx_usart.o)
USART_ClockStructInit                             ..\Libraries\libBSP.a(stm32f4xx_usart.o)
USART_Cmd                                         ..\Libraries\libBSP.a(stm32f4xx_usart.o)
USART_DMACmd                                      ..\Libraries\libBSP.a(stm32f4xx_usart.o)
USART_DeInit                                      ..\Libraries\libBSP.a(stm32f4xx_usart.o)
USART_GetFlagStatus                               ..\Libraries\libBSP.a(stm32f4xx_usart.o)
                                                  src\syscalls.o
USART_GetITStatus                                 ..\Libraries\libBSP.a(stm32f4xx_usart.o)
USART_HalfDuplexCmd                               ..\Libraries\libBSP.a(stm32f4xx_usart.o)
USART_ITConfig                                    ..\Libraries\libBSP.a(stm32f4xx_usart.o)
USART_Init                                        ..\Libraries\libBSP.a(stm32f4xx_usart.o)
USART_IrDACmd                                     ..\Libraries\libBSP.a(stm32f4xx_usart.o)
USART_IrDAConfig                                  ..\Libraries\libBSP.a(stm32f4xx_usart.o)
USART_LINBreakDetectLengthConfig                  ..\Libraries\libBSP.a(stm32f4xx_usart.o)
USART_LINCmd                                      ..\Libraries\libBSP.a(stm32f4xx_usart.o)
USART_OneBitMethodCmd                             ..\Libraries\libBSP.a(stm32f4xx_usart.o)
USART_OverSampling8Cmd                            ..\Libraries\libBSP.a(stm32f4xx_usart.o)
USART_ReceiveData                                 ..\Libraries\libBSP.a(stm32f4xx_usart.o)
                                                  src\syscalls.o
USART_ReceiverWakeUpCmd                           ..\Libraries\libBSP.a(stm32f4xx_usart.o)
USART_SendBreak                                   ..\Libraries\libBSP.a(stm32f4xx_usart.o)
USART_SendData                                    ..\Libraries\libBSP.a(stm32f4xx_usart.o)
                                                  src\syscalls.o
USART_SetAddress                                  ..\Libraries\libBSP.a(stm32f4xx_usart.o)
USART_SetGuardTime                                ..\Libraries\libBSP.a(stm32f4xx_usart.o)
USART_SetPrescaler                                ..\Libraries\libBSP.a(stm32f4xx_usart.o)
USART_SmartCardCmd                                ..\Libraries\libBSP.a(stm32f4xx_usart.o)
USART_SmartCardNACKCmd                            ..\Libraries\libBSP.a(stm32f4xx_usart.o)
USART_StructInit                                  ..\Libraries\libBSP.a(stm32f4xx_usart.o)
USART_WakeUpConfig                                ..\Libraries\libBSP.a(stm32f4xx_usart.o)
UsageFault_Handler                                src\startup.o
WWDG_IRQHandler                                   src\startup.o