Archive member included to satisfy reference by file (symbol)

c:/apps/atollic/truestudio for arm 5.5.1/armtools/bin/../lib/gcc/arm-atollic-eabi/5.3.1/../../../../arm-atollic-eabi/lib/armv7e-m/fpu\libc_nano.a(lib_a-malloc.o)
                              src\main.o (malloc)
c:/apps/atollic/truestudio for arm 5.5.1/armtools/bin/../lib/gcc/arm-atollic-eabi/5.3.1/../../../../arm-atollic-eabi/lib/armv7e-m/fpu\libc_nano.a(lib_a-nano-freer.o)
                              c:/apps/atollic/truestudio for arm 5.5.1/armtools/bin/../lib/gcc/arm-atollic-eabi/5.3.1/../../../../arm-atollic-eabi/lib/armv7e-m/fpu\libc_nano.a(lib_a-malloc.o) (_free_r)
c:/apps/atollic/truestudio for arm 5.5.1/armtools/bin/../lib/gcc/arm-atollic-eabi/5.3.1/../../../../arm-atollic-eabi/lib/armv7e-m/fpu\libc_nano.a(lib_a-nano-mallocr.o)
                              c:/apps/atollic/truestudio for arm 5.5.1/armtools/bin/../lib/gcc/arm-atollic-eabi/5.3.1/../../../../arm-atollic-eabi/lib/armv7e-m/fpu\libc_nano.a(lib_a-malloc.o) (_malloc_r)
c:/apps/atollic/truestudio for arm 5.5.1/armtools/bin/../lib/gcc/arm-atollic-eabi/5.3.1/../../../../arm-atollic-eabi/lib/armv7e-m/fpu\libc_nano.a(lib_a-reent.o)
                              src\syscalls.o (errno)
c:/apps/atollic/truestudio for arm 5.5.1/armtools/bin/../lib/gcc/arm-atollic-eabi/5.3.1/../../../../arm-atollic-eabi/lib/armv7e-m/fpu\libc_nano.a(lib_a-sbrkr.o)
                              c:/apps/atollic/truestudio for arm 5.5.1/armtools/bin/../lib/gcc/arm-atollic-eabi/5.3.1/../../../../arm-atollic-eabi/lib/armv7e-m/fpu\libc_nano.a(lib_a-nano-mallocr.o) (_sbrk_r)
c:/apps/atollic/truestudio for arm 5.5.1/armtools/bin/../lib/gcc/arm-atollic-eabi/5.3.1/../../../../arm-atollic-eabi/lib/armv7e-m/fpu\libc_nano.a(lib_a-strlen.o)
                              src\tiny_printf.o (strlen)
c:/apps/atollic/truestudio for arm 5.5.1/armtools/bin/../lib/gcc/arm-atollic-eabi/5.3.1/../../../../arm-atollic-eabi/lib/armv7e-m/fpu\libc_nano.a(lib_a-impure.o)
                              c:/apps/atollic/truestudio for arm 5.5.1/armtools/bin/../lib/gcc/arm-atollic-eabi/5.3.1/../../../../arm-atollic-eabi/lib/armv7e-m/fpu\libc_nano.a(lib_a-malloc.o) (_impure_ptr)
c:/apps/atollic/truestudio for arm 5.5.1/armtools/bin/../lib/gcc/arm-atollic-eabi/5.3.1/../../../../arm-atollic-eabi/lib/armv7e-m/fpu\libc_nano.a(lib_a-mlock.o)
                              c:/apps/atollic/truestudio for arm 5.5.1/armtools/bin/../lib/gcc/arm-atollic-eabi/5.3.1/../../../../arm-atollic-eabi/lib/armv7e-m/fpu\libc_nano.a(lib_a-nano-freer.o) (__malloc_lock)
..\Libraries\libBSP.a(stm32f4xx_usart.o)
                              src\syscalls.o (USART_SendData)
..\Libraries\libBSP.a(stm32f4xx_rcc.o)
                              ..\Libraries\libBSP.a(stm32f4xx_usart.o) (RCC_GetClocksFreq)
..\Libraries\libBSP.a(misc.o)
                              src\main.o (NVIC_PriorityGroupConfig)
..\Libraries\libBSP.a(system_stm32f4xx.o)
                              src\startup.o (SystemInit)
..\Libraries\libBSP.a(ssd1963.o)
                              src\main.o (SSD1963_Init)
..\Libraries\libBSP.a(carme.o)
                              src\startup.o (CARME_Init)
..\Libraries\libBSP.a(can.o)  src\main.o (CARME_CAN_InitI)
..\Libraries\libBSP.a(stm32f4xx_syscfg.o)
                              ..\Libraries\libBSP.a(can.o) (SYSCFG_EXTILineConfig)
..\Libraries\libBSP.a(stm32f4xx_gpio.o)
                              ..\Libraries\libBSP.a(carme.o) (GPIO_DeInit)
..\Libraries\libBSP.a(stm32f4xx_fsmc.o)
                              ..\Libraries\libBSP.a(carme.o) (FSMC_NORSRAMDeInit)
..\Libraries\libBSP.a(stm32f4xx_exti.o)
                              ..\Libraries\libBSP.a(can.o) (EXTI_Init)
..\Libraries\libBSP.a(ssd1963_lld.o)
                              ..\Libraries\libBSP.a(ssd1963.o) (SSD1963_LLD_Init)
..\Libraries\libsGUI.a(text.o)
                              src\main.o (LCD_SetFont)
..\Libraries\libsGUI.a(geometry.o)
                              ..\Libraries\libsGUI.a(text.o) (LCD_DrawRectF)
..\Libraries\libsGUI.a(font.o)
                              src\main.o (font_4x6)
..\Libraries\libFreeRTOS.a(tasks.o)
                              src\main.o (xTaskGenericCreate)
..\Libraries\libFreeRTOS.a(queue.o)
                              src\main.o (xQueueGenericCreate)
..\Libraries\libFreeRTOS.a(heap_4.o)
                              ..\Libraries\libFreeRTOS.a(tasks.o) (pvPortMalloc)
..\Libraries\libFreeRTOS.a(port.o)
                              ..\Libraries\libFreeRTOS.a(tasks.o) (pxPortInitialiseStack)
..\Libraries\libFreeRTOS.a(list.o)
                              ..\Libraries\libFreeRTOS.a(tasks.o) (vListInitialise)
..\Libraries\libFreeRTOS.a(timers.o)
                              ..\Libraries\libFreeRTOS.a(tasks.o) (xTimerCreateTimerTask)
c:/apps/atollic/truestudio for arm 5.5.1/armtools/bin/../lib/gcc/arm-atollic-eabi/5.3.1/../../../../arm-atollic-eabi/lib/armv7e-m/fpu\libc.a(lib_a-memcmp.o)
[...]
Memory Configuration

Name             Origin             Length             Attributes
FLASH            0x08000000         0x00100000         xr
RAM              0x20000000         0x00020000         xrw
MEMORY_B1        0x60000000         0x00000000         xr
CCMRAM           0x10000000         0x00010000         rw
*default*        0x00000000         0xffffffff

Linker script and memory map

LOAD c:/apps/atollic/truestudio for arm 5.5.1/armtools/bin/../lib/gcc/arm-atollic-eabi/5.3.1/armv7e-m/fpu/crti.o
LOAD c:/apps/atollic/truestudio for arm 5.5.1/armtools/bin/../lib/gcc/arm-atollic-eabi/5.3.1/armv7e-m/fpu/crtbegin.o
LOAD src\tiny_printf.o
LOAD src\syscalls.o
LOAD src\startup.o
LOAD src\main.o
START GROUP
LOAD c:/apps/atollic/truestudio for arm 5.5.1/armtools/bin/../lib/gcc/arm-atollic-eabi/5.3.1/../../../../arm-atollic-eabi/lib/armv7e-m/fpu\libc_nano.a
LOAD c:/apps/atollic/truestudio for arm 5.5.1/armtools/bin/../lib/gcc/arm-atollic-eabi/5.3.1/../../../../arm-atollic-eabi/lib/armv7e-m/fpu\libm.a
END GROUP
                0x00000080                malloc_getpagesize_P = 0x80
START GROUP
LOAD c:/apps/atollic/truestudio for arm 5.5.1/armtools/bin/../lib/gcc/arm-atollic-eabi/5.3.1/armv7e-m/fpu\libgcc.a
LOAD c:/apps/atollic/truestudio for arm 5.5.1/armtools/bin/../lib/gcc/arm-atollic-eabi/5.3.1/../../../../arm-atollic-eabi/lib/armv7e-m/fpu\libc_nano.a
END GROUP
START GROUP
LOAD c:/apps/atollic/truestudio for arm 5.5.1/armtools/bin/../lib/gcc/arm-atollic-eabi/5.3.1/armv7e-m/fpu\libgcc.a
LOAD c:/apps/atollic/truestudio for arm 5.5.1/armtools/bin/../lib/gcc/arm-atollic-eabi/5.3.1/../../../../arm-atollic-eabi/lib/armv7e-m/fpu\libc_nano.a
LOAD c:/apps/atollic/truestudio for arm 5.5.1/armtools/bin/../lib/gcc/arm-atollic-eabi/5.3.1/../../../../arm-atollic-eabi/lib/armv7e-m/fpu\libnosys.a
END GROUP
START GROUP
LOAD c:/apps/atollic/truestudio for arm 5.5.1/armtools/bin/../lib/gcc/arm-atollic-eabi/5.3.1/armv7e-m/fpu\libgcc.a
LOAD c:/apps/atollic/truestudio for arm 5.5.1/armtools/bin/../lib/gcc/arm-atollic-eabi/5.3.1/../../../../arm-atollic-eabi/lib/armv7e-m/fpu\libc_nano.a
LOAD c:/apps/atollic/truestudio for arm 5.5.1/armtools/bin/../lib/gcc/arm-atollic-eabi/5.3.1/../../../../arm-atollic-eabi/lib/armv7e-m/fpu\libnosys.a
END GROUP
LOAD c:/apps/atollic/truestudio for arm 5.5.1/armtools/bin/../lib/gcc/arm-atollic-eabi/5.3.1/armv7e-m/fpu/crtend.o
LOAD c:/apps/atollic/truestudio for arm 5.5.1/armtools/bin/../lib/gcc/arm-atollic-eabi/5.3.1/armv7e-m/fpu/crtn.o
LOAD ..\Libraries\libBSP.a
LOAD ..\Libraries\libsGUI.a
LOAD ..\Libraries\libFreeRTOS.a
                0x20020000                _estack = 0x20020000
                0x00001000                _Min_Heap_Size = 0x1000
                0x00001000                _Min_Stack_Size = 0x1000

.isr_vector     0x08000000      0x188
                0x08000000                . = ALIGN (0x4)
 *(.isr_vector)
 .isr_vector    0x08000000      0x188 src\startup.o
                0x08000000                g_pfnVectors
                0x08000188                . = ALIGN (0x4)

.text           0x08000188     0x52d8
                0x08000188                . = ALIGN (0x4)
 *(.text)
 .text          0x08000188       0x40 c:/apps/atollic/truestudio for arm 5.5.1/armtools/bin/../lib/gcc/arm-atollic-eabi/5.3.1/armv7e-m/fpu/crtbegin.o
 *(.text*)
 .text._sbrk    0x080001c8       0x68 src\syscalls.o
                0x080001c8                _sbrk
 .text.Reset_Handler
                0x08000230       0x48 src\startup.o
                0x08000230                Reset_Handler
 .text.Default_Handler
                0x08000278       0x20 src\startup.o
                0x08000280                RTC_Alarm_IRQHandler
                0x08000280                HASH_RNG_IRQHandler
                0x08000280                EXTI2_IRQHandler
                0x08000280                TIM8_CC_IRQHandler
                0x08000280                DebugMon_Handler
                0x08000280                TIM1_CC_IRQHandler
                0x08000280                DMA2_Stream5_IRQHandler
                0x08000280                HardFault_Handler
                0x08000280                DMA1_Stream5_IRQHandler
                0x08000280                PVD_IRQHandler
                0x08000280                SDIO_IRQHandler
                0x08000280                TAMP_STAMP_IRQHandler
                0x08000280                NMI_Handler
                0x08000280                CAN2_RX1_IRQHandler
                0x08000280                EXTI3_IRQHandler
                0x08000280                TIM8_TRG_COM_TIM14_IRQHandler
                0x08000280                TIM1_UP_TIM10_IRQHandler
                0x08000280                TIM8_UP_TIM13_IRQHandler
                0x08000280                I2C3_ER_IRQHandler
                0x08000280                EXTI0_IRQHandler
                0x08000280                I2C2_EV_IRQHandler
                0x08000280                DMA1_Stream2_IRQHandler
                0x08000280                CAN1_RX0_IRQHandler
                0x08000280                FPU_IRQHandler
                0x08000280                OTG_HS_WKUP_IRQHandler
                0x08000280                UsageFault_Handler
                0x08000280                CAN2_SCE_IRQHandler
                0x08000280                DMA2_Stream2_IRQHandler
                0x08000280                SPI1_IRQHandler
                0x08000280                TIM6_DAC_IRQHandler
                0x08000280                TIM1_BRK_TIM9_IRQHandler
                0x08000280                DCMI_IRQHandler
                0x08000280                CAN2_RX0_IRQHandler
                0x08000280                DMA2_Stream3_IRQHandler
                0x08000280                USART6_IRQHandler
                0x08000280                USART3_IRQHandler
                0x08000280                CRYP_IRQHandler
                0x08000280                CAN1_RX1_IRQHandler
                0x08000280                UART5_IRQHandler
                0x08000280                DMA2_Stream0_IRQHandler
                0x08000280                vApplicationMallocFailedHook
                0x08000280                TIM4_IRQHandler
                0x08000280                I2C1_EV_IRQHandler
                0x08000280                DMA1_Stream6_IRQHandler
                0x08000280                DMA1_Stream1_IRQHandler
                0x08000280                UART4_IRQHandler
                0x08000280                TIM3_IRQHandler
                0x08000280                RCC_IRQHandler
                0x08000280                TIM8_BRK_TIM12_IRQHandler
                0x08000280                Default_Handler
                0x08000280                EXTI15_10_IRQHandler
                0x08000280                ADC_IRQHandler
                0x08000280                DMA1_Stream7_IRQHandler
                0x08000280                TIM7_IRQHandler
                0x08000280                CAN2_TX_IRQHandler
                0x08000280                TIM5_IRQHandler
                0x08000280                DMA2_Stream7_IRQHandler
                0x08000280                I2C3_EV_IRQHandler
                0x08000280                vApplicationStackOverflowHook
                0x08000280                RTC_WKUP_IRQHandler
                0x08000280                ETH_WKUP_IRQHandler
                0x08000280                SPI2_IRQHandler
                0x08000280                OTG_HS_EP1_IN_IRQHandler
                0x08000280                MemManage_Handler
                0x08000280                DMA1_Stream0_IRQHandler
                0x08000280                CAN1_TX_IRQHandler
                0x08000280                EXTI4_IRQHandler
                0x08000280                FSMC_IRQHandler
                0x08000280                ETH_IRQHandler
                0x08000280                OTG_HS_EP1_OUT_IRQHandler
                0x08000280                WWDG_IRQHandler
                0x08000280                TIM2_IRQHandler
                0x08000280                OTG_FS_WKUP_IRQHandler
                0x08000280                TIM1_TRG_COM_TIM11_IRQHandler
                0x08000280                OTG_HS_IRQHandler
                0x08000280                EXTI1_IRQHandler
                0x08000280                USART2_IRQHandler
                0x08000280                I2C2_ER_IRQHandler
                0x08000280                DMA2_Stream1_IRQHandler
                0x08000280                CAN1_SCE_IRQHandler
                0x08000280                FLASH_IRQHandler
                0x08000280                DMA2_Stream4_IRQHandler
                0x08000280                BusFault_Handler
                0x08000280                USART1_IRQHandler
                0x08000280                OTG_FS_IRQHandler
                0x08000280                SPI3_IRQHandler
                0x08000280                DMA1_Stream4_IRQHandler
                0x08000280                I2C1_ER_IRQHandler
                0x08000280                DMA2_Stream6_IRQHandler
                0x08000280                DMA1_Stream3_IRQHandler
 .text.LCD_Init
                0x08000298        0xc src\main.o
 .text.main     0x080002a4      0x140 src\main.o
                0x080002a4                main
 .text.TestTask
                0x080003e4      0x358 src\main.o
                0x080003e4                TestTask
 .text.Take_Semaphore
                0x0800073c       0x4c src\main.o
                0x0800073c                Take_Semaphore
 .text.Give_Semaphore
                0x08000788       0x3c src\main.o
                0x08000788                Give_Semaphore
 .text.RobRechts
                0x080007c4       0x28 src\main.o
                0x080007c4                RobRechts
 .text.FoedLinks
                0x080007ec       0x28 src\main.o
                0x080007ec                FoedLinks
 .text.FoedRechts
                0x08000814       0x30 src\main.o
                0x08000814                FoedRechts
 .text.FoedMitte
                0x08000844       0x28 src\main.o
                0x08000844                FoedMitte
 .text.Shifter  0x0800086c       0x34 src\main.o
                0x0800086c                Shifter
 .text.readCanMessageIRQ
                0x080008a0       0x50 src\main.o
                0x080008a0                readCanMessageIRQ
 .text.malloc   0x080008f0       0x10 c:/apps/atollic/truestudio for arm 5.5.1/armtools/bin/../lib/gcc/arm-atollic-eabi/5.3.1/../../../../arm-atollic-eabi/lib/armv7e-m/fpu\libc_nano.a(lib_a-malloc.o)
                0x080008f0                malloc
 .text.free     0x08000900       0x10 c:/apps/atollic/truestudio for arm 5.5.1/armtools/bin/../lib/gcc/arm-atollic-eabi/5.3.1/../../../../arm-atollic-eabi/lib/armv7e-m/fpu\libc_nano.a(lib_a-malloc.o)
                0x08000900                free
 .text._free_r  0x08000910       0x9c c:/apps/atollic/truestudio for arm 5.5.1/armtools/bin/../lib/gcc/arm-atollic-eabi/5.3.1/../../../../arm-atollic-eabi/lib/armv7e-m/fpu\libc_nano.a(lib_a-nano-freer.o)
                0x08000910                _free_r
 .text._malloc_r
                0x080009ac       0xbc c:/apps/atollic/truestudio for arm 5.5.1/armtools/bin/../lib/gcc/arm-atollic-eabi/5.3.1/../../../../arm-atollic-eabi/lib/armv7e-m/fpu\libc_nano.a(lib_a-nano-mallocr.o)
                0x080009ac                _malloc_r
 .text._sbrk_r  0x08000a68       0x20 c:/apps/atollic/truestudio for arm 5.5.1/armtools/bin/../lib/gcc/arm-atollic-eabi/5.3.1/../../../../arm-atollic-eabi/lib/armv7e-m/fpu\libc_nano.a(lib_a-sbrkr.o)
                0x08000a68                _sbrk_r
 .text.__malloc_lock
                0x08000a88        0x2 c:/apps/atollic/truestudio for arm 5.5.1/armtools/bin/../lib/gcc/arm-atollic-eabi/5.3.1/../../../../arm-atollic-eabi/lib/armv7e-m/fpu\libc_nano.a(lib_a-mlock.o)
                0x08000a88                __malloc_lock
 .text.__malloc_unlock
                0x08000a8a        0x2 c:/apps/atollic/truestudio for arm 5.5.1/armtools/bin/../lib/gcc/arm-atollic-eabi/5.3.1/../../../../arm-atollic-eabi/lib/armv7e-m/fpu\libc_nano.a(lib_a-mlock.o)
                0x08000a8a                __malloc_unlock
 .text.RCC_AHB1PeriphClockCmd
                0x08000a8c       0x54 ..\Libraries\libBSP.a(stm32f4xx_rcc.o)
                0x08000a8c                RCC_AHB1PeriphClockCmd
 .text.RCC_AHB3PeriphClockCmd
                0x08000ae0       0x54 ..\Libraries\libBSP.a(stm32f4xx_rcc.o)
                0x08000ae0                RCC_AHB3PeriphClockCmd
 .text.RCC_APB2PeriphClockCmd
                0x08000b34       0x54 ..\Libraries\libBSP.a(stm32f4xx_rcc.o)
                0x08000b34                RCC_APB2PeriphClockCmd
 .text.RCC_AHB1PeriphResetCmd
                0x08000b88       0x54 ..\Libraries\libBSP.a(stm32f4xx_rcc.o)
                0x08000b88                RCC_AHB1PeriphResetCmd
 .text.NVIC_PriorityGroupConfig
                0x08000bdc       0x28 ..\Libraries\libBSP.a(misc.o)
                0x08000bdc                NVIC_PriorityGroupConfig
 .text.NVIC_Init
                0x08000c04       0xe4 ..\Libraries\libBSP.a(misc.o)
                0x08000c04                NVIC_Init
 .text.SystemInit
                0x08000ce8       0xb0 ..\Libraries\libBSP.a(system_stm32f4xx.o)
                0x08000ce8                SystemInit
 .text.SetSysClock
                0x08000d98      0x188 ..\Libraries\libBSP.a(system_stm32f4xx.o)
 .text.SSD1963_Delay
                0x08000f20       0x38 ..\Libraries\libBSP.a(ssd1963.o)
 .text.SSD1963_Init
                0x08000f58      0x1a8 ..\Libraries\libBSP.a(ssd1963.o)
                0x08000f58                SSD1963_Init
 .text.SSD1963_SetArea
                0x08001100       0x90 ..\Libraries\libBSP.a(ssd1963.o)
                0x08001100                SSD1963_SetArea
 .text.SSD1963_FillArea
                0x08001190       0x64 ..\Libraries\libBSP.a(ssd1963.o)
                0x08001190                SSD1963_FillArea
 .text.SSD1963_WriteArea
                0x080011f4       0x6c ..\Libraries\libBSP.a(ssd1963.o)
                0x080011f4                SSD1963_WriteArea
 .text.SSD1963_DisplayOn
                0x08001260       0x10 ..\Libraries\libBSP.a(ssd1963.o)
                0x08001260                SSD1963_DisplayOn
 .text.SSD1963_GetDeviceDescriptorBlock
                0x08001270       0x40 ..\Libraries\libBSP.a(ssd1963.o)
                0x08001270                SSD1963_GetDeviceDescriptorBlock
 .text.CARME_Init
                0x080012b0       0xf8 ..\Libraries\libBSP.a(carme.o)
                0x080012b0                CARME_Init
 .text.CARME_FSMC_GPIO_Init
                0x080013a8       0x60 ..\Libraries\libBSP.a(carme.o)
 .text.CARME_FSMC_Init
                0x08001408      0x160 ..\Libraries\libBSP.a(carme.o)
 .text.CARME_AGPIO_Init
                0x08001568       0x2c ..\Libraries\libBSP.a(carme.o)
 .text.CARME_GPIO_Init
                0x08001594      0x248 ..\Libraries\libBSP.a(carme.o)
                0x08001594                CARME_GPIO_Init
 .text.CARME_AGPIO_Set
                0x080017dc       0x84 ..\Libraries\libBSP.a(carme.o)
                0x080017dc                CARME_AGPIO_Set
 .text.CARME_LED_Red_Set
                0x08001860       0x14 ..\Libraries\libBSP.a(carme.o)
                0x08001860                CARME_LED_Red_Set
 .text.CARME_LED_Red_Reset
                0x08001874       0x14 ..\Libraries\libBSP.a(carme.o)
                0x08001874                CARME_LED_Red_Reset
 .text.CARME_CAN_Write_Register
                0x08001888       0x34 ..\Libraries\libBSP.a(can.o)
 .text.CARME_CAN_Read_Register
                0x080018bc       0x34 ..\Libraries\libBSP.a(can.o)
 .text.CARME_CAN_InitSTM
                0x080018f0       0x88 ..\Libraries\libBSP.a(can.o)
 .text.CARME_CAN_Init
                0x08001978       0xc4 ..\Libraries\libBSP.a(can.o)
                0x08001978                CARME_CAN_Init
 .text.CARME_CAN_InitI
                0x08001a3c       0x38 ..\Libraries\libBSP.a(can.o)
                0x08001a3c                CARME_CAN_InitI
 .text.CARME_CAN_RegisterIRQCallback
                0x08001a74       0x28 ..\Libraries\libBSP.a(can.o)
                0x08001a74                CARME_CAN_RegisterIRQCallback
 .text.CARME_CAN_SetMode
                0x08001a9c       0x58 ..\Libraries\libBSP.a(can.o)
                0x08001a9c                CARME_CAN_SetMode
 .text.CARME_CAN_Read
                0x08001af4      0x188 ..\Libraries\libBSP.a(can.o)
                0x08001af4                CARME_CAN_Read
 .text.EXTI9_5_IRQHandler
                0x08001c7c      0x174 ..\Libraries\libBSP.a(can.o)
                0x08001c7c                EXTI9_5_IRQHandler
 .text.CARME_CAN_SetBusTiming
                0x08001df0       0x30 ..\Libraries\libBSP.a(can.o)
 .text.CARME_CAN_SetBaudrate
                0x08001e20       0x9c ..\Libraries\libBSP.a(can.o)
                0x08001e20                CARME_CAN_SetBaudrate
 .text.SYSCFG_EXTILineConfig
                0x08001ebc       0xb0 ..\Libraries\libBSP.a(stm32f4xx_syscfg.o)
                0x08001ebc                SYSCFG_EXTILineConfig
 .text.GPIO_DeInit
                0x08001f6c      0x1c8 ..\Libraries\libBSP.a(stm32f4xx_gpio.o)
                0x08001f6c                GPIO_DeInit
 .text.GPIO_Init
                0x08002134      0x144 ..\Libraries\libBSP.a(stm32f4xx_gpio.o)
                0x08002134                GPIO_Init
 .text.GPIO_StructInit
                0x08002278       0x3c ..\Libraries\libBSP.a(stm32f4xx_gpio.o)
                0x08002278                GPIO_StructInit
 .text.GPIO_WriteBit
                0x080022b4       0x30 ..\Libraries\libBSP.a(stm32f4xx_gpio.o)
                0x080022b4                GPIO_WriteBit
 .text.GPIO_PinAFConfig
                0x080022e4       0xa8 ..\Libraries\libBSP.a(stm32f4xx_gpio.o)
                0x080022e4                GPIO_PinAFConfig
 .text.FSMC_NORSRAMDeInit
                0x0800238c       0x5c ..\Libraries\libBSP.a(stm32f4xx_fsmc.o)
                0x0800238c                FSMC_NORSRAMDeInit
 .text.FSMC_NORSRAMInit
                0x080023e8      0x150 ..\Libraries\libBSP.a(stm32f4xx_fsmc.o)
                0x080023e8                FSMC_NORSRAMInit
 .text.FSMC_NORSRAMCmd
                0x08002538       0x54 ..\Libraries\libBSP.a(stm32f4xx_fsmc.o)
                0x08002538                FSMC_NORSRAMCmd
 .text.EXTI_Init
                0x0800258c      0x138 ..\Libraries\libBSP.a(stm32f4xx_exti.o)
                0x0800258c                EXTI_Init
 .text.EXTI_GetITStatus
                0x080026c4       0x3c ..\Libraries\libBSP.a(stm32f4xx_exti.o)
                0x080026c4                EXTI_GetITStatus
 .text.EXTI_ClearITPendingBit
                0x08002700       0x20 ..\Libraries\libBSP.a(stm32f4xx_exti.o)
                0x08002700                EXTI_ClearITPendingBit
 .text.SSD1963_LLD_Init
                0x08002720       0x50 ..\Libraries\libBSP.a(ssd1963_lld.o)
                0x08002720                SSD1963_LLD_Init
 .text.SSD1963_WriteCommand
                0x08002770       0x1c ..\Libraries\libBSP.a(ssd1963_lld.o)
                0x08002770                SSD1963_WriteCommand
 .text.SSD1963_WriteData
                0x0800278c       0x1c ..\Libraries\libBSP.a(ssd1963_lld.o)
                0x0800278c                SSD1963_WriteData
 .text.SSD1963_ReadData
                0x080027a8       0x14 ..\Libraries\libBSP.a(ssd1963_lld.o)
                0x080027a8                SSD1963_ReadData
 .text.LCD_WriteArea
                0x080027bc       0x28 ..\Libraries\libsGUI.a(text.o)
 .text.LCD_DrawChar
                0x080027e4      0x134 ..\Libraries\libsGUI.a(text.o)
 .text.LCD_SetFont
                0x08002918       0x20 ..\Libraries\libsGUI.a(text.o)
                0x08002918                LCD_SetFont
 .text.LCD_DisplayCharXY
                0x08002938       0x84 ..\Libraries\libsGUI.a(text.o)
                0x08002938                LCD_DisplayCharXY
 .text.LCD_DisplayStringXY
                0x080029bc       0x50 ..\Libraries\libsGUI.a(text.o)
                0x080029bc                LCD_DisplayStringXY
 .text.xTaskGenericCreate
                0x08002a0c      0x1c0 ..\Libraries\libFreeRTOS.a(tasks.o)
                0x08002a0c                xTaskGenericCreate
 .text.vTaskDelay
                0x08002bcc       0x5c ..\Libraries\libFreeRTOS.a(tasks.o)
                0x08002bcc                vTaskDelay
 .text.vTaskStartScheduler
                0x08002c28       0x88 ..\Libraries\libFreeRTOS.a(tasks.o)
                0x08002c28                vTaskStartScheduler
 .text.vTaskSuspendAll
                0x08002cb0       0x24 ..\Libraries\libFreeRTOS.a(tasks.o)
                0x08002cb0                vTaskSuspendAll
 .text.xTaskResumeAll
                0x08002cd4      0x174 ..\Libraries\libFreeRTOS.a(tasks.o)
                0x08002cd4                xTaskResumeAll
 .text.xTaskGetTickCount
                0x08002e48       0x28 ..\Libraries\libFreeRTOS.a(tasks.o)
                0x08002e48                xTaskGetTickCount
 .text.xTaskIncrementTick
                0x08002e70      0x248 ..\Libraries\libFreeRTOS.a(tasks.o)
                0x08002e70                xTaskIncrementTick
 .text.vTaskSwitchContext
                0x080030b8      0x164 ..\Libraries\libFreeRTOS.a(tasks.o)
                0x080030b8                vTaskSwitchContext
 .text.vTaskPlaceOnEventList
                0x0800321c       0x84 ..\Libraries\libFreeRTOS.a(tasks.o)
                0x0800321c                vTaskPlaceOnEventList
 .text.vTaskPlaceOnEventListRestricted
                0x080032a0       0x60 ..\Libraries\libFreeRTOS.a(tasks.o)
                0x080032a0                vTaskPlaceOnEventListRestricted
 .text.xTaskRemoveFromEventList
                0x08003300       0xdc ..\Libraries\libFreeRTOS.a(tasks.o)
                0x08003300                xTaskRemoveFromEventList
 .text.vTaskSetTimeOutState
                0x080033dc       0x38 ..\Libraries\libFreeRTOS.a(tasks.o)
                0x080033dc                vTaskSetTimeOutState
 .text.xTaskCheckForTimeOut
                0x08003414       0xb0 ..\Libraries\libFreeRTOS.a(tasks.o)
                0x08003414                xTaskCheckForTimeOut
 .text.vTaskMissedYield
                0x080034c4       0x18 ..\Libraries\libFreeRTOS.a(tasks.o)
                0x080034c4                vTaskMissedYield
 .text.prvIdleTask
                0x080034dc       0x24 ..\Libraries\libFreeRTOS.a(tasks.o)
 .text.prvInitialiseTCBVariables
                0x08003500       0xa0 ..\Libraries\libFreeRTOS.a(tasks.o)
 .text.prvInitialiseTaskLists
                0x080035a0       0xa4 ..\Libraries\libFreeRTOS.a(tasks.o)
 .text.prvCheckTasksWaitingTermination
                0x08003644       0x9c ..\Libraries\libFreeRTOS.a(tasks.o)
 .text.prvAddCurrentTaskToDelayedList
                0x080036e0       0x8c ..\Libraries\libFreeRTOS.a(tasks.o)
 .text.prvAllocateTCBAndStack
                0x0800376c       0x70 ..\Libraries\libFreeRTOS.a(tasks.o)
 .text.prvDeleteTCB
                0x080037dc       0x20 ..\Libraries\libFreeRTOS.a(tasks.o)
 .text.xTaskGetCurrentTaskHandle
                0x080037fc       0x20 ..\Libraries\libFreeRTOS.a(tasks.o)
                0x080037fc                xTaskGetCurrentTaskHandle
 .text.xTaskGetSchedulerState
                0x0800381c       0x48 ..\Libraries\libFreeRTOS.a(tasks.o)
                0x0800381c                xTaskGetSchedulerState
 .text.vTaskPriorityInherit
                0x08003864       0xe8 ..\Libraries\libFreeRTOS.a(tasks.o)
                0x08003864                vTaskPriorityInherit
 .text.vTaskPriorityDisinherit
                0x0800394c       0x90 ..\Libraries\libFreeRTOS.a(tasks.o)
                0x0800394c                vTaskPriorityDisinherit
 .text.xQueueGenericReset
                0x080039dc       0xc0 ..\Libraries\libFreeRTOS.a(queue.o)
                0x080039dc                xQueueGenericReset
 .text.xQueueGenericCreate
                0x08003a9c       0x90 ..\Libraries\libFreeRTOS.a(queue.o)
                0x08003a9c                xQueueGenericCreate
 .text.xQueueCreateMutex
                0x08003b2c       0xac ..\Libraries\libFreeRTOS.a(queue.o)
                0x08003b2c                xQueueCreateMutex
 .text.xQueueGenericSend
                0x08003bd8      0x178 ..\Libraries\libFreeRTOS.a(queue.o)
                0x08003bd8                xQueueGenericSend
 .text.xQueueGenericSendFromISR
                0x08003d50       0xe8 ..\Libraries\libFreeRTOS.a(queue.o)
                0x08003d50                xQueueGenericSendFromISR
 .text.xQueueGenericReceive
                0x08003e38      0x1b8 ..\Libraries\libFreeRTOS.a(queue.o)
                0x08003e38                xQueueGenericReceive
 .text.prvCopyDataToQueue
                0x08003ff0       0xdc ..\Libraries\libFreeRTOS.a(queue.o)
 .text.prvCopyDataFromQueue
                0x080040cc       0x50 ..\Libraries\libFreeRTOS.a(queue.o)
 .text.prvUnlockQueue
                0x0800411c       0xa0 ..\Libraries\libFreeRTOS.a(queue.o)
 .text.prvIsQueueEmpty
                0x080041bc       0x34 ..\Libraries\libFreeRTOS.a(queue.o)
 .text.prvIsQueueFull
                0x080041f0       0x38 ..\Libraries\libFreeRTOS.a(queue.o)
 .text.vQueueWaitForMessageRestricted
                0x08004228       0x60 ..\Libraries\libFreeRTOS.a(queue.o)
                0x08004228                vQueueWaitForMessageRestricted
 .text.pvPortMalloc
                0x08004288      0x164 ..\Libraries\libFreeRTOS.a(heap_4.o)
                0x08004288                pvPortMalloc
 .text.vPortFree
                0x080043ec       0xb8 ..\Libraries\libFreeRTOS.a(heap_4.o)
                0x080043ec                vPortFree
 .text.prvHeapInit
                0x080044a4       0xf8 ..\Libraries\libFreeRTOS.a(heap_4.o)
 .text.prvInsertBlockIntoFreeList
                0x0800459c       0xbc ..\Libraries\libFreeRTOS.a(heap_4.o)
 .text.pxPortInitialiseStack
                0x08004658       0x74 ..\Libraries\libFreeRTOS.a(port.o)
                0x08004658                pxPortInitialiseStack
 .text.prvTaskExitError
                0x080046cc       0x20 ..\Libraries\libFreeRTOS.a(port.o)
 .text.SVC_Handler
                0x080046ec       0x1c ..\Libraries\libFreeRTOS.a(port.o)
                0x080046ec                SVC_Handler
 .text.prvPortStartFirstTask
                0x08004708       0x14 ..\Libraries\libFreeRTOS.a(port.o)
 .text.xPortStartScheduler
                0x0800471c      0x128 ..\Libraries\libFreeRTOS.a(port.o)
                0x0800471c                xPortStartScheduler
 .text.vPortYield
                0x08004844       0x20 ..\Libraries\libFreeRTOS.a(port.o)
                0x08004844                vPortYield
 .text.vPortEnterCritical
                0x08004864       0x2c ..\Libraries\libFreeRTOS.a(port.o)
                0x08004864                vPortEnterCritical
 .text.vPortExitCritical
                0x08004890       0x34 ..\Libraries\libFreeRTOS.a(port.o)
                0x08004890                vPortExitCritical
 .text.ulPortSetInterruptMask
                0x080048c4       0x14 ..\Libraries\libFreeRTOS.a(port.o)
                0x080048c4                ulPortSetInterruptMask
 .text.vPortClearInterruptMask
                0x080048d8        0x8 ..\Libraries\libFreeRTOS.a(port.o)
                0x080048d8                vPortClearInterruptMask
 .text.PendSV_Handler
                0x080048e0       0x50 ..\Libraries\libFreeRTOS.a(port.o)
                0x080048e0                PendSV_Handler
 .text.SysTick_Handler
                0x08004930       0x2c ..\Libraries\libFreeRTOS.a(port.o)
                0x08004930                SysTick_Handler
 .text.vPortSetupTimerInterrupt
                0x0800495c       0x40 ..\Libraries\libFreeRTOS.a(port.o)
                0x0800495c                vPortSetupTimerInterrupt
 .text.vPortEnableVFP
                0x0800499c       0x14 ..\Libraries\libFreeRTOS.a(port.o)
 .text.vPortValidateInterruptPriority
                0x080049b0       0x64 ..\Libraries\libFreeRTOS.a(port.o)
                0x080049b0                vPortValidateInterruptPriority
 .text.vListInitialise
                0x08004a14       0x40 ..\Libraries\libFreeRTOS.a(list.o)
                0x08004a14                vListInitialise
 .text.vListInitialiseItem
                0x08004a54       0x1c ..\Libraries\libFreeRTOS.a(list.o)
                0x08004a54                vListInitialiseItem
 .text.vListInsertEnd
                0x08004a70       0x48 ..\Libraries\libFreeRTOS.a(list.o)
                0x08004a70                vListInsertEnd
 .text.vListInsert
                0x08004ab8       0x74 ..\Libraries\libFreeRTOS.a(list.o)
                0x08004ab8                vListInsert
 .text.uxListRemove
                0x08004b2c       0x58 ..\Libraries\libFreeRTOS.a(list.o)
                0x08004b2c                uxListRemove
 .text.xTimerCreateTimerTask
                0x08004b84       0x6c ..\Libraries\libFreeRTOS.a(timers.o)
                0x08004b84                xTimerCreateTimerTask
 .text.xTimerGenericCommand
                0x08004bf0       0xac ..\Libraries\libFreeRTOS.a(timers.o)
                0x08004bf0                xTimerGenericCommand
 .text.prvProcessExpiredTimer
                0x08004c9c       0x7c ..\Libraries\libFreeRTOS.a(timers.o)
 .text.prvTimerTask
                0x08004d18       0x24 ..\Libraries\libFreeRTOS.a(timers.o)
 .text.prvProcessTimerOrBlockTask
                0x08004d3c       0x74 ..\Libraries\libFreeRTOS.a(timers.o)
 .text.prvGetNextExpireTime
                0x08004db0       0x54 ..\Libraries\libFreeRTOS.a(timers.o)
 .text.prvSampleTimeNow
                0x08004e04       0x58 ..\Libraries\libFreeRTOS.a(timers.o)
 .text.prvInsertTimerInActiveList
                0x08004e5c       0x94 ..\Libraries\libFreeRTOS.a(timers.o)
 .text.prvProcessReceivedCommands
                0x08004ef0      0x104 ..\Libraries\libFreeRTOS.a(timers.o)
 .text.prvSwitchTimerLists
                0x08004ff4       0xe8 ..\Libraries\libFreeRTOS.a(timers.o)
 .text.prvCheckForValidListAndQueue
                0x080050dc       0x74 ..\Libraries\libFreeRTOS.a(timers.o)
 .text.memcmp   0x08005150       0x1e c:/apps/atollic/truestudio for arm 5.5.1/armtools/bin/../lib/gcc/arm-atollic-eabi/5.3.1/../../../../arm-atollic-eabi/lib/armv7e-m/fpu\libc.a(lib_a-memcmp.o)
                0x08005150                memcmp
 .text.memcpy   0x0800516e       0x16 c:/apps/atollic/truestudio for arm 5.5.1/armtools/bin/../lib/gcc/arm-atollic-eabi/5.3.1/../../../../arm-atollic-eabi/lib/armv7e-m/fpu\libc.a(lib_a-memcpy-stub.o)
                0x0800516e                memcpy
 .text.memset   0x08005184       0x10 c:/apps/atollic/truestudio for arm 5.5.1/armtools/bin/../lib/gcc/arm-atollic-eabi/5.3.1/../../../../arm-atollic-eabi/lib/armv7e-m/fpu\libc.a(lib_a-memset.o)
                0x08005184                memset
 *(.rodata)
 .rodata        0x08005194       0xd5 src\main.o
 *fill*         0x08005269        0x3 
 .rodata        0x0800526c      0x1a8 ..\Libraries\libBSP.a(carme.o)
 .rodata        0x08005414        0x8 ..\Libraries\libFreeRTOS.a(tasks.o)
 .rodata        0x0800541c        0x8 ..\Libraries\libFreeRTOS.a(timers.o)
 *(.rodata*)
 .rodata.str1.1
                0x08005424        0x2 c:/apps/atollic/truestudio for arm 5.5.1/armtools/bin/../lib/gcc/arm-atollic-eabi/5.3.1/../../../../arm-atollic-eabi/lib/armv7e-m/fpu\libc_nano.a(lib_a-impure.o)
 *fill*         0x08005426        0x2 
 .rodata.ucExpectedStackBytes.8730
                0x08005428       0x14 ..\Libraries\libFreeRTOS.a(tasks.o)
 .rodata.heapSTRUCT_SIZE
                0x0800543c        0x2 ..\Libraries\libFreeRTOS.a(heap_4.o)
 *fill*         0x0800543e        0x2 
 .rodata.xTotalHeapSize
                0x08005440        0x4 ..\Libraries\libFreeRTOS.a(heap_4.o)
 .rodata.pcInterruptPriorityRegisters
                0x08005444        0x4 ..\Libraries\libFreeRTOS.a(port.o)
 *(.glue_7)
 .glue_7        0x08005448        0x0 linker stubs
 *(.glue_7t)
 .glue_7t       0x08005448        0x0 linker stubs
 *(.eh_frame)
 .eh_frame      0x08005448        0x0 c:/apps/atollic/truestudio for arm 5.5.1/armtools/bin/../lib/gcc/arm-atollic-eabi/5.3.1/armv7e-m/fpu/crtbegin.o
 *(.init)
 .init          0x08005448        0x4 c:/apps/atollic/truestudio for arm 5.5.1/armtools/bin/../lib/gcc/arm-atollic-eabi/5.3.1/armv7e-m/fpu/crti.o
                0x08005448                _init
 .init          0x0800544c        0x8 c:/apps/atollic/truestudio for arm 5.5.1/armtools/bin/../lib/gcc/arm-atollic-eabi/5.3.1/armv7e-m/fpu/crtn.o
 *(.fini)
 .fini          0x08005454        0x4 c:/apps/atollic/truestudio for arm 5.5.1/armtools/bin/../lib/gcc/arm-atollic-eabi/5.3.1/armv7e-m/fpu/crti.o
                0x08005454                _fini
 .fini          0x08005458        0x8 c:/apps/atollic/truestudio for arm 5.5.1/armtools/bin/../lib/gcc/arm-atollic-eabi/5.3.1/armv7e-m/fpu/crtn.o
                0x08005460                . = ALIGN (0x4)
                0x08005460                _etext = .

.vfp11_veneer   0x08005460        0x0
 .vfp11_veneer  0x08005460        0x0 linker stubs

.v4_bx          0x08005460        0x0
 .v4_bx         0x08005460        0x0 linker stubs

.iplt           0x08005460        0x0
 .iplt          0x08005460        0x0 c:/apps/atollic/truestudio for arm 5.5.1/armtools/bin/../lib/gcc/arm-atollic-eabi/5.3.1/armv7e-m/fpu/crtbegin.o

.rel.dyn        0x08005460        0x0
 .rel.iplt      0x08005460        0x0 c:/apps/atollic/truestudio for arm 5.5.1/armtools/bin/../lib/gcc/arm-atollic-eabi/5.3.1/armv7e-m/fpu/crtbegin.o

.ARM.extab
 *(.ARM.extab* .gnu.linkonce.armextab.*)

.ARM            0x08005460        0x0
                0x08005460                __exidx_start = .
 *(.ARM.exidx*)
                0x08005460                __exidx_end = .

.preinit_array  0x08005460        0x0
                [!provide]                PROVIDE (__preinit_array_start, .)
 *(.preinit_array*)
                [!provide]                PROVIDE (__preinit_array_end, .)

.init_array     0x08005460        0x4
                [!provide]                PROVIDE (__init_array_start, .)
 *(SORT(.init_array.*))
 *(.init_array*)
 .init_array    0x08005460        0x4 c:/apps/atollic/truestudio for arm 5.5.1/armtools/bin/../lib/gcc/arm-atollic-eabi/5.3.1/armv7e-m/fpu/crtbegin.o
                [!provide]                PROVIDE (__init_array_end, .)

.fini_array     0x08005464        0x4
                [!provide]                PROVIDE (__fini_array_start, .)
 *(SORT(.fini_array.*))
 *(.fini_array*)
 .fini_array    0x08005464        0x4 c:/apps/atollic/truestudio for arm 5.5.1/armtools/bin/../lib/gcc/arm-atollic-eabi/5.3.1/armv7e-m/fpu/crtbegin.o
                [!provide]                PROVIDE (__fini_array_end, .)
                0x08005468                _sidata = LOADADDR (.data)

.data           0x20000000      0x914 load address 0x08005468
                0x20000000                . = ALIGN (0x4)
                0x20000000                _sdata = .
 *(.data)
 *(.data*)
 .data.Task1Name
                0x20000000        0x1 src\main.o
                0x20000000                Task1Name
 .data.Task2Name
                0x20000001        0x1 src\main.o
                0x20000001                Task2Name
 .data.Task3Name
                0x20000002        0x1 src\main.o
                0x20000002                Task3Name
 *fill*         0x20000003        0x1 
 .data.impure_data
                0x20000004       0x60 c:/apps/atollic/truestudio for arm 5.5.1/armtools/bin/../lib/gcc/arm-atollic-eabi/5.3.1/../../../../arm-atollic-eabi/lib/armv7e-m/fpu\libc_nano.a(lib_a-impure.o)
 .data._impure_ptr
                0x20000064        0x4 c:/apps/atollic/truestudio for arm 5.5.1/armtools/bin/../lib/gcc/arm-atollic-eabi/5.3.1/../../../../arm-atollic-eabi/lib/armv7e-m/fpu\libc_nano.a(lib_a-impure.o)
                0x20000064                _impure_ptr
 .data.SystemCoreClock
                0x20000068        0x4 ..\Libraries\libBSP.a(system_stm32f4xx.o)
                0x20000068                SystemCoreClock
 .data.CARME_AGPIO_Port_Pin
                0x2000006c       0xa0 ..\Libraries\libBSP.a(carme.o)
 .data.SJA1000_CMD
                0x2000010c        0x4 ..\Libraries\libBSP.a(can.o)
 .data.SJA1000_DATA
                0x20000110        0x4 ..\Libraries\libBSP.a(can.o)
 .data.LCD_Port_Pin
                0x20000114       0x10 ..\Libraries\libBSP.a(ssd1963_lld.o)
 .data.TextColor
                0x20000124        0x2 ..\Libraries\libsGUI.a(text.o)
                0x20000124                TextColor
 *fill*         0x20000126        0x2 
 .data.CurrentFont
                0x20000128        0x4 ..\Libraries\libsGUI.a(text.o)
                0x20000128                CurrentFont
 .data.font_5x8
                0x2000012c        0x8 ..\Libraries\libsGUI.a(font.o)
                0x2000012c                font_5x8
 .data.font_8x16
                0x20000134        0x8 ..\Libraries\libsGUI.a(font.o)
                0x20000134                font_8x16
 .data.font_5x8_data
                0x2000013c      0x1dc ..\Libraries\libsGUI.a(font.o)
                0x2000013c                font_5x8_data
 .data.font_8x16_data
                0x20000318      0x5f0 ..\Libraries\libsGUI.a(font.o)
                0x20000318                font_8x16_data
 .data.xNextTaskUnblockTime
                0x20000908        0x4 ..\Libraries\libFreeRTOS.a(tasks.o)
 .data.xFreeBytesRemaining
                0x2000090c        0x4 ..\Libraries\libFreeRTOS.a(heap_4.o)
 .data.uxCriticalNesting
                0x20000910        0x4 ..\Libraries\libFreeRTOS.a(port.o)
                0x20000914                . = ALIGN (0x4)
                0x20000914                _edata = .
                0x08005d7c                _siccmram = LOADADDR (.ccmram)

.igot.plt       0x20000914        0x0 load address 0x08005d7c
 .igot.plt      0x20000914        0x0 c:/apps/atollic/truestudio for arm 5.5.1/armtools/bin/../lib/gcc/arm-atollic-eabi/5.3.1/armv7e-m/fpu/crtbegin.o

.ccmram         0x10000000        0x0 load address 0x08005d7c
                0x10000000                . = ALIGN (0x4)
                0x10000000                _sccmram = .
 *(.ccmram)
 *(.ccmram*)
                0x10000000                . = ALIGN (0x4)
                0x10000000                _eccmram = .
                0x10000000                . = ALIGN (0x4)

.bss            0x20000914    0x12ddc
                0x20000914                _sbss = .
                0x20000914                __bss_start__ = _sbss
 *(.bss)
 .bss           0x20000914       0x1c c:/apps/atollic/truestudio for arm 5.5.1/armtools/bin/../lib/gcc/arm-atollic-eabi/5.3.1/armv7e-m/fpu/crtbegin.o
 *(.bss*)
 .bss.heap_end.9387
                0x20000930        0x4 src\syscalls.o
 .bss.xHandle_ETCSTask1
                0x20000934        0x4 src\main.o
                0x20000934                xHandle_ETCSTask1
 .bss.__malloc_sbrk_start
                0x20000938        0x4 c:/apps/atollic/truestudio for arm 5.5.1/armtools/bin/../lib/gcc/arm-atollic-eabi/5.3.1/../../../../arm-atollic-eabi/lib/armv7e-m/fpu\libc_nano.a(lib_a-nano-mallocr.o)
                0x20000938                __malloc_sbrk_start
 .bss.__malloc_free_list
                0x2000093c        0x4 c:/apps/atollic/truestudio for arm 5.5.1/armtools/bin/../lib/gcc/arm-atollic-eabi/5.3.1/../../../../arm-atollic-eabi/lib/armv7e-m/fpu\libc_nano.a(lib_a-nano-mallocr.o)
                0x2000093c                __malloc_free_list
 .bss.CARME_CAN_IRQCallbacks
                0x20000940       0x20 ..\Libraries\libBSP.a(can.o)
 .bss.BackColor
                0x20000960        0x2 ..\Libraries\libsGUI.a(text.o)
                0x20000960                BackColor
 *fill*         0x20000962        0x2 
 .bss.pxCurrentTCB
                0x20000964        0x4 ..\Libraries\libFreeRTOS.a(tasks.o)
                0x20000964                pxCurrentTCB
 .bss.pxReadyTasksLists
                0x20000968       0x64 ..\Libraries\libFreeRTOS.a(tasks.o)
 .bss.xDelayedTaskList1
                0x200009cc       0x14 ..\Libraries\libFreeRTOS.a(tasks.o)
 .bss.xDelayedTaskList2
                0x200009e0       0x14 ..\Libraries\libFreeRTOS.a(tasks.o)
 .bss.pxDelayedTaskList
                0x200009f4        0x4 ..\Libraries\libFreeRTOS.a(tasks.o)
 .bss.pxOverflowDelayedTaskList
                0x200009f8        0x4 ..\Libraries\libFreeRTOS.a(tasks.o)
 .bss.xPendingReadyList
                0x200009fc       0x14 ..\Libraries\libFreeRTOS.a(tasks.o)
 .bss.xTasksWaitingTermination
                0x20000a10       0x14 ..\Libraries\libFreeRTOS.a(tasks.o)
 .bss.uxTasksDeleted
                0x20000a24        0x4 ..\Libraries\libFreeRTOS.a(tasks.o)
 .bss.xSuspendedTaskList
                0x20000a28       0x14 ..\Libraries\libFreeRTOS.a(tasks.o)
 .bss.uxCurrentNumberOfTasks
                0x20000a3c        0x4 ..\Libraries\libFreeRTOS.a(tasks.o)
 .bss.xTickCount
                0x20000a40        0x4 ..\Libraries\libFreeRTOS.a(tasks.o)
 .bss.uxTopReadyPriority
                0x20000a44        0x4 ..\Libraries\libFreeRTOS.a(tasks.o)
 .bss.xSchedulerRunning
                0x20000a48        0x4 ..\Libraries\libFreeRTOS.a(tasks.o)
 .bss.uxSchedulerSuspended
                0x20000a4c        0x4 ..\Libraries\libFreeRTOS.a(tasks.o)
 .bss.uxPendedTicks
                0x20000a50        0x4 ..\Libraries\libFreeRTOS.a(tasks.o)
 .bss.xYieldPending
                0x20000a54        0x4 ..\Libraries\libFreeRTOS.a(tasks.o)
 .bss.xNumOfOverflows
                0x20000a58        0x4 ..\Libraries\libFreeRTOS.a(tasks.o)
 .bss.uxTaskNumber
                0x20000a5c        0x4 ..\Libraries\libFreeRTOS.a(tasks.o)
 .bss.ucHeap    0x20000a60    0x12c00 ..\Libraries\libFreeRTOS.a(heap_4.o)
 .bss.xStart    0x20013660        0x8 ..\Libraries\libFreeRTOS.a(heap_4.o)
 .bss.pxEnd     0x20013668        0x4 ..\Libraries\libFreeRTOS.a(heap_4.o)
 .bss.xBlockAllocatedBit
                0x2001366c        0x4 ..\Libraries\libFreeRTOS.a(heap_4.o)
 .bss.ucMaxSysCallPriority
                0x20013670        0x1 ..\Libraries\libFreeRTOS.a(port.o)
 *fill*         0x20013671        0x3 
 .bss.ulMaxPRIGROUPValue
                0x20013674        0x4 ..\Libraries\libFreeRTOS.a(port.o)
 .bss.xActiveTimerList1
                0x20013678       0x14 ..\Libraries\libFreeRTOS.a(timers.o)
 .bss.xActiveTimerList2
                0x2001368c       0x14 ..\Libraries\libFreeRTOS.a(timers.o)
 .bss.pxCurrentTimerList
                0x200136a0        0x4 ..\Libraries\libFreeRTOS.a(timers.o)
 .bss.pxOverflowTimerList
                0x200136a4        0x4 ..\Libraries\libFreeRTOS.a(timers.o)
 .bss.xTimerQueue
                0x200136a8        0x4 ..\Libraries\libFreeRTOS.a(timers.o)
 .bss.xLastTime.8575
                0x200136ac        0x4 ..\Libraries\libFreeRTOS.a(timers.o)
 *(COMMON)
 COMMON         0x200136b0       0x34 src\main.o
                0x200136b0                ETCS_Task1_Parameter
                0x200136b4                Muxtex_Roboter_Links
                0x200136b8                Queue_Can_Rx
                0x200136bc                Muxtex_Can_Rx
                0x200136c0                Muxtex_Foederband_Links
                0x200136c4                Muxtex_Foederband_Rechts
                0x200136c8                ETCS_Task3_Parameter
                0x200136cc                Muxtex_Roboter_Rechts
                0x200136d0                Muxtex_Foederband_Mitte
                0x200136d4                Muxtex_Can_Tx
                0x200136d8                ETCS_Task2_Parameter
                0x200136dc                Muxtex_Display
                0x200136e0                Muxtex_Shifter
 COMMON         0x200136e4        0x4 c:/apps/atollic/truestudio for arm 5.5.1/armtools/bin/../lib/gcc/arm-atollic-eabi/5.3.1/../../../../arm-atollic-eabi/lib/armv7e-m/fpu\libc_nano.a(lib_a-reent.o)
                0x200136e4                errno
 COMMON         0x200136e8        0x6 ..\Libraries\libBSP.a(ssd1963.o)
                0x200136e8                deviceDescriptorBlock
                0x200136f0                . = ALIGN (0x4)
 *fill*         0x200136ee        0x2 
                0x200136f0                _ebss = .
                0x200136f0                __bss_end__ = _ebss

._user_heap_stack
                0x200136f0     0x2000
                0x200136f0                . = ALIGN (0x4)
                0x200136f0                PROVIDE (end, .)
                [!provide]                PROVIDE (_end, .)
                0x200146f0                . = (. + _Min_Heap_Size)
 *fill*         0x200136f0     0x1000 
                0x200156f0                . = (. + _Min_Stack_Size)
 *fill*         0x200146f0     0x1000 
                0x200156f0                . = ALIGN (0x4)

.memory_b1_text
 *(.mb1text)
 *(.mb1text*)
 *(.mb1rodata)
 *(.mb1rodata*)

/DISCARD/
 libc.a(*)
 libm.a(*)
 libgcc.a(*)

.ARM.attributes
                0x00000000       0x30
 *(.ARM.attributes)
 .ARM.attributes
                0x00000000       0x22 c:/apps/atollic/truestudio for arm 5.5.1/armtools/bin/../lib/gcc/arm-atollic-eabi/5.3.1/armv7e-m/fpu/crti.o
 .ARM.attributes
                0x00000022       0x34 c:/apps/atollic/truestudio for arm 5.5.1/armtools/bin/../lib/gcc/arm-atollic-eabi/5.3.1/armv7e-m/fpu/crtbegin.o
 .ARM.attributes
                0x00000056       0x39 src\syscalls.o
 .ARM.attributes
                0x0000008f       0x21 src\startup.o
 .ARM.attributes
                0x000000b0       0x39 src\main.o
 .ARM.attributes
                0x000000e9       0x34 c:/apps/atollic/truestudio for arm 5.5.1/armtools/bin/../lib/gcc/arm-atollic-eabi/5.3.1/../../../../arm-atollic-eabi/lib/armv7e-m/fpu\libc_nano.a(lib_a-malloc.o)
 .ARM.attributes
                0x0000011d       0x34 c:/apps/atollic/truestudio for arm 5.5.1/armtools/bin/../lib/gcc/arm-atollic-eabi/5.3.1/../../../../arm-atollic-eabi/lib/armv7e-m/fpu\libc_nano.a(lib_a-nano-freer.o)
 .ARM.attributes
                0x00000151       0x34 c:/apps/atollic/truestudio for arm 5.5.1/armtools/bin/../lib/gcc/arm-atollic-eabi/5.3.1/../../../../arm-atollic-eabi/lib/armv7e-m/fpu\libc_nano.a(lib_a-nano-mallocr.o)
 .ARM.attributes
                0x00000185       0x34 c:/apps/atollic/truestudio for arm 5.5.1/armtools/bin/../lib/gcc/arm-atollic-eabi/5.3.1/../../../../arm-atollic-eabi/lib/armv7e-m/fpu\libc_nano.a(lib_a-reent.o)
 .ARM.attributes
                0x000001b9       0x34 c:/apps/atollic/truestudio for arm 5.5.1/armtools/bin/../lib/gcc/arm-atollic-eabi/5.3.1/../../../../arm-atollic-eabi/lib/armv7e-m/fpu\libc_nano.a(lib_a-sbrkr.o)
 .ARM.attributes
                0x000001ed       0x34 c:/apps/atollic/truestudio for arm 5.5.1/armtools/bin/../lib/gcc/arm-atollic-eabi/5.3.1/../../../../arm-atollic-eabi/lib/armv7e-m/fpu\libc_nano.a(lib_a-impure.o)
 .ARM.attributes
                0x00000221       0x34 c:/apps/atollic/truestudio for arm 5.5.1/armtools/bin/../lib/gcc/arm-atollic-eabi/5.3.1/../../../../arm-atollic-eabi/lib/armv7e-m/fpu\libc_nano.a(lib_a-mlock.o)
 .ARM.attributes
                0x00000255       0x22 c:/apps/atollic/truestudio for arm 5.5.1/armtools/bin/../lib/gcc/arm-atollic-eabi/5.3.1/armv7e-m/fpu/crtn.o
 .ARM.attributes
                0x00000277       0x3b ..\Libraries\libBSP.a(stm32f4xx_rcc.o)
 .ARM.attributes
                0x000002b2       0x3b ..\Libraries\libBSP.a(misc.o)
 .ARM.attributes
                0x000002ed       0x3b ..\Libraries\libBSP.a(system_stm32f4xx.o)
 .ARM.attributes
                0x00000328       0x3b ..\Libraries\libBSP.a(ssd1963.o)
 .ARM.attributes
                0x00000363       0x3b ..\Libraries\libBSP.a(carme.o)
 .ARM.attributes
                0x0000039e       0x3b ..\Libraries\libBSP.a(can.o)
 .ARM.attributes
                0x000003d9       0x3b ..\Libraries\libBSP.a(stm32f4xx_syscfg.o)
 .ARM.attributes
                0x00000414       0x3b ..\Libraries\libBSP.a(stm32f4xx_gpio.o)
 .ARM.attributes
                0x0000044f       0x3b ..\Libraries\libBSP.a(stm32f4xx_fsmc.o)
 .ARM.attributes
                0x0000048a       0x3b ..\Libraries\libBSP.a(stm32f4xx_exti.o)
 .ARM.attributes
                0x000004c5       0x3b ..\Libraries\libBSP.a(ssd1963_lld.o)
 .ARM.attributes
                0x00000500       0x3b ..\Libraries\libsGUI.a(text.o)
 .ARM.attributes
                0x0000053b       0x3b ..\Libraries\libsGUI.a(font.o)
 .ARM.attributes
                0x00000576       0x3b ..\Libraries\libFreeRTOS.a(tasks.o)
 .ARM.attributes
                0x000005b1       0x3b ..\Libraries\libFreeRTOS.a(queue.o)
 .ARM.attributes
                0x000005ec       0x3b ..\Libraries\libFreeRTOS.a(heap_4.o)
 .ARM.attributes
                0x00000627       0x3b ..\Libraries\libFreeRTOS.a(port.o)
 .ARM.attributes
                0x00000662       0x3b ..\Libraries\libFreeRTOS.a(list.o)
 .ARM.attributes
                0x0000069d       0x3b ..\Libraries\libFreeRTOS.a(timers.o)
OUTPUT(RoboterModel (Template).elf elf32-littlearm)

.debug_info     0x00000000     0x9744
 .debug_info    0x00000000      0x7f1 src\syscalls.o
 .debug_info    0x000007f1       0x76 src\startup.o
 .debug_info    0x00000867      0xab8 src\main.o
 .debug_info    0x0000131f      0xf30 ..\Libraries\libBSP.a(stm32f4xx_rcc.o)
 .debug_info    0x0000224f      0x596 ..\Libraries\libBSP.a(misc.o)
 .debug_info    0x000027e5      0x62b ..\Libraries\libBSP.a(system_stm32f4xx.o)
 .debug_info    0x00002e10      0x379 ..\Libraries\libBSP.a(ssd1963.o)
 .debug_info    0x00003189      0x6f9 ..\Libraries\libBSP.a(carme.o)
 .debug_info    0x00003882      0xb92 ..\Libraries\libBSP.a(can.o)
 .debug_info    0x00004414      0x2a6 ..\Libraries\libBSP.a(stm32f4xx_syscfg.o)
 .debug_info    0x000046ba      0x647 ..\Libraries\libBSP.a(stm32f4xx_gpio.o)
 .debug_info    0x00004d01      0x9b5 ..\Libraries\libBSP.a(stm32f4xx_fsmc.o)
 .debug_info    0x000056b6      0x368 ..\Libraries\libBSP.a(stm32f4xx_exti.o)
 .debug_info    0x00005a1e      0x3b9 ..\Libraries\libBSP.a(ssd1963_lld.o)
 .debug_info    0x00005dd7      0x652 ..\Libraries\libsGUI.a(text.o)
 .debug_info    0x00006429      0x4b1 ..\Libraries\libsGUI.a(font.o)
 .debug_info    0x000068da     0x11ba ..\Libraries\libFreeRTOS.a(tasks.o)
 .debug_info    0x00007a94      0xbff ..\Libraries\libFreeRTOS.a(queue.o)
 .debug_info    0x00008693      0x302 ..\Libraries\libFreeRTOS.a(heap_4.o)
 .debug_info    0x00008995      0x363 ..\Libraries\libFreeRTOS.a(port.o)
 .debug_info    0x00008cf8      0x2cc ..\Libraries\libFreeRTOS.a(list.o)
 .debug_info    0x00008fc4      0x780 ..\Libraries\libFreeRTOS.a(timers.o)

.debug_abbrev   0x00000000     0x20ee
 .debug_abbrev  0x00000000      0x1f2 src\syscalls.o
 .debug_abbrev  0x000001f2       0x12 src\startup.o
 .debug_abbrev  0x00000204      0x210 src\main.o
 .debug_abbrev  0x00000414      0x1be ..\Libraries\libBSP.a(stm32f4xx_rcc.o)
 .debug_abbrev  0x000005d2      0x12b ..\Libraries\libBSP.a(misc.o)
 .debug_abbrev  0x000006fd      0x13a ..\Libraries\libBSP.a(system_stm32f4xx.o)
 .debug_abbrev  0x00000837      0x15e ..\Libraries\libBSP.a(ssd1963.o)
 .debug_abbrev  0x00000995      0x1c2 ..\Libraries\libBSP.a(carme.o)
 .debug_abbrev  0x00000b57      0x228 ..\Libraries\libBSP.a(can.o)
 .debug_abbrev  0x00000d7f      0x135 ..\Libraries\libBSP.a(stm32f4xx_syscfg.o)
 .debug_abbrev  0x00000eb4      0x1a7 ..\Libraries\libBSP.a(stm32f4xx_gpio.o)
 .debug_abbrev  0x0000105b      0x174 ..\Libraries\libBSP.a(stm32f4xx_fsmc.o)
 .debug_abbrev  0x000011cf      0x1a9 ..\Libraries\libBSP.a(stm32f4xx_exti.o)
 .debug_abbrev  0x00001378      0x16f ..\Libraries\libBSP.a(ssd1963_lld.o)
 .debug_abbrev  0x000014e7      0x189 ..\Libraries\libsGUI.a(text.o)
 .debug_abbrev  0x00001670       0x8c ..\Libraries\libsGUI.a(font.o)
 .debug_abbrev  0x000016fc      0x221 ..\Libraries\libFreeRTOS.a(tasks.o)
 .debug_abbrev  0x0000191d      0x1dc ..\Libraries\libFreeRTOS.a(queue.o)
 .debug_abbrev  0x00001af9      0x1b3 ..\Libraries\libFreeRTOS.a(heap_4.o)
 .debug_abbrev  0x00001cac      0x1e0 ..\Libraries\libFreeRTOS.a(port.o)
 .debug_abbrev  0x00001e8c       0xda ..\Libraries\libFreeRTOS.a(list.o)
 .debug_abbrev  0x00001f66      0x188 ..\Libraries\libFreeRTOS.a(timers.o)

.debug_aranges  0x00000000      0xbe0
 .debug_aranges
                0x00000000       0xb0 src\syscalls.o
 .debug_aranges
                0x000000b0       0x28 src\startup.o
 .debug_aranges
                0x000000d8       0xa0 src\main.o
 .debug_aranges
                0x00000178      0x1b8 ..\Libraries\libBSP.a(stm32f4xx_rcc.o)
 .debug_aranges
                0x00000330       0x40 ..\Libraries\libBSP.a(misc.o)
 .debug_aranges
                0x00000370       0x30 ..\Libraries\libBSP.a(system_stm32f4xx.o)
 .debug_aranges
                0x000003a0       0x80 ..\Libraries\libBSP.a(ssd1963.o)
 .debug_aranges
                0x00000420       0x78 ..\Libraries\libBSP.a(carme.o)
 .debug_aranges
                0x00000498       0x90 ..\Libraries\libBSP.a(can.o)
 .debug_aranges
                0x00000528       0x50 ..\Libraries\libBSP.a(stm32f4xx_syscfg.o)
 .debug_aranges
                0x00000578       0x88 ..\Libraries\libBSP.a(stm32f4xx_gpio.o)
 .debug_aranges
                0x00000600       0xb0 ..\Libraries\libBSP.a(stm32f4xx_fsmc.o)
 .debug_aranges
                0x000006b0       0x58 ..\Libraries\libBSP.a(stm32f4xx_exti.o)
 .debug_aranges
                0x00000708       0x38 ..\Libraries\libBSP.a(ssd1963_lld.o)
 .debug_aranges
                0x00000740       0x80 ..\Libraries\libsGUI.a(text.o)
 .debug_aranges
                0x000007c0       0x18 ..\Libraries\libsGUI.a(font.o)
 .debug_aranges
                0x000007d8      0x168 ..\Libraries\libFreeRTOS.a(tasks.o)
 .debug_aranges
                0x00000940       0xf8 ..\Libraries\libFreeRTOS.a(queue.o)
 .debug_aranges
                0x00000a38       0x48 ..\Libraries\libFreeRTOS.a(heap_4.o)
 .debug_aranges
                0x00000a80       0x98 ..\Libraries\libFreeRTOS.a(port.o)
 .debug_aranges
                0x00000b18       0x40 ..\Libraries\libFreeRTOS.a(list.o)
 .debug_aranges
                0x00000b58       0x88 ..\Libraries\libFreeRTOS.a(timers.o)

.debug_ranges   0x00000000      0xb58
 .debug_ranges  0x00000000       0xa0 src\syscalls.o
 .debug_ranges  0x000000a0       0x20 src\startup.o
 .debug_ranges  0x000000c0      0x168 src\main.o
 .debug_ranges  0x00000228      0x1a8 ..\Libraries\libBSP.a(stm32f4xx_rcc.o)
 .debug_ranges  0x000003d0       0x30 ..\Libraries\libBSP.a(misc.o)
 .debug_ranges  0x00000400       0x20 ..\Libraries\libBSP.a(system_stm32f4xx.o)
 .debug_ranges  0x00000420       0x70 ..\Libraries\libBSP.a(ssd1963.o)
 .debug_ranges  0x00000490       0x68 ..\Libraries\libBSP.a(carme.o)
 .debug_ranges  0x000004f8       0x80 ..\Libraries\libBSP.a(can.o)
 .debug_ranges  0x00000578       0x40 ..\Libraries\libBSP.a(stm32f4xx_syscfg.o)
 .debug_ranges  0x000005b8       0x78 ..\Libraries\libBSP.a(stm32f4xx_gpio.o)
 .debug_ranges  0x00000630       0xa0 ..\Libraries\libBSP.a(stm32f4xx_fsmc.o)
 .debug_ranges  0x000006d0       0x48 ..\Libraries\libBSP.a(stm32f4xx_exti.o)
 .debug_ranges  0x00000718       0x28 ..\Libraries\libBSP.a(ssd1963_lld.o)
 .debug_ranges  0x00000740       0x70 ..\Libraries\libsGUI.a(text.o)
 .debug_ranges  0x000007b0      0x158 ..\Libraries\libFreeRTOS.a(tasks.o)
 .debug_ranges  0x00000908       0xe8 ..\Libraries\libFreeRTOS.a(queue.o)
 .debug_ranges  0x000009f0       0x38 ..\Libraries\libFreeRTOS.a(heap_4.o)
 .debug_ranges  0x00000a28       0x88 ..\Libraries\libFreeRTOS.a(port.o)
 .debug_ranges  0x00000ab0       0x30 ..\Libraries\libFreeRTOS.a(list.o)
 .debug_ranges  0x00000ae0       0x78 ..\Libraries\libFreeRTOS.a(timers.o)

.debug_line     0x00000000     0x4e24
 .debug_line    0x00000000      0x300 src\syscalls.o
 .debug_line    0x00000300       0x79 src\startup.o
 .debug_line    0x00000379      0x426 src\main.o
 .debug_line    0x0000079f      0x61d ..\Libraries\libBSP.a(stm32f4xx_rcc.o)
 .debug_line    0x00000dbc      0x21f ..\Libraries\libBSP.a(misc.o)
 .debug_line    0x00000fdb      0x1f7 ..\Libraries\libBSP.a(system_stm32f4xx.o)
 .debug_line    0x000011d2      0x230 ..\Libraries\libBSP.a(ssd1963.o)
 .debug_line    0x00001402      0x5b2 ..\Libraries\libBSP.a(carme.o)
 .debug_line    0x000019b4      0x423 ..\Libraries\libBSP.a(can.o)
 .debug_line    0x00001dd7      0x203 ..\Libraries\libBSP.a(stm32f4xx_syscfg.o)
 .debug_line    0x00001fda      0x31f ..\Libraries\libBSP.a(stm32f4xx_gpio.o)
 .debug_line    0x000022f9      0x430 ..\Libraries\libBSP.a(stm32f4xx_fsmc.o)
 .debug_line    0x00002729      0x276 ..\Libraries\libBSP.a(stm32f4xx_exti.o)
 .debug_line    0x0000299f      0x241 ..\Libraries\libBSP.a(ssd1963_lld.o)
 .debug_line    0x00002be0      0x28a ..\Libraries\libsGUI.a(text.o)
 .debug_line    0x00002e6a       0xf9 ..\Libraries\libsGUI.a(font.o)
 .debug_line    0x00002f63      0xa59 ..\Libraries\libFreeRTOS.a(tasks.o)
 .debug_line    0x000039bc      0x7e9 ..\Libraries\libFreeRTOS.a(queue.o)
 .debug_line    0x000041a5      0x28f ..\Libraries\libFreeRTOS.a(heap_4.o)
 .debug_line    0x00004434      0x3c1 ..\Libraries\libFreeRTOS.a(port.o)
 .debug_line    0x000047f5      0x24f ..\Libraries\libFreeRTOS.a(list.o)
 .debug_line    0x00004a44      0x3e0 ..\Libraries\libFreeRTOS.a(timers.o)

.debug_str      0x00000000     0x4334
 .debug_str     0x00000000      0x3f9 src\syscalls.o
                                0x487 (size before relaxing)
 .debug_str     0x000003f9      0x5bd src\main.o
                                0x7cb (size before relaxing)
 .debug_str     0x000009b6      0x807 ..\Libraries\libBSP.a(stm32f4xx_rcc.o)
                                0x943 (size before relaxing)
 .debug_str     0x000011bd      0x1fe ..\Libraries\libBSP.a(misc.o)
                                0x387 (size before relaxing)
 .debug_str     0x000013bb       0xa5 ..\Libraries\libBSP.a(system_stm32f4xx.o)
                                0x36d (size before relaxing)
 .debug_str     0x00001460      0x148 ..\Libraries\libBSP.a(ssd1963.o)
                                0x269 (size before relaxing)
 .debug_str     0x000015a8      0x4f3 ..\Libraries\libBSP.a(carme.o)
                                0x69a (size before relaxing)
 .debug_str     0x00001a9b      0x826 ..\Libraries\libBSP.a(can.o)
                                0xd34 (size before relaxing)
 .debug_str     0x000022c1      0x15c ..\Libraries\libBSP.a(stm32f4xx_syscfg.o)
                                0x2c7 (size before relaxing)
 .debug_str     0x0000241d      0x137 ..\Libraries\libBSP.a(stm32f4xx_gpio.o)
                                0x451 (size before relaxing)
 .debug_str     0x00002554      0x3c0 ..\Libraries\libBSP.a(stm32f4xx_fsmc.o)
                                0x742 (size before relaxing)
 .debug_str     0x00002914       0xcf ..\Libraries\libBSP.a(stm32f4xx_exti.o)
                                0x30f (size before relaxing)
 .debug_str     0x000029e3       0x7c ..\Libraries\libBSP.a(ssd1963_lld.o)
                                0x387 (size before relaxing)
 .debug_str     0x00002a5f      0x166 ..\Libraries\libsGUI.a(text.o)
                                0x399 (size before relaxing)
 .debug_str     0x00002bc5      0x16b ..\Libraries\libsGUI.a(font.o)
                                0x393 (size before relaxing)
 .debug_str     0x00002d30      0x9ca ..\Libraries\libFreeRTOS.a(tasks.o)
                                0xafc (size before relaxing)
 .debug_str     0x000036fa      0x45c ..\Libraries\libFreeRTOS.a(queue.o)
                                0x6c9 (size before relaxing)
 .debug_str     0x00003b56      0x1c9 ..\Libraries\libFreeRTOS.a(heap_4.o)
                                0x2f7 (size before relaxing)
 .debug_str     0x00003d1f      0x238 ..\Libraries\libFreeRTOS.a(port.o)
                                0x3ab (size before relaxing)
 .debug_str     0x00003f57       0x9c ..\Libraries\libFreeRTOS.a(list.o)
                                0x273 (size before relaxing)
 .debug_str     0x00003ff3      0x341 ..\Libraries\libFreeRTOS.a(timers.o)
                                0x581 (size before relaxing)

.comment        0x00000000      0x100
 .comment       0x00000000       0x7e src\syscalls.o
                                 0x7f (size before relaxing)
 .comment       0x0000007e       0x7f src\main.o
 .comment       0x0000007e       0x82 ..\Libraries\libBSP.a(stm32f4xx_rcc.o)
                                 0x83 (size before relaxing)
 .comment       0x00000100       0x83 ..\Libraries\libBSP.a(misc.o)
 .comment       0x00000100       0x83 ..\Libraries\libBSP.a(system_stm32f4xx.o)
 .comment       0x00000100       0x83 ..\Libraries\libBSP.a(ssd1963.o)
 .comment       0x00000100       0x83 ..\Libraries\libBSP.a(carme.o)
 .comment       0x00000100       0x83 ..\Libraries\libBSP.a(can.o)
 .comment       0x00000100       0x83 ..\Libraries\libBSP.a(stm32f4xx_syscfg.o)
 .comment       0x00000100       0x83 ..\Libraries\libBSP.a(stm32f4xx_gpio.o)
 .comment       0x00000100       0x83 ..\Libraries\libBSP.a(stm32f4xx_fsmc.o)
 .comment       0x00000100       0x83 ..\Libraries\libBSP.a(stm32f4xx_exti.o)
 .comment       0x00000100       0x83 ..\Libraries\libBSP.a(ssd1963_lld.o)
 .comment       0x00000100       0x83 ..\Libraries\libsGUI.a(text.o)
 .comment       0x00000100       0x83 ..\Libraries\libsGUI.a(font.o)
 .comment       0x00000100       0x83 ..\Libraries\libFreeRTOS.a(tasks.o)
 .comment       0x00000100       0x83 ..\Libraries\libFreeRTOS.a(queue.o)
 .comment       0x00000100       0x83 ..\Libraries\libFreeRTOS.a(heap_4.o)
 .comment       0x00000100       0x83 ..\Libraries\libFreeRTOS.a(port.o)
 .comment       0x00000100       0x83 ..\Libraries\libFreeRTOS.a(list.o)
 .comment       0x00000100       0x83 ..\Libraries\libFreeRTOS.a(timers.o)

.debug_frame    0x00000000     0x2728
 .debug_frame   0x00000000      0x2ec src\syscalls.o
 .debug_frame   0x000002ec      0x264 src\main.o
 .debug_frame   0x00000550       0x30 c:/apps/atollic/truestudio for arm 5.5.1/armtools/bin/../lib/gcc/arm-atollic-eabi/5.3.1/../../../../arm-atollic-eabi/lib/armv7e-m/fpu\libc_nano.a(lib_a-malloc.o)
 .debug_frame   0x00000580       0x38 c:/apps/atollic/truestudio for arm 5.5.1/armtools/bin/../lib/gcc/arm-atollic-eabi/5.3.1/../../../../arm-atollic-eabi/lib/armv7e-m/fpu\libc_nano.a(lib_a-nano-freer.o)
 .debug_frame   0x000005b8       0x2c c:/apps/atollic/truestudio for arm 5.5.1/armtools/bin/../lib/gcc/arm-atollic-eabi/5.3.1/../../../../arm-atollic-eabi/lib/armv7e-m/fpu\libc_nano.a(lib_a-nano-mallocr.o)
 .debug_frame   0x000005e4       0x5c c:/apps/atollic/truestudio for arm 5.5.1/armtools/bin/../lib/gcc/arm-atollic-eabi/5.3.1/../../../../arm-atollic-eabi/lib/armv7e-m/fpu\libc_nano.a(lib_a-reent.o)
 .debug_frame   0x00000640       0x2c c:/apps/atollic/truestudio for arm 5.5.1/armtools/bin/../lib/gcc/arm-atollic-eabi/5.3.1/../../../../arm-atollic-eabi/lib/armv7e-m/fpu\libc_nano.a(lib_a-sbrkr.o)
 .debug_frame   0x0000066c       0x30 c:/apps/atollic/truestudio for arm 5.5.1/armtools/bin/../lib/gcc/arm-atollic-eabi/5.3.1/../../../../arm-atollic-eabi/lib/armv7e-m/fpu\libc_nano.a(lib_a-mlock.o)
 .debug_frame   0x0000069c      0x5b8 ..\Libraries\libBSP.a(stm32f4xx_rcc.o)
 .debug_frame   0x00000c54       0x9c ..\Libraries\libBSP.a(misc.o)
 .debug_frame   0x00000cf0       0x64 ..\Libraries\libBSP.a(system_stm32f4xx.o)
 .debug_frame   0x00000d54      0x19c ..\Libraries\libBSP.a(ssd1963.o)
 .debug_frame   0x00000ef0      0x178 ..\Libraries\libBSP.a(carme.o)
 .debug_frame   0x00001068      0x1e0 ..\Libraries\libBSP.a(can.o)
 .debug_frame   0x00001248       0xd8 ..\Libraries\libBSP.a(stm32f4xx_syscfg.o)
 .debug_frame   0x00001320      0x19c ..\Libraries\libBSP.a(stm32f4xx_gpio.o)
 .debug_frame   0x000014bc      0x220 ..\Libraries\libBSP.a(stm32f4xx_fsmc.o)
 .debug_frame   0x000016dc       0xec ..\Libraries\libBSP.a(stm32f4xx_exti.o)
 .debug_frame   0x000017c8       0x80 ..\Libraries\libBSP.a(ssd1963_lld.o)
 .debug_frame   0x00001848      0x1a4 ..\Libraries\libsGUI.a(text.o)
 .debug_frame   0x000019ec      0x520 ..\Libraries\libFreeRTOS.a(tasks.o)
 .debug_frame   0x00001f0c      0x37c ..\Libraries\libFreeRTOS.a(queue.o)
 .debug_frame   0x00002288       0xbc ..\Libraries\libFreeRTOS.a(heap_4.o)
 .debug_frame   0x00002344      0x184 ..\Libraries\libFreeRTOS.a(port.o)
 .debug_frame   0x000024c8       0x9c ..\Libraries\libFreeRTOS.a(list.o)
 .debug_frame   0x00002564      0x1c4 ..\Libraries\libFreeRTOS.a(timers.o)

.debug_loc      0x00000000     0x398a
 .debug_loc     0x00000000      0xb3c ..\Libraries\libBSP.a(stm32f4xx_rcc.o)
 .debug_loc     0x00000b3c      0x118 ..\Libraries\libBSP.a(misc.o)
 .debug_loc     0x00000c54       0x9c ..\Libraries\libBSP.a(system_stm32f4xx.o)
 .debug_loc     0x00000cf0      0x2a8 ..\Libraries\libBSP.a(ssd1963.o)
 .debug_loc     0x00000f98      0x268 ..\Libraries\libBSP.a(carme.o)
 .debug_loc     0x00001200      0x348 ..\Libraries\libBSP.a(can.o)
 .debug_loc     0x00001548      0x17c ..\Libraries\libBSP.a(stm32f4xx_syscfg.o)
 .debug_loc     0x000016c4      0x310 ..\Libraries\libBSP.a(stm32f4xx_gpio.o)
 .debug_loc     0x000019d4      0x41c ..\Libraries\libBSP.a(stm32f4xx_fsmc.o)
 .debug_loc     0x00001df0      0x1b4 ..\Libraries\libBSP.a(stm32f4xx_exti.o)
 .debug_loc     0x00001fa4       0xd4 ..\Libraries\libBSP.a(ssd1963_lld.o)
 .debug_loc     0x00002078      0x2c2 ..\Libraries\libsGUI.a(text.o)
 .debug_loc     0x0000233a      0x900 ..\Libraries\libFreeRTOS.a(tasks.o)
 .debug_loc     0x00002c3a      0x620 ..\Libraries\libFreeRTOS.a(queue.o)
 .debug_loc     0x0000325a      0x138 ..\Libraries\libFreeRTOS.a(heap_4.o)
 .debug_loc     0x00003392      0x1dc ..\Libraries\libFreeRTOS.a(port.o)
 .debug_loc     0x0000356e      0x118 ..\Libraries\libFreeRTOS.a(list.o)
 .debug_loc     0x00003686      0x304 ..\Libraries\libFreeRTOS.a(timers.o)

Cross Reference Table

Symbol                                            File
ADC_IRQHandler                                    src\startup.o
AHBPrescTable                                     ..\Libraries\libBSP.a(system_stm32f4xx.o)
BackColor                                         ..\Libraries\libsGUI.a(text.o)
BusFault_Handler                                  src\startup.o
CAN1_RX0_IRQHandler                               src\startup.o
CAN1_RX1_IRQHandler                               src\startup.o
CAN1_SCE_IRQHandler                               src\startup.o
CAN1_TX_IRQHandler                                src\startup.o
CAN2_RX0_IRQHandler                               src\startup.o
CAN2_RX1_IRQHandler                               src\startup.o
CAN2_SCE_IRQHandler                               src\startup.o
CAN2_TX_IRQHandler                                src\startup.o
CARME_AGPIO_Get                                   ..\Libraries\libBSP.a(carme.o)
CARME_AGPIO_Set                                   ..\Libraries\libBSP.a(carme.o)
CARME_CAN_GetAcceptaceFilter                      ..\Libraries\libBSP.a(can.o)
CARME_CAN_Init                                    ..\Libraries\libBSP.a(can.o)
CARME_CAN_InitI                                   ..\Libraries\libBSP.a(can.o)
                                                  src\main.o
CARME_CAN_Read                                    ..\Libraries\libBSP.a(can.o)
                                                  src\main.o
CARME_CAN_RegisterIRQCallback                     ..\Libraries\libBSP.a(can.o)
                                                  src\main.o
CARME_CAN_SetAcceptaceFilter                      ..\Libraries\libBSP.a(can.o)
CARME_CAN_SetBaudrate                             ..\Libraries\libBSP.a(can.o)
CARME_CAN_SetMode                                 ..\Libraries\libBSP.a(can.o)
                                                  src\main.o
CARME_CAN_UnregisterIRQCallback                   ..\Libraries\libBSP.a(can.o)
CARME_CAN_Write                                   ..\Libraries\libBSP.a(can.o)
                                                  src\main.o
CARME_GPIO_Init                                   ..\Libraries\libBSP.a(carme.o)
                                                  ..\Libraries\libBSP.a(ssd1963_lld.o)
CARME_Init                                        ..\Libraries\libBSP.a(carme.o)
                                                  src\startup.o
CARME_LED_Green_Reset                             ..\Libraries\libBSP.a(carme.o)
CARME_LED_Green_Set                               ..\Libraries\libBSP.a(carme.o)
CARME_LED_Red_Reset                               ..\Libraries\libBSP.a(carme.o)
                                                  src\startup.o
CARME_LED_Red_Set                                 ..\Libraries\libBSP.a(carme.o)
                                                  src\startup.o
CRYP_IRQHandler                                   src\startup.o
CurrentFont                                       ..\Libraries\libsGUI.a(text.o)
DCMI_IRQHandler                                   src\startup.o
DMA1_Stream0_IRQHandler                           src\startup.o
DMA1_Stream1_IRQHandler                           src\startup.o
DMA1_Stream2_IRQHandler                           src\startup.o
DMA1_Stream3_IRQHandler                           src\startup.o
DMA1_Stream4_IRQHandler                           src\startup.o
DMA1_Stream5_IRQHandler                           src\startup.o
DMA1_Stream6_IRQHandler                           src\startup.o
DMA1_Stream7_IRQHandler                           src\startup.o
DMA2_Stream0_IRQHandler                           src\startup.o
DMA2_Stream1_IRQHandler                           src\startup.o
DMA2_Stream2_IRQHandler                           src\startup.o
DMA2_Stream3_IRQHandler                           src\startup.o
DMA2_Stream4_IRQHandler                           src\startup.o
DMA2_Stream5_IRQHandler                           src\startup.o
DMA2_Stream6_IRQHandler                           src\startup.o
DMA2_Stream7_IRQHandler                           src\startup.o
DebugMon_Handler                                  src\startup.o
Default_Handler                                   src\startup.o
ETCS_Task1_Parameter                              src\main.o
ETCS_Task2_Parameter                              src\main.o
ETCS_Task3_Parameter                              src\main.o
ETH_IRQHandler                                    src\startup.o
ETH_WKUP_IRQHandler                               src\startup.o
EXTI0_IRQHandler                                  src\startup.o
EXTI15_10_IRQHandler                              src\startup.o
EXTI1_IRQHandler                                  src\startup.o
EXTI2_IRQHandler                                  src\startup.o
EXTI3_IRQHandler                                  src\startup.o
EXTI4_IRQHandler                                  src\startup.o
EXTI9_5_IRQHandler                                ..\Libraries\libBSP.a(can.o)
                                                  src\startup.o
EXTI_ClearFlag                                    ..\Libraries\libBSP.a(stm32f4xx_exti.o)
EXTI_ClearITPendingBit                            ..\Libraries\libBSP.a(stm32f4xx_exti.o)
                                                  ..\Libraries\libBSP.a(can.o)
EXTI_DeInit                                       ..\Libraries\libBSP.a(stm32f4xx_exti.o)
EXTI_GenerateSWInterrupt                          ..\Libraries\libBSP.a(stm32f4xx_exti.o)
EXTI_GetFlagStatus                                ..\Libraries\libBSP.a(stm32f4xx_exti.o)
EXTI_GetITStatus                                  ..\Libraries\libBSP.a(stm32f4xx_exti.o)
                                                  ..\Libraries\libBSP.a(can.o)
EXTI_Init                                         ..\Libraries\libBSP.a(stm32f4xx_exti.o)
                                                  ..\Libraries\libBSP.a(can.o)
EXTI_StructInit                                   ..\Libraries\libBSP.a(stm32f4xx_exti.o)
FLASH_IRQHandler                                  src\startup.o
FPU_IRQHandler                                    src\startup.o
FSMC_ClearFlag                                    ..\Libraries\libBSP.a(stm32f4xx_fsmc.o)
FSMC_ClearITPendingBit                            ..\Libraries\libBSP.a(stm32f4xx_fsmc.o)
FSMC_GetECC                                       ..\Libraries\libBSP.a(stm32f4xx_fsmc.o)
FSMC_GetFlagStatus                                ..\Libraries\libBSP.a(stm32f4xx_fsmc.o)
FSMC_GetITStatus                                  ..\Libraries\libBSP.a(stm32f4xx_fsmc.o)
FSMC_IRQHandler                                   src\startup.o
FSMC_ITConfig                                     ..\Libraries\libBSP.a(stm32f4xx_fsmc.o)
FSMC_NANDCmd                                      ..\Libraries\libBSP.a(stm32f4xx_fsmc.o)
FSMC_NANDDeInit                                   ..\Libraries\libBSP.a(stm32f4xx_fsmc.o)
FSMC_NANDECCCmd                                   ..\Libraries\libBSP.a(stm32f4xx_fsmc.o)
FSMC_NANDInit                                     ..\Libraries\libBSP.a(stm32f4xx_fsmc.o)
FSMC_NANDStructInit                               ..\Libraries\libBSP.a(stm32f4xx_fsmc.o)
FSMC_NORSRAMCmd                                   ..\Libraries\libBSP.a(stm32f4xx_fsmc.o)
                                                  ..\Libraries\libBSP.a(carme.o)
FSMC_NORSRAMDeInit                                ..\Libraries\libBSP.a(stm32f4xx_fsmc.o)
                                                  ..\Libraries\libBSP.a(carme.o)
FSMC_NORSRAMInit                                  ..\Libraries\libBSP.a(stm32f4xx_fsmc.o)
                                                  ..\Libraries\libBSP.a(carme.o)
FSMC_NORSRAMStructInit                            ..\Libraries\libBSP.a(stm32f4xx_fsmc.o)
FSMC_PCCARDCmd                                    ..\Libraries\libBSP.a(stm32f4xx_fsmc.o)
FSMC_PCCARDDeInit                                 ..\Libraries\libBSP.a(stm32f4xx_fsmc.o)
FSMC_PCCARDInit                                   ..\Libraries\libBSP.a(stm32f4xx_fsmc.o)
FSMC_PCCARDStructInit                             ..\Libraries\libBSP.a(stm32f4xx_fsmc.o)
FoedLinks                                         src\main.o
FoedMitte                                         src\main.o
FoedRechts                                        src\main.o
GPIO_DeInit                                       ..\Libraries\libBSP.a(stm32f4xx_gpio.o)
                                                  ..\Libraries\libBSP.a(carme.o)
GPIO_Init                                         ..\Libraries\libBSP.a(stm32f4xx_gpio.o)
                                                  ..\Libraries\libBSP.a(can.o)
                                                  ..\Libraries\libBSP.a(carme.o)
GPIO_PinAFConfig                                  ..\Libraries\libBSP.a(stm32f4xx_gpio.o)
                                                  ..\Libraries\libBSP.a(carme.o)
GPIO_PinLockConfig                                ..\Libraries\libBSP.a(stm32f4xx_gpio.o)
GPIO_ReadInputData                                ..\Libraries\libBSP.a(stm32f4xx_gpio.o)
GPIO_ReadInputDataBit                             ..\Libraries\libBSP.a(stm32f4xx_gpio.o)
                                                  ..\Libraries\libBSP.a(carme.o)
GPIO_ReadOutputData                               ..\Libraries\libBSP.a(stm32f4xx_gpio.o)
GPIO_ReadOutputDataBit                            ..\Libraries\libBSP.a(stm32f4xx_gpio.o)
                                                  ..\Libraries\libBSP.a(carme.o)
GPIO_ResetBits                                    ..\Libraries\libBSP.a(stm32f4xx_gpio.o)
GPIO_SetBits                                      ..\Libraries\libBSP.a(stm32f4xx_gpio.o)
GPIO_StructInit                                   ..\Libraries\libBSP.a(stm32f4xx_gpio.o)
                                                  ..\Libraries\libBSP.a(can.o)
                                                  ..\Libraries\libBSP.a(carme.o)
GPIO_ToggleBits                                   ..\Libraries\libBSP.a(stm32f4xx_gpio.o)
GPIO_Write                                        ..\Libraries\libBSP.a(stm32f4xx_gpio.o)
GPIO_WriteBit                                     ..\Libraries\libBSP.a(stm32f4xx_gpio.o)
                                                  ..\Libraries\libBSP.a(ssd1963_lld.o)
                                                  ..\Libraries\libBSP.a(carme.o)
Give_Semaphore                                    src\main.o
HASH_RNG_IRQHandler                               src\startup.o
HardFault_Handler                                 src\startup.o
I2C1_ER_IRQHandler                                src\startup.o
I2C1_EV_IRQHandler                                src\startup.o
I2C2_ER_IRQHandler                                src\startup.o
I2C2_EV_IRQHandler                                src\startup.o
I2C3_ER_IRQHandler                                src\startup.o
I2C3_EV_IRQHandler                                src\startup.o
LCD_ClearLine                                     ..\Libraries\libsGUI.a(text.o)
LCD_DisplayCharLine                               ..\Libraries\libsGUI.a(text.o)
LCD_DisplayCharXY                                 ..\Libraries\libsGUI.a(text.o)
LCD_DisplayStringCenterLine                       ..\Libraries\libsGUI.a(text.o)
LCD_DisplayStringLine                             ..\Libraries\libsGUI.a(text.o)
LCD_DisplayStringXY                               ..\Libraries\libsGUI.a(text.o)
                                                  src\main.o
LCD_DrawCircle                                    ..\Libraries\libsGUI.a(geometry.o)
LCD_DrawLine                                      ..\Libraries\libsGUI.a(geometry.o)
LCD_DrawRect                                      ..\Libraries\libsGUI.a(geometry.o)
LCD_DrawRectF                                     ..\Libraries\libsGUI.a(geometry.o)
                                                  ..\Libraries\libsGUI.a(text.o)
LCD_GetFont                                       ..\Libraries\libsGUI.a(text.o)
LCD_GetLineCount                                  ..\Libraries\libsGUI.a(text.o)
LCD_SetBackColor                                  ..\Libraries\libsGUI.a(text.o)
LCD_SetFont                                       ..\Libraries\libsGUI.a(text.o)
                                                  src\main.o
LCD_SetTextColor                                  ..\Libraries\libsGUI.a(text.o)
MemManage_Handler                                 src\startup.o
Muxtex_Can_Rx                                     src\main.o
Muxtex_Can_Tx                                     src\main.o
Muxtex_Display                                    src\main.o
Muxtex_Foederband_Links                           src\main.o
Muxtex_Foederband_Mitte                           src\main.o
Muxtex_Foederband_Rechts                          src\main.o
Muxtex_Roboter_Links                              src\main.o
Muxtex_Roboter_Rechts                             src\main.o
Muxtex_Shifter                                    src\main.o
NMI_Handler                                       src\startup.o
NVIC_Init                                         ..\Libraries\libBSP.a(misc.o)
                                                  ..\Libraries\libBSP.a(can.o)
NVIC_PriorityGroupConfig                          ..\Libraries\libBSP.a(misc.o)
                                                  src\main.o
NVIC_SetVectorTable                               ..\Libraries\libBSP.a(misc.o)
NVIC_SystemLPConfig                               ..\Libraries\libBSP.a(misc.o)
OTG_FS_IRQHandler                                 src\startup.o
OTG_FS_WKUP_IRQHandler                            src\startup.o
OTG_HS_EP1_IN_IRQHandler                          src\startup.o
OTG_HS_EP1_OUT_IRQHandler                         src\startup.o
OTG_HS_IRQHandler                                 src\startup.o
OTG_HS_WKUP_IRQHandler                            src\startup.o
PVD_IRQHandler                                    src\startup.o
PendSV_Handler                                    ..\Libraries\libFreeRTOS.a(port.o)
                                                  src\startup.o
Queue_Can_Rx                                      src\main.o
RCC_AHB1PeriphClockCmd                            ..\Libraries\libBSP.a(stm32f4xx_rcc.o)
                                                  ..\Libraries\libBSP.a(carme.o)
RCC_AHB1PeriphClockLPModeCmd                      ..\Libraries\libBSP.a(stm32f4xx_rcc.o)
RCC_AHB1PeriphResetCmd                            ..\Libraries\libBSP.a(stm32f4xx_rcc.o)
                                                  ..\Libraries\libBSP.a(stm32f4xx_gpio.o)
RCC_AHB2PeriphClockCmd                            ..\Libraries\libBSP.a(stm32f4xx_rcc.o)
RCC_AHB2PeriphClockLPModeCmd                      ..\Libraries\libBSP.a(stm32f4xx_rcc.o)
RCC_AHB2PeriphResetCmd                            ..\Libraries\libBSP.a(stm32f4xx_rcc.o)
RCC_AHB3PeriphClockCmd                            ..\Libraries\libBSP.a(stm32f4xx_rcc.o)
                                                  ..\Libraries\libBSP.a(carme.o)
RCC_AHB3PeriphClockLPModeCmd                      ..\Libraries\libBSP.a(stm32f4xx_rcc.o)
RCC_AHB3PeriphResetCmd                            ..\Libraries\libBSP.a(stm32f4xx_rcc.o)
RCC_APB1PeriphClockCmd                            ..\Libraries\libBSP.a(stm32f4xx_rcc.o)
RCC_APB1PeriphClockLPModeCmd                      ..\Libraries\libBSP.a(stm32f4xx_rcc.o)
RCC_APB1PeriphResetCmd                            ..\Libraries\libBSP.a(stm32f4xx_rcc.o)
                                                  ..\Libraries\libBSP.a(stm32f4xx_usart.o)
RCC_APB2PeriphClockCmd                            ..\Libraries\libBSP.a(stm32f4xx_rcc.o)
                                                  ..\Libraries\libBSP.a(carme.o)
RCC_APB2PeriphClockLPModeCmd                      ..\Libraries\libBSP.a(stm32f4xx_rcc.o)
RCC_APB2PeriphResetCmd                            ..\Libraries\libBSP.a(stm32f4xx_rcc.o)
                                                  ..\Libraries\libBSP.a(stm32f4xx_syscfg.o)
                                                  ..\Libraries\libBSP.a(stm32f4xx_usart.o)
RCC_AdjustHSICalibrationValue                     ..\Libraries\libBSP.a(stm32f4xx_rcc.o)
RCC_BackupResetCmd                                ..\Libraries\libBSP.a(stm32f4xx_rcc.o)
RCC_ClearFlag                                     ..\Libraries\libBSP.a(stm32f4xx_rcc.o)
RCC_ClearITPendingBit                             ..\Libraries\libBSP.a(stm32f4xx_rcc.o)
RCC_ClockSecuritySystemCmd                        ..\Libraries\libBSP.a(stm32f4xx_rcc.o)
RCC_DeInit                                        ..\Libraries\libBSP.a(stm32f4xx_rcc.o)
RCC_GetClocksFreq                                 ..\Libraries\libBSP.a(stm32f4xx_rcc.o)
                                                  ..\Libraries\libBSP.a(stm32f4xx_usart.o)
RCC_GetFlagStatus                                 ..\Libraries\libBSP.a(stm32f4xx_rcc.o)
RCC_GetITStatus                                   ..\Libraries\libBSP.a(stm32f4xx_rcc.o)
RCC_GetSYSCLKSource                               ..\Libraries\libBSP.a(stm32f4xx_rcc.o)
RCC_HCLKConfig                                    ..\Libraries\libBSP.a(stm32f4xx_rcc.o)
RCC_HSEConfig                                     ..\Libraries\libBSP.a(stm32f4xx_rcc.o)
RCC_HSICmd                                        ..\Libraries\libBSP.a(stm32f4xx_rcc.o)
RCC_I2SCLKConfig                                  ..\Libraries\libBSP.a(stm32f4xx_rcc.o)
RCC_IRQHandler                                    src\startup.o
RCC_ITConfig                                      ..\Libraries\libBSP.a(stm32f4xx_rcc.o)
RCC_LSEConfig                                     ..\Libraries\libBSP.a(stm32f4xx_rcc.o)
RCC_LSICmd                                        ..\Libraries\libBSP.a(stm32f4xx_rcc.o)
RCC_LTDCCLKDivConfig                              ..\Libraries\libBSP.a(stm32f4xx_rcc.o)
RCC_MCO1Config                                    ..\Libraries\libBSP.a(stm32f4xx_rcc.o)
RCC_MCO2Config                                    ..\Libraries\libBSP.a(stm32f4xx_rcc.o)
RCC_PCLK1Config                                   ..\Libraries\libBSP.a(stm32f4xx_rcc.o)
RCC_PCLK2Config                                   ..\Libraries\libBSP.a(stm32f4xx_rcc.o)
RCC_PLLCmd                                        ..\Libraries\libBSP.a(stm32f4xx_rcc.o)
RCC_PLLConfig                                     ..\Libraries\libBSP.a(stm32f4xx_rcc.o)
RCC_PLLI2SCmd                                     ..\Libraries\libBSP.a(stm32f4xx_rcc.o)
RCC_PLLI2SConfig                                  ..\Libraries\libBSP.a(stm32f4xx_rcc.o)
RCC_PLLSAICmd                                     ..\Libraries\libBSP.a(stm32f4xx_rcc.o)
RCC_PLLSAIConfig                                  ..\Libraries\libBSP.a(stm32f4xx_rcc.o)
RCC_RTCCLKCmd                                     ..\Libraries\libBSP.a(stm32f4xx_rcc.o)
RCC_RTCCLKConfig                                  ..\Libraries\libBSP.a(stm32f4xx_rcc.o)
RCC_SAIBlockACLKConfig                            ..\Libraries\libBSP.a(stm32f4xx_rcc.o)
RCC_SAIBlockBCLKConfig                            ..\Libraries\libBSP.a(stm32f4xx_rcc.o)
RCC_SAIPLLI2SClkDivConfig                         ..\Libraries\libBSP.a(stm32f4xx_rcc.o)
RCC_SAIPLLSAIClkDivConfig                         ..\Libraries\libBSP.a(stm32f4xx_rcc.o)
RCC_SYSCLKConfig                                  ..\Libraries\libBSP.a(stm32f4xx_rcc.o)
RCC_TIMCLKPresConfig                              ..\Libraries\libBSP.a(stm32f4xx_rcc.o)
RCC_WaitForHSEStartUp                             ..\Libraries\libBSP.a(stm32f4xx_rcc.o)
RTC_Alarm_IRQHandler                              src\startup.o
RTC_WKUP_IRQHandler                               src\startup.o
Reset_Handler                                     src\startup.o
RobLinks                                          src\main.o
RobRechts                                         src\main.o
SDIO_IRQHandler                                   src\startup.o
SPI1_IRQHandler                                   src\startup.o
SPI2_IRQHandler                                   src\startup.o
SPI3_IRQHandler                                   src\startup.o
SSD1963_DisplayOff                                ..\Libraries\libBSP.a(ssd1963.o)
SSD1963_DisplayOn                                 ..\Libraries\libBSP.a(ssd1963.o)
SSD1963_EnterSleepMode                            ..\Libraries\libBSP.a(ssd1963.o)
SSD1963_ExitSleepMode                             ..\Libraries\libBSP.a(ssd1963.o)
SSD1963_FillArea                                  ..\Libraries\libBSP.a(ssd1963.o)
                                                  ..\Libraries\libsGUI.a(geometry.o)
SSD1963_GetDeviceDescriptorBlock                  ..\Libraries\libBSP.a(ssd1963.o)
SSD1963_Init                                      ..\Libraries\libBSP.a(ssd1963.o)
                                                  src\main.o
SSD1963_LLD_Init                                  ..\Libraries\libBSP.a(ssd1963_lld.o)
                                                  ..\Libraries\libBSP.a(ssd1963.o)
SSD1963_ReadData                                  ..\Libraries\libBSP.a(ssd1963_lld.o)
                                                  ..\Libraries\libBSP.a(ssd1963.o)
SSD1963_ReadPixel                                 ..\Libraries\libBSP.a(ssd1963.o)
SSD1963_SetArea                                   ..\Libraries\libBSP.a(ssd1963.o)
SSD1963_SetTearingCfg                             ..\Libraries\libBSP.a(ssd1963.o)
SSD1963_WriteArea                                 ..\Libraries\libBSP.a(ssd1963.o)
                                                  ..\Libraries\libsGUI.a(text.o)
SSD1963_WriteCommand                              ..\Libraries\libBSP.a(ssd1963_lld.o)
                                                  ..\Libraries\libBSP.a(ssd1963.o)
SSD1963_WriteData                                 ..\Libraries\libBSP.a(ssd1963_lld.o)
                                                  ..\Libraries\libBSP.a(ssd1963.o)
SSD1963_WritePixel                                ..\Libraries\libBSP.a(ssd1963.o)
                                                  ..\Libraries\libsGUI.a(geometry.o)
SVC_Handler                                       ..\Libraries\libFreeRTOS.a(port.o)
                                                  src\startup.o
SYSCFG_CompensationCellCmd                        ..\Libraries\libBSP.a(stm32f4xx_syscfg.o)
SYSCFG_DeInit                                     ..\Libraries\libBSP.a(stm32f4xx_syscfg.o)
SYSCFG_ETH_MediaInterfaceConfig                   ..\Libraries\libBSP.a(stm32f4xx_syscfg.o)
SYSCFG_EXTILineConfig                             ..\Libraries\libBSP.a(stm32f4xx_syscfg.o)
                                                  ..\Libraries\libBSP.a(can.o)
SYSCFG_GetCompensationCellStatus                  ..\Libraries\libBSP.a(stm32f4xx_syscfg.o)
SYSCFG_MemoryRemapConfig                          ..\Libraries\libBSP.a(stm32f4xx_syscfg.o)
SYSCFG_MemorySwappingBank                         ..\Libraries\libBSP.a(stm32f4xx_syscfg.o)
Shifter                                           src\main.o
SysTick_CLKSourceConfig                           ..\Libraries\libBSP.a(misc.o)
SysTick_Handler                                   ..\Libraries\libFreeRTOS.a(port.o)
                                                  src\startup.o
SystemCoreClock                                   ..\Libraries\libBSP.a(system_stm32f4xx.o)
                                                  ..\Libraries\libFreeRTOS.a(port.o)
SystemCoreClockUpdate                             ..\Libraries\libBSP.a(system_stm32f4xx.o)
SystemInit                                        ..\Libraries\libBSP.a(system_stm32f4xx.o)
                                                  src\startup.o
TAMP_STAMP_IRQHandler                             src\startup.o
TIM1_BRK_TIM9_IRQHandler                          src\startup.o
TIM1_CC_IRQHandler                                src\startup.o
TIM1_TRG_COM_TIM11_IRQHandler                     src\startup.o
TIM1_UP_TIM10_IRQHandler                          src\startup.o
TIM2_IRQHandler                                   src\startup.o
TIM3_IRQHandler                                   src\startup.o
TIM4_IRQHandler                                   src\startup.o
TIM5_IRQHandler                                   src\startup.o
TIM6_DAC_IRQHandler                               src\startup.o
TIM7_IRQHandler                                   src\startup.o
TIM8_BRK_TIM12_IRQHandler                         src\startup.o
TIM8_CC_IRQHandler                                src\startup.o
TIM8_TRG_COM_TIM14_IRQHandler                     src\startup.o
TIM8_UP_TIM13_IRQHandler                          src\startup.o
Take_Semaphore                                    src\main.o
Task1Name                                         src\main.o
Task2Name                                         src\main.o
Task3Name                                         src\main.o
TestTask                                          src\main.o
TextColor                                         ..\Libraries\libsGUI.a(text.o)
UART4_IRQHandler                                  src\startup.o
UART5_IRQHandler                                  src\startup.o
USART1_IRQHandler                                 src\startup.o
USART2_IRQHandler                                 src\startup.o
USART3_IRQHandler                                 src\startup.o
USART6_IRQHandler                                 src\startup.o
USART_ClearFlag                                   ..\Libraries\libBSP.a(stm32f4xx_usart.o)
USART_ClearITPendingBit                           ..\Libraries\libBSP.a(stm32f4xx_usart.o)
USART_ClockInit                                   ..\Libraries\libBSP.a(stm32f4xx_usart.o)
USART_ClockStructInit                             ..\Libraries\libBSP.a(stm32f4xx_usart.o)
USART_Cmd                                         ..\Libraries\libBSP.a(stm32f4xx_usart.o)
USART_DMACmd                                      ..\Libraries\libBSP.a(stm32f4xx_usart.o)
USART_DeInit                                      ..\Libraries\libBSP.a(stm32f4xx_usart.o)
USART_GetFlagStatus                               ..\Libraries\libBSP.a(stm32f4xx_usart.o)
                                                  src\syscalls.o
USART_GetITStatus                                 ..\Libraries\libBSP.a(stm32f4xx_usart.o)
USART_HalfDuplexCmd                               ..\Libraries\libBSP.a(stm32f4xx_usart.o)
USART_ITConfig                                    ..\Libraries\libBSP.a(stm32f4xx_usart.o)
USART_Init                                        ..\Libraries\libBSP.a(stm32f4xx_usart.o)
USART_IrDACmd                                     ..\Libraries\libBSP.a(stm32f4xx_usart.o)
USART_IrDAConfig                                  ..\Libraries\libBSP.a(stm32f4xx_usart.o)
USART_LINBreakDetectLengthConfig                  ..\Libraries\libBSP.a(stm32f4xx_usart.o)
USART_LINCmd                                      ..\Libraries\libBSP.a(stm32f4xx_usart.o)
USART_OneBitMethodCmd                             ..\Libraries\libBSP.a(stm32f4xx_usart.o)
USART_OverSampling8Cmd                            ..\Libraries\libBSP.a(stm32f4xx_usart.o)
USART_ReceiveData                                 ..\Libraries\libBSP.a(stm32f4xx_usart.o)
                                                  src\syscalls.o